Sep 02 00:49:15 mac snowflake-proxy[863]: 2026/09/01 19:19:15 In the last 1h0m0s, there were 10 completed successful connections. Traffic Relayed ↓ 197939 KB (54.98 KB/s), ↑ 33460 KB (9.29 KB/s).
Sep 02 01:49:15 mac snowflake-proxy[863]: 2026/09/01 20:19:15 In the last 1h0m0s, there were 9 completed successful connections. Traffic Relayed ↓ 139247 KB (38.68 KB/s), ↑ 23378 KB (6.49 KB/s).
Sep 02 02:49:15 mac snowflake-proxy[863]: 2026/09/01 21:19:15 In the last 1h0m0s, there were 5 completed successful connections. Traffic Relayed ↓ 397627 KB (110.45 KB/s), ↑ 38740 KB (10.76 KB/s).
Sep 02 03:49:15 mac snowflake-proxy[863]: 2026/09/01 22:19:15 In the last 1h0m0s, there were 9 completed successful connections. Traffic Relayed ↓ 158136 KB (43.93 KB/s), ↑ 15092 KB (4.19 KB/s).
Sep 02 04:49:15 mac snowflake-proxy[863]: 2026/09/01 23:19:15 In the last 1h0m0s, there were 4 completed successful connections. Traffic Relayed ↓ 20933 KB (5.81 KB/s), ↑ 3060 KB (0.85 KB/s).
Sep 02 05:49:15 mac snowflake-proxy[863]: 2026/09/02 00:19:15 In the last 1h0m0s, there were 6 completed successful connections. Traffic Relayed ↓ 3439 KB (0.96 KB/s), ↑ 1928 KB (0.54 KB/s).
Sep 02 06:49:15 mac snowflake-proxy[863]: 2026/09/02 01:19:15 In the last 1h0m0s, there were 8 completed successful connections. Traffic Relayed ↓ 3868 KB (1.07 KB/s), ↑ 2443 KB (0.68 KB/s).
Sep 02 07:49:15 mac snowflake-proxy[863]: 2026/09/02 02:19:15 In the last 1h0m0s, there were 7 completed successful connections. Traffic Relayed ↓ 19608 KB (5.45 KB/s), ↑ 4766 KB (1.32 KB/s).
Sep 02 08:49:15 mac snowflake-proxy[863]: 2026/09/02 03:19:15 In the last 1h0m0s, there were 7 completed successful connections. Traffic Relayed ↓ 8847 KB (2.46 KB/s), ↑ 2593 KB (0.72 KB/s).
Sep 02 09:49:15 mac snowflake-proxy[863]: 2026/09/02 04:19:15 In the last 1h0m0s, there were 7 completed successful connections. Traffic Relayed ↓ 114758 KB (31.88 KB/s), ↑ 7786 KB (2.16 KB/s).
Sep 02 10:49:15 mac snowflake-proxy[863]: 2026/09/02 05:19:15 In the last 1h0m0s, there were 9 completed successful connections. Traffic Relayed ↓ 105142 KB (29.21 KB/s), ↑ 8306 KB (2.31 KB/s).
Sep 02 11:49:15 mac snowflake-proxy[863]: 2026/09/02 06:19:15 In the last 1h0m0s, there were 7 completed successful connections. Traffic Relayed ↓ 258869 KB (71.91 KB/s), ↑ 16107 KB (4.47 KB/s).
Sep 02 12:49:15 mac snowflake-proxy[863]: 2026/09/02 07:19:15 In the last 1h0m0s, there were 9 completed successful connections. Traffic Relayed ↓ 390885 KB (108.58 KB/s), ↑ 17750 KB (4.93 KB/s).
Sep 02 13:49:15 mac snowflake-proxy[863]: 2026/09/02 08:19:15 In the last 1h0m0s, there were 7 completed successful connections. Traffic Relayed ↓ 89649 KB (24.90 KB/s), ↑ 7475 KB (2.08 KB/s).
Sep 02 13:52:47 mac systemd[1]: /etc/systemd/system/snowflake.service:10: Special user nobody configured, this is not safe!
Sep 02 14:12:11 mac systemd[1]: Stopping Tor Snowflake Proxy...
Sep 02 14:12:11 mac systemd[1]: snowflake.service: Deactivated successfully.
Sep 02 14:12:11 mac systemd[1]: Stopped Tor Snowflake Proxy.
Sep 02 14:12:11 mac systemd[1]: snowflake.service: Consumed 1h 20min 1.692s CPU time over 1d 20h 22min 56.382s wall clock time, 293.7M memory peak.
-- Boot 09e362acf206433380f268bd9b70afc6 --
Sep 02 14:12:37 mac systemd[1]: /etc/systemd/system/snowflake.service:10: Special user nobody configured, this is not safe!
Sep 02 14:12:40 mac systemd[1]: Started Tor Snowflake Proxy.
Sep 02 14:12:40 mac snowflake-proxy[861]: 2026/09/02 14:12:40 Using geoip file  /usr/share/tor/geoip  with checksum b08bfe286dc8f11f29aaceafb6f7ef0f5c771042
Sep 02 14:12:40 mac snowflake-proxy[861]: 2026/09/02 14:12:40 Loaded  385602  entries into table
Sep 02 14:12:40 mac snowflake-proxy[861]: 2026/09/02 14:12:40 Using geoip file  /usr/share/tor/geoip6  with checksum 9d85004fba941079cfe018f0599e6a337c4e45a1
Sep 02 14:12:40 mac snowflake-proxy[861]: 2026/09/02 14:12:40 Loaded  276626  entries into table
Sep 02 14:12:40 mac snowflake-proxy[861]: 2026/09/02 08:42:40 Proxy starting
Sep 02 14:12:40 mac snowflake-proxy[861]: 2026/09/02 08:42:40 NAT type: unknown
Sep 02 15:12:40 mac snowflake-proxy[861]: 2026/09/02 09:42:40 In the last 1h0m0s, there were 24 completed successful connections. Traffic Relayed ↓ 41854 KB (11.63 KB/s), ↑ 9110 KB (2.53 KB/s).
Sep 02 16:12:40 mac snowflake-proxy[861]: 2026/09/02 10:42:40 In the last 1h0m0s, there were 19 completed successful connections. Traffic Relayed ↓ 108764 KB (30.21 KB/s), ↑ 7926 KB (2.20 KB/s).
Sep 02 17:12:40 mac snowflake-proxy[861]: 2026/09/02 11:42:40 In the last 1h0m0s, there were 11 completed successful connections. Traffic Relayed ↓ 421119 KB (116.98 KB/s), ↑ 31259 KB (8.68 KB/s).
Sep 02 18:12:40 mac snowflake-proxy[861]: 2026/09/02 12:42:40 In the last 1h0m0s, there were 8 completed successful connections. Traffic Relayed ↓ 447178 KB (124.22 KB/s), ↑ 27095 KB (7.53 KB/s).
Sep 02 19:12:40 mac snowflake-proxy[861]: 2026/09/02 13:42:40 In the last 1h0m0s, there were 9 completed successful connections. Traffic Relayed ↓ 122406 KB (34.00 KB/s), ↑ 7662 KB (2.13 KB/s).
Sep 02 20:12:40 mac snowflake-proxy[861]: 2026/09/02 14:42:40 In the last 1h0m0s, there were 23 completed successful connections. Traffic Relayed ↓ 203439 KB (56.51 KB/s), ↑ 14629 KB (4.06 KB/s).
Sep 02 21:12:40 mac snowflake-proxy[861]: 2026/09/02 15:42:40 In the last 1h0m0s, there were 12 completed successful connections. Traffic Relayed ↓ 223401 KB (62.06 KB/s), ↑ 13059 KB (3.63 KB/s).
Sep 02 21:23:45 mac systemd[1]: Stopping Tor Snowflake Proxy...
Sep 02 21:23:45 mac systemd[1]: snowflake.service: Deactivated successfully.
Sep 02 21:23:45 mac systemd[1]: Stopped Tor Snowflake Proxy.
Sep 02 21:23:45 mac systemd[1]: snowflake.service: Consumed 16min 34.597s CPU time over 7h 11min 4.724s wall clock time, 321.3M memory peak.
-- Boot 704b8443001147a8acd1d825d4f43be3 --
Sep 02 21:24:11 mac systemd[1]: /etc/systemd/system/snowflake.service:10: Special user nobody configured, this is not safe!
Sep 02 21:24:14 mac systemd[1]: Started Tor Snowflake Proxy.
Sep 02 21:24:14 mac snowflake-proxy[845]: 2026/09/02 21:24:14 Using geoip file  /usr/share/tor/geoip  with checksum b08bfe286dc8f11f29aaceafb6f7ef0f5c771042
Sep 02 21:24:14 mac snowflake-proxy[845]: 2026/09/02 21:24:14 Loaded  385602  entries into table
Sep 02 21:24:14 mac snowflake-proxy[845]: 2026/09/02 21:24:14 Using geoip file  /usr/share/tor/geoip6  with checksum 9d85004fba941079cfe018f0599e6a337c4e45a1
Sep 02 21:24:14 mac snowflake-proxy[845]: 2026/09/02 21:24:14 Loaded  276626  entries into table
Sep 02 21:24:14 mac snowflake-proxy[845]: 2026/09/02 15:54:14 Proxy starting
Sep 02 21:24:14 mac snowflake-proxy[845]: 2026/09/02 15:54:14 NAT type: unknown
Sep 02 21:51:21 mac systemd[1]: Stopping Tor Snowflake Proxy...
Sep 02 21:51:21 mac systemd[1]: snowflake.service: Deactivated successfully.
Sep 02 21:51:21 mac systemd[1]: Stopped Tor Snowflake Proxy.
Sep 02 21:51:21 mac systemd[1]: snowflake.service: Consumed 4.446s CPU time over 27min 6.916s wall clock time, 199.1M memory peak.
