Jul 25 00:02:31 mac snowflake-proxy[845]: 2026/07/24 18:32:31 In the last 1h0m0s, there were 0 completed successful connections. Traffic Relayed ↓ 0 KB (0.00 KB/s), ↑ 0 KB (0.00 KB/s).
Jul 25 01:02:31 mac snowflake-proxy[845]: 2026/07/24 19:32:31 In the last 1h0m0s, there were 0 completed successful connections. Traffic Relayed ↓ 0 KB (0.00 KB/s), ↑ 0 KB (0.00 KB/s).
Jul 25 02:02:31 mac snowflake-proxy[845]: 2026/07/24 20:32:31 In the last 1h0m0s, there were 0 completed successful connections. Traffic Relayed ↓ 0 KB (0.00 KB/s), ↑ 0 KB (0.00 KB/s).
Jul 25 03:02:31 mac snowflake-proxy[845]: 2026/07/24 21:32:31 In the last 1h0m0s, there were 0 completed successful connections. Traffic Relayed ↓ 0 KB (0.00 KB/s), ↑ 0 KB (0.00 KB/s).
Jul 25 04:02:31 mac snowflake-proxy[845]: 2026/07/24 22:32:31 In the last 1h0m0s, there were 0 completed successful connections. Traffic Relayed ↓ 0 KB (0.00 KB/s), ↑ 0 KB (0.00 KB/s).
Jul 25 05:02:31 mac snowflake-proxy[845]: 2026/07/24 23:32:31 In the last 1h0m0s, there were 0 completed successful connections. Traffic Relayed ↓ 0 KB (0.00 KB/s), ↑ 0 KB (0.00 KB/s).
Jul 25 06:02:31 mac snowflake-proxy[845]: 2026/07/25 00:32:31 In the last 1h0m0s, there were 0 completed successful connections. Traffic Relayed ↓ 0 KB (0.00 KB/s), ↑ 0 KB (0.00 KB/s).
Jul 25 07:02:31 mac snowflake-proxy[845]: 2026/07/25 01:32:31 In the last 1h0m0s, there were 0 completed successful connections. Traffic Relayed ↓ 0 KB (0.00 KB/s), ↑ 0 KB (0.00 KB/s).
Jul 25 08:02:31 mac snowflake-proxy[845]: 2026/07/25 02:32:31 In the last 1h0m0s, there were 0 completed successful connections. Traffic Relayed ↓ 0 KB (0.00 KB/s), ↑ 0 KB (0.00 KB/s).
Jul 25 09:02:31 mac snowflake-proxy[845]: 2026/07/25 03:32:31 In the last 1h0m0s, there were 0 completed successful connections. Traffic Relayed ↓ 0 KB (0.00 KB/s), ↑ 0 KB (0.00 KB/s).
Jul 25 10:02:31 mac snowflake-proxy[845]: 2026/07/25 04:32:31 In the last 1h0m0s, there were 0 completed successful connections. Traffic Relayed ↓ 0 KB (0.00 KB/s), ↑ 0 KB (0.00 KB/s).
Jul 25 11:02:31 mac snowflake-proxy[845]: 2026/07/25 05:32:31 In the last 1h0m0s, there were 0 completed successful connections. Traffic Relayed ↓ 0 KB (0.00 KB/s), ↑ 0 KB (0.00 KB/s).
Jul 25 12:02:31 mac snowflake-proxy[845]: 2026/07/25 06:32:31 In the last 1h0m0s, there were 0 completed successful connections. Traffic Relayed ↓ 0 KB (0.00 KB/s), ↑ 0 KB (0.00 KB/s).
Jul 25 13:02:31 mac snowflake-proxy[845]: 2026/07/25 07:32:31 In the last 1h0m0s, there were 0 completed successful connections. Traffic Relayed ↓ 0 KB (0.00 KB/s), ↑ 0 KB (0.00 KB/s).
Jul 25 14:02:31 mac snowflake-proxy[845]: 2026/07/25 08:32:31 In the last 1h0m0s, there were 0 completed successful connections. Traffic Relayed ↓ 0 KB (0.00 KB/s), ↑ 0 KB (0.00 KB/s).
Jul 25 15:02:31 mac snowflake-proxy[845]: 2026/07/25 09:32:31 In the last 1h0m0s, there were 0 completed successful connections. Traffic Relayed ↓ 0 KB (0.00 KB/s), ↑ 0 KB (0.00 KB/s).
Jul 25 16:02:31 mac snowflake-proxy[845]: 2026/07/25 10:32:31 In the last 1h0m0s, there were 0 completed successful connections. Traffic Relayed ↓ 0 KB (0.00 KB/s), ↑ 0 KB (0.00 KB/s).
Jul 25 17:02:31 mac snowflake-proxy[845]: 2026/07/25 11:32:31 In the last 1h0m0s, there were 0 completed successful connections. Traffic Relayed ↓ 0 KB (0.00 KB/s), ↑ 0 KB (0.00 KB/s).
Jul 25 17:53:31 mac systemd[1]: /etc/systemd/system/snowflake.service:10: Special user nobody configured, this is not safe!
Jul 25 17:55:28 mac systemd[1]: Stopping Tor Snowflake Proxy...
Jul 25 17:55:28 mac systemd[1]: snowflake.service: Deactivated successfully.
Jul 25 17:55:28 mac systemd[1]: Stopped Tor Snowflake Proxy.
Jul 25 17:55:28 mac systemd[1]: snowflake.service: Consumed 31min 47.366s CPU time over 2d 2h 52min 56.979s wall clock time, 261M memory peak.
-- Boot 030602b30c1047698db3a0d4c4aa6bf6 --
Jul 25 17:56:33 mac systemd[1]: /etc/systemd/system/snowflake.service:10: Special user nobody configured, this is not safe!
Jul 25 17:56:36 mac systemd[1]: Started Tor Snowflake Proxy.
Jul 25 17:56:36 mac snowflake-proxy[853]: 2026/07/25 17:56:36 Using geoip file  /usr/share/tor/geoip  with checksum b08bfe286dc8f11f29aaceafb6f7ef0f5c771042
Jul 25 17:56:36 mac snowflake-proxy[853]: 2026/07/25 17:56:36 Loaded  385602  entries into table
Jul 25 17:56:36 mac snowflake-proxy[853]: 2026/07/25 17:56:36 Using geoip file  /usr/share/tor/geoip6  with checksum 9d85004fba941079cfe018f0599e6a337c4e45a1
Jul 25 17:56:36 mac snowflake-proxy[853]: 2026/07/25 17:56:36 Loaded  276626  entries into table
Jul 25 17:56:36 mac snowflake-proxy[853]: 2026/07/25 12:26:36 Proxy starting
Jul 25 17:56:36 mac snowflake-proxy[853]: 2026/07/25 12:26:36 NAT type: unknown
Jul 25 18:56:36 mac snowflake-proxy[853]: 2026/07/25 13:26:36 In the last 1h0m0s, there were 0 completed successful connections. Traffic Relayed ↓ 0 KB (0.00 KB/s), ↑ 0 KB (0.00 KB/s).
Jul 25 19:56:36 mac snowflake-proxy[853]: 2026/07/25 14:26:36 In the last 1h0m0s, there were 0 completed successful connections. Traffic Relayed ↓ 0 KB (0.00 KB/s), ↑ 0 KB (0.00 KB/s).
Jul 25 20:56:36 mac snowflake-proxy[853]: 2026/07/25 15:26:36 In the last 1h0m0s, there were 0 completed successful connections. Traffic Relayed ↓ 0 KB (0.00 KB/s), ↑ 0 KB (0.00 KB/s).
Jul 25 21:56:36 mac snowflake-proxy[853]: 2026/07/25 16:26:36 In the last 1h0m0s, there were 0 completed successful connections. Traffic Relayed ↓ 0 KB (0.00 KB/s), ↑ 0 KB (0.00 KB/s).
Jul 25 22:56:36 mac snowflake-proxy[853]: 2026/07/25 17:26:36 In the last 1h0m0s, there were 0 completed successful connections. Traffic Relayed ↓ 0 KB (0.00 KB/s), ↑ 0 KB (0.00 KB/s).
Jul 25 23:56:36 mac snowflake-proxy[853]: 2026/07/25 18:26:36 In the last 1h0m0s, there were 0 completed successful connections. Traffic Relayed ↓ 0 KB (0.00 KB/s), ↑ 0 KB (0.00 KB/s).
