Sep 09 05:26:25 mac systemd[1]: /etc/systemd/system/snowflake.service:10: Special user nobody configured, this is not safe!
Sep 09 05:26:28 mac systemd[1]: Started Tor Snowflake Proxy.
Sep 09 05:26:28 mac snowflake-proxy[864]: 2026/09/09 05:26:28 Using geoip file  /usr/share/tor/geoip  with checksum b08bfe286dc8f11f29aaceafb6f7ef0f5c771042
Sep 09 05:26:28 mac snowflake-proxy[864]: 2026/09/09 05:26:28 Loaded  385602  entries into table
Sep 09 05:26:28 mac snowflake-proxy[864]: 2026/09/09 05:26:28 Using geoip file  /usr/share/tor/geoip6  with checksum 9d85004fba941079cfe018f0599e6a337c4e45a1
Sep 09 05:26:28 mac snowflake-proxy[864]: 2026/09/09 05:26:28 Loaded  276626  entries into table
Sep 09 05:26:28 mac snowflake-proxy[864]: 2026/09/08 23:56:28 Proxy starting
Sep 09 05:26:28 mac snowflake-proxy[864]: 2026/09/08 23:56:28 NAT type: unknown
Sep 09 05:27:40 mac systemd[1]: /etc/systemd/system/snowflake.service:10: Special user nobody configured, this is not safe!
Sep 09 06:26:28 mac snowflake-proxy[864]: 2026/09/09 00:56:28 In the last 1h0m0s, there were 15 completed successful connections. Traffic Relayed ↓ 455413 KB (126.50 KB/s), ↑ 25745 KB (7.15 KB/s).
Sep 09 07:26:28 mac snowflake-proxy[864]: 2026/09/09 01:56:28 In the last 1h0m0s, there were 10 completed successful connections. Traffic Relayed ↓ 69422 KB (19.28 KB/s), ↑ 5236 KB (1.45 KB/s).
Sep 09 08:26:28 mac snowflake-proxy[864]: 2026/09/09 02:56:28 In the last 1h0m0s, there were 21 completed successful connections. Traffic Relayed ↓ 224983 KB (62.50 KB/s), ↑ 30086 KB (8.36 KB/s).
Sep 09 09:26:28 mac snowflake-proxy[864]: 2026/09/09 03:56:28 In the last 1h0m0s, there were 9 completed successful connections. Traffic Relayed ↓ 213681 KB (59.36 KB/s), ↑ 15686 KB (4.36 KB/s).
Sep 09 10:26:28 mac snowflake-proxy[864]: 2026/09/09 04:56:28 In the last 1h0m0s, there were 18 completed successful connections. Traffic Relayed ↓ 515398 KB (143.17 KB/s), ↑ 30447 KB (8.46 KB/s).
Sep 09 11:26:28 mac snowflake-proxy[864]: 2026/09/09 05:56:28 In the last 1h0m0s, there were 22 completed successful connections. Traffic Relayed ↓ 146100 KB (40.58 KB/s), ↑ 10606 KB (2.95 KB/s).
Sep 09 12:26:28 mac snowflake-proxy[864]: 2026/09/09 06:56:28 In the last 1h0m0s, there were 5 completed successful connections. Traffic Relayed ↓ 368441 KB (102.34 KB/s), ↑ 68347 KB (18.99 KB/s).
Sep 09 13:26:28 mac snowflake-proxy[864]: 2026/09/09 07:56:28 In the last 1h0m0s, there were 17 completed successful connections. Traffic Relayed ↓ 272248 KB (75.62 KB/s), ↑ 22119 KB (6.14 KB/s).
Sep 09 14:01:43 mac systemd[1]: Stopping Tor Snowflake Proxy...
Sep 09 14:01:43 mac systemd[1]: snowflake.service: Deactivated successfully.
Sep 09 14:01:43 mac systemd[1]: Stopped Tor Snowflake Proxy.
Sep 09 14:01:43 mac systemd[1]: snowflake.service: Consumed 22min 18.324s CPU time over 8h 35min 15.316s wall clock time, 308.3M memory peak.
-- Boot c80de0beb98742788400ae75da471756 --
Sep 09 14:02:10 mac systemd[1]: /etc/systemd/system/snowflake.service:10: Special user nobody configured, this is not safe!
Sep 09 14:02:13 mac systemd[1]: Started Tor Snowflake Proxy.
Sep 09 14:02:13 mac snowflake-proxy[871]: 2026/09/09 14:02:13 Using geoip file  /usr/share/tor/geoip  with checksum 94c903bff0a9829dc196cf81a1de0a1e109c400a
Sep 09 14:02:13 mac snowflake-proxy[871]: 2026/09/09 14:02:13 Loaded  394564  entries into table
Sep 09 14:02:14 mac snowflake-proxy[871]: 2026/09/09 14:02:14 Using geoip file  /usr/share/tor/geoip6  with checksum ed5f65080783d72b37e028b25010b58a23433afb
Sep 09 14:02:14 mac snowflake-proxy[871]: 2026/09/09 14:02:14 Loaded  280835  entries into table
Sep 09 14:02:14 mac snowflake-proxy[871]: 2026/09/09 08:32:14 Proxy starting
Sep 09 14:02:14 mac snowflake-proxy[871]: 2026/09/09 08:32:14 NAT type: unknown
Sep 09 15:02:14 mac snowflake-proxy[871]: 2026/09/09 09:32:14 In the last 1h0m0s, there were 11 completed successful connections. Traffic Relayed ↓ 89926 KB (24.98 KB/s), ↑ 8260 KB (2.29 KB/s).
Sep 09 16:02:14 mac snowflake-proxy[871]: 2026/09/09 10:32:14 In the last 1h0m0s, there were 14 completed successful connections. Traffic Relayed ↓ 120528 KB (33.48 KB/s), ↑ 15382 KB (4.27 KB/s).
Sep 09 17:02:14 mac snowflake-proxy[871]: 2026/09/09 11:32:14 In the last 1h0m0s, there were 15 completed successful connections. Traffic Relayed ↓ 74140 KB (20.59 KB/s), ↑ 12533 KB (3.48 KB/s).
Sep 09 18:02:14 mac snowflake-proxy[871]: 2026/09/09 12:32:14 In the last 1h0m0s, there were 17 completed successful connections. Traffic Relayed ↓ 625995 KB (173.89 KB/s), ↑ 35540 KB (9.87 KB/s).
Sep 09 19:02:14 mac snowflake-proxy[871]: 2026/09/09 13:32:14 In the last 1h0m0s, there were 10 completed successful connections. Traffic Relayed ↓ 113536 KB (31.54 KB/s), ↑ 7727 KB (2.15 KB/s).
Sep 09 20:02:14 mac snowflake-proxy[871]: 2026/09/09 14:32:14 In the last 1h0m0s, there were 23 completed successful connections. Traffic Relayed ↓ 7718 KB (2.14 KB/s), ↑ 4581 KB (1.27 KB/s).
Sep 09 21:02:14 mac snowflake-proxy[871]: 2026/09/09 15:32:14 In the last 1h0m0s, there were 23 completed successful connections. Traffic Relayed ↓ 34375 KB (9.55 KB/s), ↑ 4273 KB (1.19 KB/s).
Sep 09 22:02:14 mac snowflake-proxy[871]: 2026/09/09 16:32:14 In the last 1h0m0s, there were 16 completed successful connections. Traffic Relayed ↓ 62257 KB (17.29 KB/s), ↑ 5488 KB (1.52 KB/s).
Sep 09 23:02:14 mac snowflake-proxy[871]: 2026/09/09 17:32:14 In the last 1h0m0s, there were 17 completed successful connections. Traffic Relayed ↓ 36039 KB (10.01 KB/s), ↑ 5647 KB (1.57 KB/s).
