Oct 01 00:58:57 mac snowflake-proxy[820]: 2026/09/30 19:28:57 In the last 1h0m0s, there were 16 completed successful connections. Traffic Relayed ↓ 167592 KB (46.55 KB/s), ↑ 14318 KB (3.98 KB/s).
Oct 01 01:58:57 mac snowflake-proxy[820]: 2026/09/30 20:28:57 In the last 1h0m0s, there were 16 completed successful connections. Traffic Relayed ↓ 216355 KB (60.10 KB/s), ↑ 35681 KB (9.91 KB/s).
Oct 01 02:58:57 mac snowflake-proxy[820]: 2026/09/30 21:28:57 In the last 1h0m0s, there were 13 completed successful connections. Traffic Relayed ↓ 207351 KB (57.60 KB/s), ↑ 22905 KB (6.36 KB/s).
Oct 01 03:58:57 mac snowflake-proxy[820]: 2026/09/30 22:28:57 In the last 1h0m0s, there were 17 completed successful connections. Traffic Relayed ↓ 115100 KB (31.97 KB/s), ↑ 7695 KB (2.14 KB/s).
Oct 01 04:58:57 mac snowflake-proxy[820]: 2026/09/30 23:28:57 In the last 1h0m0s, there were 12 completed successful connections. Traffic Relayed ↓ 50825 KB (14.12 KB/s), ↑ 5254 KB (1.46 KB/s).
Oct 01 05:34:50 mac systemd[1]: /etc/systemd/system/snowflake.service:10: Special user nobody configured, this is not safe!
Oct 01 05:58:57 mac snowflake-proxy[820]: 2026/10/01 00:28:57 In the last 1h0m0s, there were 19 completed successful connections. Traffic Relayed ↓ 238629 KB (66.29 KB/s), ↑ 10535 KB (2.93 KB/s).
Oct 01 06:58:57 mac snowflake-proxy[820]: 2026/10/01 01:28:57 In the last 1h0m0s, there were 17 completed successful connections. Traffic Relayed ↓ 83563 KB (23.21 KB/s), ↑ 8262 KB (2.29 KB/s).
Oct 01 07:58:57 mac snowflake-proxy[820]: 2026/10/01 02:28:57 In the last 1h0m0s, there were 10 completed successful connections. Traffic Relayed ↓ 140301 KB (38.97 KB/s), ↑ 15821 KB (4.39 KB/s).
Oct 01 08:58:57 mac snowflake-proxy[820]: 2026/10/01 03:28:57 In the last 1h0m0s, there were 2 completed successful connections. Traffic Relayed ↓ 74839 KB (20.79 KB/s), ↑ 5564 KB (1.55 KB/s).
Oct 01 09:58:57 mac snowflake-proxy[820]: 2026/10/01 04:28:57 In the last 1h0m0s, there were 3 completed successful connections. Traffic Relayed ↓ 170490 KB (47.36 KB/s), ↑ 11690 KB (3.25 KB/s).
Oct 01 10:58:57 mac snowflake-proxy[820]: 2026/10/01 05:28:57 In the last 1h0m0s, there were 4 completed successful connections. Traffic Relayed ↓ 321567 KB (89.32 KB/s), ↑ 18836 KB (5.23 KB/s).
Oct 01 11:58:57 mac snowflake-proxy[820]: 2026/10/01 06:28:57 In the last 1h0m0s, there were 9 completed successful connections. Traffic Relayed ↓ 352493 KB (97.91 KB/s), ↑ 21142 KB (5.87 KB/s).
Oct 01 12:58:57 mac snowflake-proxy[820]: 2026/10/01 07:28:57 In the last 1h0m0s, there were 18 completed successful connections. Traffic Relayed ↓ 225895 KB (62.75 KB/s), ↑ 22787 KB (6.33 KB/s).
Oct 01 13:58:57 mac snowflake-proxy[820]: 2026/10/01 08:28:57 In the last 1h0m0s, there were 8 completed successful connections. Traffic Relayed ↓ 181445 KB (50.40 KB/s), ↑ 10495 KB (2.92 KB/s).
Oct 01 14:58:57 mac snowflake-proxy[820]: 2026/10/01 09:28:57 In the last 1h0m0s, there were 12 completed successful connections. Traffic Relayed ↓ 252465 KB (70.13 KB/s), ↑ 15249 KB (4.24 KB/s).
Oct 01 15:58:57 mac snowflake-proxy[820]: 2026/10/01 10:28:57 In the last 1h0m0s, there were 15 completed successful connections. Traffic Relayed ↓ 108141 KB (30.04 KB/s), ↑ 12525 KB (3.48 KB/s).
Oct 01 16:17:46 mac systemd[1]: /etc/systemd/system/snowflake.service:10: Special user nobody configured, this is not safe!
Oct 01 16:21:12 mac systemd[1]: Stopping Tor Snowflake Proxy...
Oct 01 16:21:12 mac systemd[1]: snowflake.service: Deactivated successfully.
Oct 01 16:21:12 mac systemd[1]: Stopped Tor Snowflake Proxy.
Oct 01 16:21:12 mac systemd[1]: snowflake.service: Consumed 2h 33min 39.596s CPU time over 3d 9h 22min 15.412s wall clock time, 317.3M memory peak.
-- Boot a8af3f6f22594da3839a389392996236 --
Oct 01 16:21:44 mac systemd[1]: /etc/systemd/system/snowflake.service:10: Special user nobody configured, this is not safe!
Oct 01 16:21:45 mac systemd[1]: Started Tor Snowflake Proxy.
Oct 01 16:21:46 mac snowflake-proxy[824]: 2026/10/01 16:21:46 Using geoip file  /usr/share/tor/geoip  with checksum d808637d11a40bf92a85a168f95373ea9e20ecb6
Oct 01 16:21:46 mac snowflake-proxy[824]: 2026/10/01 16:21:46 Loaded  395632  entries into table
Oct 01 16:21:46 mac snowflake-proxy[824]: 2026/10/01 16:21:46 Using geoip file  /usr/share/tor/geoip6  with checksum d301b38708390ddad728bb2e4b2750b7d5b880ee
Oct 01 16:21:46 mac snowflake-proxy[824]: 2026/10/01 16:21:46 Loaded  281454  entries into table
Oct 01 16:21:46 mac snowflake-proxy[824]: 2026/10/01 10:51:46 Proxy starting
Oct 01 16:21:46 mac snowflake-proxy[824]: 2026/10/01 10:51:46 NAT type: unknown
Oct 01 17:21:46 mac snowflake-proxy[824]: 2026/10/01 11:51:46 In the last 1h0m0s, there were 20 completed successful connections. Traffic Relayed ↓ 59749 KB (16.60 KB/s), ↑ 9201 KB (2.56 KB/s).
Oct 01 18:21:46 mac snowflake-proxy[824]: 2026/10/01 12:51:46 In the last 1h0m0s, there were 18 completed successful connections. Traffic Relayed ↓ 33831 KB (9.40 KB/s), ↑ 4017 KB (1.12 KB/s).
Oct 01 19:21:46 mac snowflake-proxy[824]: 2026/10/01 13:51:46 In the last 1h0m0s, there were 25 completed successful connections. Traffic Relayed ↓ 307764 KB (85.49 KB/s), ↑ 15953 KB (4.43 KB/s).
Oct 01 20:21:46 mac snowflake-proxy[824]: 2026/10/01 14:51:46 In the last 1h0m0s, there were 18 completed successful connections. Traffic Relayed ↓ 22583 KB (6.27 KB/s), ↑ 6342 KB (1.76 KB/s).
Oct 01 21:21:46 mac snowflake-proxy[824]: 2026/10/01 15:51:46 In the last 1h0m0s, there were 12 completed successful connections. Traffic Relayed ↓ 30191 KB (8.39 KB/s), ↑ 7529 KB (2.09 KB/s).
Oct 01 22:21:46 mac snowflake-proxy[824]: 2026/10/01 16:51:46 In the last 1h0m0s, there were 16 completed successful connections. Traffic Relayed ↓ 41207 KB (11.45 KB/s), ↑ 7330 KB (2.04 KB/s).
Oct 01 23:21:46 mac snowflake-proxy[824]: 2026/10/01 17:51:46 In the last 1h0m0s, there were 9 completed successful connections. Traffic Relayed ↓ 4741 KB (1.32 KB/s), ↑ 1592 KB (0.44 KB/s).
