Jul 26 00:56:36 mac snowflake-proxy[853]: 2026/07/25 19:26:36 In the last 1h0m0s, there were 0 completed successful connections. Traffic Relayed ↓ 0 KB (0.00 KB/s), ↑ 0 KB (0.00 KB/s).
Jul 26 01:56:36 mac snowflake-proxy[853]: 2026/07/25 20:26:36 In the last 1h0m0s, there were 0 completed successful connections. Traffic Relayed ↓ 0 KB (0.00 KB/s), ↑ 0 KB (0.00 KB/s).
Jul 26 02:56:36 mac snowflake-proxy[853]: 2026/07/25 21:26:36 In the last 1h0m0s, there were 0 completed successful connections. Traffic Relayed ↓ 0 KB (0.00 KB/s), ↑ 0 KB (0.00 KB/s).
Jul 26 03:56:36 mac snowflake-proxy[853]: 2026/07/25 22:26:36 In the last 1h0m0s, there were 0 completed successful connections. Traffic Relayed ↓ 0 KB (0.00 KB/s), ↑ 0 KB (0.00 KB/s).
Jul 26 04:56:36 mac snowflake-proxy[853]: 2026/07/25 23:26:36 In the last 1h0m0s, there were 0 completed successful connections. Traffic Relayed ↓ 0 KB (0.00 KB/s), ↑ 0 KB (0.00 KB/s).
Jul 26 05:56:36 mac snowflake-proxy[853]: 2026/07/26 00:26:36 In the last 1h0m0s, there were 0 completed successful connections. Traffic Relayed ↓ 0 KB (0.00 KB/s), ↑ 0 KB (0.00 KB/s).
Jul 26 06:56:36 mac snowflake-proxy[853]: 2026/07/26 01:26:36 In the last 1h0m0s, there were 0 completed successful connections. Traffic Relayed ↓ 0 KB (0.00 KB/s), ↑ 0 KB (0.00 KB/s).
Jul 26 07:29:20 mac systemd[1]: Stopping Tor Snowflake Proxy...
Jul 26 07:29:20 mac systemd[1]: snowflake.service: Deactivated successfully.
Jul 26 07:29:20 mac systemd[1]: Stopped Tor Snowflake Proxy.
Jul 26 07:29:20 mac systemd[1]: snowflake.service: Consumed 1min 29.324s CPU time over 13h 32min 43.389s wall clock time, 189.5M memory peak.
Jul 26 08:09:02 mac systemd[1]: Started Tor Snowflake Proxy.
Jul 26 08:09:03 mac snowflake-proxy[34439]: 2026/07/26 08:09:03 Using geoip file  /usr/share/tor/geoip  with checksum b08bfe286dc8f11f29aaceafb6f7ef0f5c771042
Jul 26 08:09:03 mac snowflake-proxy[34439]: 2026/07/26 08:09:03 Loaded  385602  entries into table
Jul 26 08:09:03 mac snowflake-proxy[34439]: 2026/07/26 08:09:03 Using geoip file  /usr/share/tor/geoip6  with checksum 9d85004fba941079cfe018f0599e6a337c4e45a1
Jul 26 08:09:03 mac snowflake-proxy[34439]: 2026/07/26 08:09:03 Loaded  276626  entries into table
Jul 26 08:09:03 mac snowflake-proxy[34439]: 2026/07/26 02:39:03 Proxy starting
Jul 26 08:09:07 mac systemd[1]: /etc/systemd/system/snowflake.service:10: Special user nobody configured, this is not safe!
Jul 26 08:10:00 mac snowflake-proxy[34439]: 2026/07/26 02:40:00 NAT type: restricted
Jul 26 09:09:03 mac snowflake-proxy[34439]: 2026/07/26 03:39:03 In the last 1h0m0s, there were 0 completed successful connections. Traffic Relayed ↓ 0 KB (0.00 KB/s), ↑ 0 KB (0.00 KB/s).
Jul 26 10:09:03 mac snowflake-proxy[34439]: 2026/07/26 04:39:03 In the last 1h0m0s, there were 0 completed successful connections. Traffic Relayed ↓ 0 KB (0.00 KB/s), ↑ 0 KB (0.00 KB/s).
Jul 26 10:56:18 mac systemd[1]: Stopping Tor Snowflake Proxy...
Jul 26 10:56:18 mac systemd[1]: snowflake.service: Deactivated successfully.
Jul 26 10:56:18 mac systemd[1]: Stopped Tor Snowflake Proxy.
Jul 26 10:56:18 mac systemd[1]: snowflake.service: Consumed 15.613s CPU time over 2h 47min 15.829s wall clock time, 204.5M memory peak.
-- Boot 43800ed33f944368ad3ea5cddef87539 --
Jul 26 10:56:39 mac systemd[1]: /etc/systemd/system/snowflake.service:10: Special user nobody configured, this is not safe!
Jul 26 10:56:42 mac systemd[1]: Started Tor Snowflake Proxy.
Jul 26 10:56:42 mac snowflake-proxy[856]: 2026/07/26 10:56:42 Using geoip file  /usr/share/tor/geoip  with checksum b08bfe286dc8f11f29aaceafb6f7ef0f5c771042
Jul 26 10:56:42 mac snowflake-proxy[856]: 2026/07/26 10:56:42 Loaded  385602  entries into table
Jul 26 10:56:42 mac snowflake-proxy[856]: 2026/07/26 10:56:42 Using geoip file  /usr/share/tor/geoip6  with checksum 9d85004fba941079cfe018f0599e6a337c4e45a1
Jul 26 10:56:42 mac snowflake-proxy[856]: 2026/07/26 10:56:42 Loaded  276626  entries into table
Jul 26 10:56:42 mac snowflake-proxy[856]: 2026/07/26 05:26:42 Proxy starting
Jul 26 10:56:42 mac snowflake-proxy[856]: 2026/07/26 05:26:42 NAT type: unknown
Jul 26 11:56:42 mac snowflake-proxy[856]: 2026/07/26 06:26:42 In the last 1h0m0s, there were 0 completed successful connections. Traffic Relayed ↓ 0 KB (0.00 KB/s), ↑ 0 KB (0.00 KB/s).
Jul 26 12:00:34 mac systemd[1]: Stopping Tor Snowflake Proxy...
Jul 26 12:00:34 mac systemd[1]: snowflake.service: Deactivated successfully.
Jul 26 12:00:34 mac systemd[1]: Stopped Tor Snowflake Proxy.
Jul 26 12:00:34 mac systemd[1]: snowflake.service: Consumed 5.119s CPU time over 1h 3min 51.413s wall clock time, 210.4M memory peak.
-- Boot 0f8c6de84d48432fbf8403dff4a6e901 --
Jul 26 12:00:57 mac systemd[1]: /etc/systemd/system/snowflake.service:10: Special user nobody configured, this is not safe!
Jul 26 12:01:00 mac systemd[1]: Started Tor Snowflake Proxy.
Jul 26 12:01:00 mac snowflake-proxy[855]: 2026/07/26 12:01:00 Using geoip file  /usr/share/tor/geoip  with checksum b08bfe286dc8f11f29aaceafb6f7ef0f5c771042
Jul 26 12:01:00 mac snowflake-proxy[855]: 2026/07/26 12:01:00 Loaded  385602  entries into table
Jul 26 12:01:00 mac snowflake-proxy[855]: 2026/07/26 12:01:00 Using geoip file  /usr/share/tor/geoip6  with checksum 9d85004fba941079cfe018f0599e6a337c4e45a1
Jul 26 12:01:00 mac snowflake-proxy[855]: 2026/07/26 12:01:00 Loaded  276626  entries into table
Jul 26 12:01:00 mac snowflake-proxy[855]: 2026/07/26 06:31:00 Proxy starting
Jul 26 12:01:00 mac snowflake-proxy[855]: 2026/07/26 06:31:00 NAT type: unknown
Jul 26 13:01:00 mac snowflake-proxy[855]: 2026/07/26 07:31:00 In the last 1h0m0s, there were 0 completed successful connections. Traffic Relayed ↓ 0 KB (0.00 KB/s), ↑ 0 KB (0.00 KB/s).
Jul 26 14:01:00 mac snowflake-proxy[855]: 2026/07/26 08:31:00 In the last 1h0m0s, there were 0 completed successful connections. Traffic Relayed ↓ 0 KB (0.00 KB/s), ↑ 0 KB (0.00 KB/s).
Jul 26 15:01:00 mac snowflake-proxy[855]: 2026/07/26 09:31:00 In the last 1h0m0s, there were 0 completed successful connections. Traffic Relayed ↓ 0 KB (0.00 KB/s), ↑ 0 KB (0.00 KB/s).
Jul 26 16:01:00 mac snowflake-proxy[855]: 2026/07/26 10:31:00 In the last 1h0m0s, there were 0 completed successful connections. Traffic Relayed ↓ 0 KB (0.00 KB/s), ↑ 0 KB (0.00 KB/s).
Jul 26 17:01:00 mac snowflake-proxy[855]: 2026/07/26 11:31:00 In the last 1h0m0s, there were 0 completed successful connections. Traffic Relayed ↓ 0 KB (0.00 KB/s), ↑ 0 KB (0.00 KB/s).
Jul 26 18:01:00 mac snowflake-proxy[855]: 2026/07/26 12:31:00 In the last 1h0m0s, there were 0 completed successful connections. Traffic Relayed ↓ 0 KB (0.00 KB/s), ↑ 0 KB (0.00 KB/s).
Jul 26 19:01:00 mac snowflake-proxy[855]: 2026/07/26 13:31:00 In the last 1h0m0s, there were 0 completed successful connections. Traffic Relayed ↓ 0 KB (0.00 KB/s), ↑ 0 KB (0.00 KB/s).
Jul 26 20:01:01 mac snowflake-proxy[855]: 2026/07/26 14:31:01 In the last 1h0m0s, there were 0 completed successful connections. Traffic Relayed ↓ 0 KB (0.00 KB/s), ↑ 0 KB (0.00 KB/s).
Jul 26 21:01:01 mac snowflake-proxy[855]: 2026/07/26 15:31:01 In the last 1h0m0s, there were 0 completed successful connections. Traffic Relayed ↓ 0 KB (0.00 KB/s), ↑ 0 KB (0.00 KB/s).
Jul 26 21:49:25 mac systemd[1]: Stopping Tor Snowflake Proxy...
Jul 26 21:49:25 mac systemd[1]: snowflake.service: Deactivated successfully.
Jul 26 21:49:25 mac systemd[1]: Stopped Tor Snowflake Proxy.
Jul 26 21:49:25 mac systemd[1]: snowflake.service: Consumed 36.765s CPU time over 9h 48min 25.204s wall clock time, 181.7M memory peak.
