Sep 04 00:06:25 mac snowflake-proxy[865]: 2026/09/03 18:36:25 In the last 1h0m0s, there were 14 completed successful connections. Traffic Relayed ↓ 239171 KB (66.44 KB/s), ↑ 24533 KB (6.81 KB/s).
Sep 04 01:06:25 mac snowflake-proxy[865]: 2026/09/03 19:36:25 In the last 1h0m0s, there were 12 completed successful connections. Traffic Relayed ↓ 302162 KB (83.93 KB/s), ↑ 27139 KB (7.54 KB/s).
Sep 04 02:06:25 mac snowflake-proxy[865]: 2026/09/03 20:36:25 In the last 1h0m0s, there were 14 completed successful connections. Traffic Relayed ↓ 61386 KB (17.05 KB/s), ↑ 15538 KB (4.32 KB/s).
Sep 04 03:06:25 mac snowflake-proxy[865]: 2026/09/03 21:36:25 In the last 1h0m0s, there were 7 completed successful connections. Traffic Relayed ↓ 54148 KB (15.04 KB/s), ↑ 10205 KB (2.83 KB/s).
Sep 04 04:06:25 mac snowflake-proxy[865]: 2026/09/03 22:36:25 In the last 1h0m0s, there were 20 completed successful connections. Traffic Relayed ↓ 245807 KB (68.28 KB/s), ↑ 20715 KB (5.75 KB/s).
Sep 04 05:06:25 mac snowflake-proxy[865]: 2026/09/03 23:36:25 In the last 1h0m0s, there were 7 completed successful connections. Traffic Relayed ↓ 1362661 KB (378.52 KB/s), ↑ 63191 KB (17.55 KB/s).
Sep 04 06:06:25 mac snowflake-proxy[865]: 2026/09/04 00:36:25 In the last 1h0m0s, there were 7 completed successful connections. Traffic Relayed ↓ 1139663 KB (316.57 KB/s), ↑ 54507 KB (15.14 KB/s).
Sep 04 06:12:04 mac systemd[1]: Stopping Tor Snowflake Proxy...
Sep 04 06:12:04 mac systemd[1]: snowflake.service: Deactivated successfully.
Sep 04 06:12:04 mac systemd[1]: Stopped Tor Snowflake Proxy.
Sep 04 06:12:04 mac systemd[1]: snowflake.service: Consumed 57min 48.237s CPU time over 22h 5min 39.463s wall clock time, 327.1M memory peak.
-- Boot 031d47c220144178a7e1ac4e0c294224 --
Sep 04 06:12:27 mac systemd[1]: /etc/systemd/system/snowflake.service:10: Special user nobody configured, this is not safe!
Sep 04 06:12:30 mac systemd[1]: Started Tor Snowflake Proxy.
Sep 04 06:12:30 mac snowflake-proxy[866]: 2026/09/04 06:12:30 Using geoip file  /usr/share/tor/geoip  with checksum b08bfe286dc8f11f29aaceafb6f7ef0f5c771042
Sep 04 06:12:30 mac snowflake-proxy[866]: 2026/09/04 06:12:30 Loaded  385602  entries into table
Sep 04 06:12:31 mac snowflake-proxy[866]: 2026/09/04 06:12:31 Using geoip file  /usr/share/tor/geoip6  with checksum 9d85004fba941079cfe018f0599e6a337c4e45a1
Sep 04 06:12:31 mac snowflake-proxy[866]: 2026/09/04 06:12:31 Loaded  276626  entries into table
Sep 04 06:12:31 mac snowflake-proxy[866]: 2026/09/04 00:42:31 Proxy starting
Sep 04 06:12:31 mac snowflake-proxy[866]: 2026/09/04 00:42:31 NAT type: unknown
Sep 04 07:12:31 mac snowflake-proxy[866]: 2026/09/04 01:42:31 In the last 1h0m0s, there were 8 completed successful connections. Traffic Relayed ↓ 760 KB (0.21 KB/s), ↑ 358 KB (0.10 KB/s).
Sep 04 08:12:31 mac snowflake-proxy[866]: 2026/09/04 02:42:31 In the last 1h0m0s, there were 31 completed successful connections. Traffic Relayed ↓ 108373 KB (30.10 KB/s), ↑ 9142 KB (2.54 KB/s).
Sep 04 09:12:31 mac snowflake-proxy[866]: 2026/09/04 03:42:31 In the last 1h0m0s, there were 20 completed successful connections. Traffic Relayed ↓ 114181 KB (31.72 KB/s), ↑ 17012 KB (4.73 KB/s).
Sep 04 10:12:31 mac snowflake-proxy[866]: 2026/09/04 04:42:31 In the last 1h0m0s, there were 19 completed successful connections. Traffic Relayed ↓ 298194 KB (82.83 KB/s), ↑ 36219 KB (10.06 KB/s).
Sep 04 11:12:31 mac snowflake-proxy[866]: 2026/09/04 05:42:31 In the last 1h0m0s, there were 21 completed successful connections. Traffic Relayed ↓ 70950 KB (19.71 KB/s), ↑ 6382 KB (1.77 KB/s).
Sep 04 12:12:31 mac snowflake-proxy[866]: 2026/09/04 06:42:31 In the last 1h0m0s, there were 9 completed successful connections. Traffic Relayed ↓ 223122 KB (61.98 KB/s), ↑ 20124 KB (5.59 KB/s).
Sep 04 13:12:31 mac snowflake-proxy[866]: 2026/09/04 07:42:31 In the last 1h0m0s, there were 10 completed successful connections. Traffic Relayed ↓ 129204 KB (35.89 KB/s), ↑ 25041 KB (6.96 KB/s).
Sep 04 14:12:31 mac snowflake-proxy[866]: 2026/09/04 08:42:31 In the last 1h0m0s, there were 5 completed successful connections. Traffic Relayed ↓ 156108 KB (43.36 KB/s), ↑ 25164 KB (6.99 KB/s).
Sep 04 15:12:31 mac snowflake-proxy[866]: 2026/09/04 09:42:31 In the last 1h0m0s, there were 15 completed successful connections. Traffic Relayed ↓ 21235 KB (5.90 KB/s), ↑ 5070 KB (1.41 KB/s).
Sep 04 15:57:58 mac systemd[1]: Stopping Tor Snowflake Proxy...
Sep 04 15:57:58 mac systemd[1]: snowflake.service: Deactivated successfully.
Sep 04 15:57:58 mac systemd[1]: Stopped Tor Snowflake Proxy.
Sep 04 15:57:58 mac systemd[1]: snowflake.service: Consumed 16min 18.343s CPU time over 9h 45min 27.847s wall clock time, 291.2M memory peak.
-- Boot 51dbbd00d2a446a99a2362df7a63cf39 --
Sep 04 15:58:21 mac systemd[1]: /etc/systemd/system/snowflake.service:10: Special user nobody configured, this is not safe!
Sep 04 15:58:24 mac systemd[1]: Started Tor Snowflake Proxy.
Sep 04 15:58:24 mac snowflake-proxy[809]: 2026/09/04 15:58:24 Using geoip file  /usr/share/tor/geoip  with checksum b08bfe286dc8f11f29aaceafb6f7ef0f5c771042
Sep 04 15:58:24 mac snowflake-proxy[809]: 2026/09/04 15:58:24 Loaded  385602  entries into table
Sep 04 15:58:24 mac snowflake-proxy[809]: 2026/09/04 15:58:24 Using geoip file  /usr/share/tor/geoip6  with checksum 9d85004fba941079cfe018f0599e6a337c4e45a1
Sep 04 15:58:24 mac snowflake-proxy[809]: 2026/09/04 15:58:24 Loaded  276626  entries into table
Sep 04 15:58:24 mac snowflake-proxy[809]: 2026/09/04 10:28:24 Proxy starting
Sep 04 15:58:24 mac snowflake-proxy[809]: 2026/09/04 10:28:24 NAT type: unknown
Sep 04 16:58:24 mac snowflake-proxy[809]: 2026/09/04 11:28:24 In the last 1h0m0s, there were 22 completed successful connections. Traffic Relayed ↓ 111390 KB (30.94 KB/s), ↑ 11875 KB (3.30 KB/s).
Sep 04 17:58:24 mac snowflake-proxy[809]: 2026/09/04 12:28:24 In the last 1h0m0s, there were 12 completed successful connections. Traffic Relayed ↓ 117599 KB (32.67 KB/s), ↑ 10205 KB (2.83 KB/s).
Sep 04 18:58:24 mac snowflake-proxy[809]: 2026/09/04 13:28:24 In the last 1h0m0s, there were 13 completed successful connections. Traffic Relayed ↓ 27616 KB (7.67 KB/s), ↑ 5213 KB (1.45 KB/s).
Sep 04 19:58:24 mac snowflake-proxy[809]: 2026/09/04 14:28:24 In the last 1h0m0s, there were 16 completed successful connections. Traffic Relayed ↓ 92307 KB (25.64 KB/s), ↑ 16577 KB (4.60 KB/s).
Sep 04 20:58:24 mac snowflake-proxy[809]: 2026/09/04 15:28:24 In the last 1h0m0s, there were 13 completed successful connections. Traffic Relayed ↓ 146197 KB (40.61 KB/s), ↑ 13894 KB (3.86 KB/s).
Sep 04 21:08:48 mac systemd[1]: Stopping Tor Snowflake Proxy...
Sep 04 21:08:48 mac systemd[1]: snowflake.service: Deactivated successfully.
Sep 04 21:08:48 mac systemd[1]: Stopped Tor Snowflake Proxy.
Sep 04 21:08:48 mac systemd[1]: snowflake.service: Consumed 8min 16.582s CPU time over 5h 10min 24.165s wall clock time, 308.6M memory peak.
