Aug 21 00:16:56 mac snowflake-proxy[876]: 2026/08/20 18:46:56 In the last 1h0m0s, there were 7 completed successful connections. Traffic Relayed ↓ 218826 KB (60.78 KB/s), ↑ 21378 KB (5.94 KB/s).
Aug 21 01:16:56 mac snowflake-proxy[876]: 2026/08/20 19:46:56 In the last 1h0m0s, there were 12 completed successful connections. Traffic Relayed ↓ 267681 KB (74.36 KB/s), ↑ 22786 KB (6.33 KB/s).
Aug 21 02:16:56 mac snowflake-proxy[876]: 2026/08/20 20:46:56 In the last 1h0m0s, there were 7 completed successful connections. Traffic Relayed ↓ 274985 KB (76.38 KB/s), ↑ 20337 KB (5.65 KB/s).
Aug 21 03:16:56 mac snowflake-proxy[876]: 2026/08/20 21:46:56 In the last 1h0m0s, there were 4 completed successful connections. Traffic Relayed ↓ 167064 KB (46.41 KB/s), ↑ 12153 KB (3.38 KB/s).
Aug 21 04:16:56 mac snowflake-proxy[876]: 2026/08/20 22:46:56 In the last 1h0m0s, there were 8 completed successful connections. Traffic Relayed ↓ 255760 KB (71.04 KB/s), ↑ 21735 KB (6.04 KB/s).
Aug 21 05:16:56 mac snowflake-proxy[876]: 2026/08/20 23:46:56 In the last 1h0m0s, there were 15 completed successful connections. Traffic Relayed ↓ 122358 KB (33.99 KB/s), ↑ 8145 KB (2.26 KB/s).
Aug 21 06:16:56 mac snowflake-proxy[876]: 2026/08/21 00:46:56 In the last 1h0m0s, there were 11 completed successful connections. Traffic Relayed ↓ 869464 KB (241.52 KB/s), ↑ 40052 KB (11.13 KB/s).
Aug 21 07:16:56 mac snowflake-proxy[876]: 2026/08/21 01:46:56 In the last 1h0m0s, there were 1 completed successful connections. Traffic Relayed ↓ 483015 KB (134.17 KB/s), ↑ 23462 KB (6.52 KB/s).
Aug 21 08:16:56 mac snowflake-proxy[876]: 2026/08/21 02:46:56 In the last 1h0m0s, there were 7 completed successful connections. Traffic Relayed ↓ 291732 KB (81.04 KB/s), ↑ 12690 KB (3.52 KB/s).
Aug 21 09:16:56 mac snowflake-proxy[876]: 2026/08/21 03:46:56 In the last 1h0m0s, there were 13 completed successful connections. Traffic Relayed ↓ 160776 KB (44.66 KB/s), ↑ 9235 KB (2.57 KB/s).
Aug 21 10:16:56 mac snowflake-proxy[876]: 2026/08/21 04:46:56 In the last 1h0m0s, there were 4 completed successful connections. Traffic Relayed ↓ 397205 KB (110.33 KB/s), ↑ 27359 KB (7.60 KB/s).
Aug 21 11:16:56 mac snowflake-proxy[876]: 2026/08/21 05:46:56 In the last 1h0m0s, there were 12 completed successful connections. Traffic Relayed ↓ 425502 KB (118.19 KB/s), ↑ 29971 KB (8.33 KB/s).
Aug 21 12:16:56 mac snowflake-proxy[876]: 2026/08/21 06:46:56 In the last 1h0m0s, there were 8 completed successful connections. Traffic Relayed ↓ 420335 KB (116.76 KB/s), ↑ 30106 KB (8.36 KB/s).
Aug 21 13:16:56 mac snowflake-proxy[876]: 2026/08/21 07:46:56 In the last 1h0m0s, there were 18 completed successful connections. Traffic Relayed ↓ 179715 KB (49.92 KB/s), ↑ 20610 KB (5.72 KB/s).
Aug 21 14:16:56 mac snowflake-proxy[876]: 2026/08/21 08:46:56 In the last 1h0m0s, there were 25 completed successful connections. Traffic Relayed ↓ 55522 KB (15.42 KB/s), ↑ 7290 KB (2.02 KB/s).
Aug 21 15:16:56 mac snowflake-proxy[876]: 2026/08/21 09:46:56 In the last 1h0m0s, there were 21 completed successful connections. Traffic Relayed ↓ 106895 KB (29.69 KB/s), ↑ 13182 KB (3.66 KB/s).
Aug 21 16:16:56 mac snowflake-proxy[876]: 2026/08/21 10:46:56 In the last 1h0m0s, there were 20 completed successful connections. Traffic Relayed ↓ 136489 KB (37.91 KB/s), ↑ 17038 KB (4.73 KB/s).
Aug 21 17:16:56 mac snowflake-proxy[876]: 2026/08/21 11:46:56 In the last 1h0m0s, there were 11 completed successful connections. Traffic Relayed ↓ 237532 KB (65.98 KB/s), ↑ 22356 KB (6.21 KB/s).
Aug 21 18:16:56 mac snowflake-proxy[876]: 2026/08/21 12:46:56 In the last 1h0m0s, there were 12 completed successful connections. Traffic Relayed ↓ 130456 KB (36.24 KB/s), ↑ 14844 KB (4.12 KB/s).
Aug 21 19:16:56 mac snowflake-proxy[876]: 2026/08/21 13:46:56 In the last 1h0m0s, there were 14 completed successful connections. Traffic Relayed ↓ 9128 KB (2.54 KB/s), ↑ 3806 KB (1.06 KB/s).
Aug 21 20:16:56 mac snowflake-proxy[876]: 2026/08/21 14:46:56 In the last 1h0m0s, there were 16 completed successful connections. Traffic Relayed ↓ 74933 KB (20.81 KB/s), ↑ 7178 KB (1.99 KB/s).
Aug 21 21:16:56 mac snowflake-proxy[876]: 2026/08/21 15:46:56 In the last 1h0m0s, there were 4 completed successful connections. Traffic Relayed ↓ 55915 KB (15.53 KB/s), ↑ 7398 KB (2.06 KB/s).
Aug 21 21:18:36 mac systemd[1]: Stopping Tor Snowflake Proxy...
Aug 21 21:18:36 mac systemd[1]: snowflake.service: Deactivated successfully.
Aug 21 21:18:36 mac systemd[1]: Stopped Tor Snowflake Proxy.
Aug 21 21:18:36 mac systemd[1]: snowflake.service: Consumed 1h 27min 36.090s CPU time over 1d 16h 1min 40.361s wall clock time, 319.1M memory peak, 70M memory swap peak.
