Aug 30 06:24:29 mac systemd[1]: /etc/systemd/system/snowflake.service:10: Special user nobody configured, this is not safe!
Aug 30 06:24:32 mac systemd[1]: Started Tor Snowflake Proxy.
Aug 30 06:24:32 mac snowflake-proxy[865]: 2026/08/30 06:24:32 Using geoip file  /usr/share/tor/geoip  with checksum b08bfe286dc8f11f29aaceafb6f7ef0f5c771042
Aug 30 06:24:32 mac snowflake-proxy[865]: 2026/08/30 06:24:32 Loaded  385602  entries into table
Aug 30 06:24:32 mac snowflake-proxy[865]: 2026/08/30 06:24:32 Using geoip file  /usr/share/tor/geoip6  with checksum 9d85004fba941079cfe018f0599e6a337c4e45a1
Aug 30 06:24:32 mac snowflake-proxy[865]: 2026/08/30 06:24:32 Loaded  276626  entries into table
Aug 30 06:24:32 mac snowflake-proxy[865]: 2026/08/30 00:54:32 Proxy starting
Aug 30 06:24:32 mac snowflake-proxy[865]: 2026/08/30 00:54:32 NAT type: unknown
Aug 30 07:24:32 mac snowflake-proxy[865]: 2026/08/30 01:54:32 In the last 1h0m0s, there were 20 completed successful connections. Traffic Relayed ↓ 297784 KB (82.72 KB/s), ↑ 26015 KB (7.23 KB/s).
Aug 30 08:24:32 mac snowflake-proxy[865]: 2026/08/30 02:54:32 In the last 1h0m0s, there were 19 completed successful connections. Traffic Relayed ↓ 508040 KB (141.12 KB/s), ↑ 30122 KB (8.37 KB/s).
Aug 30 09:24:32 mac snowflake-proxy[865]: 2026/08/30 03:54:32 In the last 1h0m0s, there were 24 completed successful connections. Traffic Relayed ↓ 435548 KB (120.99 KB/s), ↑ 24129 KB (6.70 KB/s).
Aug 30 10:24:32 mac snowflake-proxy[865]: 2026/08/30 04:54:32 In the last 1h0m0s, there were 18 completed successful connections. Traffic Relayed ↓ 27622 KB (7.67 KB/s), ↑ 2840 KB (0.79 KB/s).
Aug 30 11:24:32 mac snowflake-proxy[865]: 2026/08/30 05:54:32 In the last 1h0m0s, there were 26 completed successful connections. Traffic Relayed ↓ 96552 KB (26.82 KB/s), ↑ 6511 KB (1.81 KB/s).
Aug 30 12:24:32 mac snowflake-proxy[865]: 2026/08/30 06:54:32 In the last 1h0m0s, there were 10 completed successful connections. Traffic Relayed ↓ 78963 KB (21.93 KB/s), ↑ 5703 KB (1.58 KB/s).
Aug 30 13:24:32 mac snowflake-proxy[865]: 2026/08/30 07:54:32 In the last 1h0m0s, there were 19 completed successful connections. Traffic Relayed ↓ 16110 KB (4.47 KB/s), ↑ 5725 KB (1.59 KB/s).
Aug 30 14:24:32 mac snowflake-proxy[865]: 2026/08/30 08:54:32 In the last 1h0m0s, there were 15 completed successful connections. Traffic Relayed ↓ 32266 KB (8.96 KB/s), ↑ 6767 KB (1.88 KB/s).
Aug 30 15:24:32 mac snowflake-proxy[865]: 2026/08/30 09:54:32 In the last 1h0m0s, there were 11 completed successful connections. Traffic Relayed ↓ 20712 KB (5.75 KB/s), ↑ 5174 KB (1.44 KB/s).
Aug 30 16:24:32 mac snowflake-proxy[865]: 2026/08/30 10:54:32 In the last 1h0m0s, there were 9 completed successful connections. Traffic Relayed ↓ 57103 KB (15.86 KB/s), ↑ 4289 KB (1.19 KB/s).
Aug 30 17:24:32 mac snowflake-proxy[865]: 2026/08/30 11:54:32 In the last 1h0m0s, there were 13 completed successful connections. Traffic Relayed ↓ 17691 KB (4.91 KB/s), ↑ 4674 KB (1.30 KB/s).
Aug 30 18:24:32 mac snowflake-proxy[865]: 2026/08/30 12:54:32 In the last 1h0m0s, there were 16 completed successful connections. Traffic Relayed ↓ 89384 KB (24.83 KB/s), ↑ 9822 KB (2.73 KB/s).
Aug 30 19:24:32 mac snowflake-proxy[865]: 2026/08/30 13:54:32 In the last 1h0m0s, there were 9 completed successful connections. Traffic Relayed ↓ 564818 KB (156.89 KB/s), ↑ 38356 KB (10.65 KB/s).
Aug 30 20:24:32 mac snowflake-proxy[865]: 2026/08/30 14:54:32 In the last 1h0m0s, there were 8 completed successful connections. Traffic Relayed ↓ 1008730 KB (280.20 KB/s), ↑ 52523 KB (14.59 KB/s).
Aug 30 21:24:32 mac snowflake-proxy[865]: 2026/08/30 15:54:32 In the last 1h0m0s, there were 7 completed successful connections. Traffic Relayed ↓ 79985 KB (22.22 KB/s), ↑ 9991 KB (2.78 KB/s).
Aug 30 22:24:32 mac snowflake-proxy[865]: 2026/08/30 16:54:32 In the last 1h0m0s, there were 8 completed successful connections. Traffic Relayed ↓ 27402 KB (7.61 KB/s), ↑ 3847 KB (1.07 KB/s).
Aug 30 23:24:32 mac snowflake-proxy[865]: 2026/08/30 17:54:32 In the last 1h0m0s, there were 21 completed successful connections. Traffic Relayed ↓ 20745 KB (5.76 KB/s), ↑ 4302 KB (1.20 KB/s).
