Jul 29 06:01:01 mac systemd[1]: /etc/systemd/system/snowflake.service:10: Special user nobody configured, this is not safe!
Jul 29 06:01:04 mac systemd[1]: Started Tor Snowflake Proxy.
Jul 29 06:01:04 mac snowflake-proxy[869]: 2026/07/29 06:01:04 Using geoip file  /usr/share/tor/geoip  with checksum b08bfe286dc8f11f29aaceafb6f7ef0f5c771042
Jul 29 06:01:04 mac snowflake-proxy[869]: 2026/07/29 06:01:04 Loaded  385602  entries into table
Jul 29 06:01:05 mac snowflake-proxy[869]: 2026/07/29 06:01:05 Using geoip file  /usr/share/tor/geoip6  with checksum 9d85004fba941079cfe018f0599e6a337c4e45a1
Jul 29 06:01:05 mac snowflake-proxy[869]: 2026/07/29 06:01:05 Loaded  276626  entries into table
Jul 29 06:01:05 mac snowflake-proxy[869]: 2026/07/29 00:31:05 Proxy starting
Jul 29 06:01:05 mac snowflake-proxy[869]: 2026/07/29 00:31:05 NAT type: unknown
Jul 29 06:01:56 mac systemd[1]: /etc/systemd/system/snowflake.service:10: Special user nobody configured, this is not safe!
Jul 29 06:45:49 mac systemd[1]: /etc/systemd/system/snowflake.service:10: Special user nobody configured, this is not safe!
Jul 29 06:46:06 mac systemd[1]: /etc/systemd/system/snowflake.service:10: Special user nobody configured, this is not safe!
Jul 29 06:50:15 mac systemd[1]: Stopping Tor Snowflake Proxy...
Jul 29 06:50:15 mac systemd[1]: snowflake.service: Deactivated successfully.
Jul 29 06:50:15 mac systemd[1]: Stopped Tor Snowflake Proxy.
Jul 29 06:50:15 mac systemd[1]: snowflake.service: Consumed 24.524s CPU time over 49min 10.943s wall clock time, 214.1M memory peak, 2.9M memory swap peak.
-- Boot e224b05ac5a04f9f8d594cfc37345d7b --
Jul 29 06:50:36 mac systemd[1]: /etc/systemd/system/snowflake.service:10: Special user nobody configured, this is not safe!
Jul 29 06:50:39 mac systemd[1]: Started Tor Snowflake Proxy.
Jul 29 06:50:39 mac snowflake-proxy[808]: 2026/07/29 06:50:39 Using geoip file  /usr/share/tor/geoip  with checksum b08bfe286dc8f11f29aaceafb6f7ef0f5c771042
Jul 29 06:50:39 mac snowflake-proxy[808]: 2026/07/29 06:50:39 Loaded  385602  entries into table
Jul 29 06:50:39 mac snowflake-proxy[808]: 2026/07/29 06:50:39 Using geoip file  /usr/share/tor/geoip6  with checksum 9d85004fba941079cfe018f0599e6a337c4e45a1
Jul 29 06:50:39 mac snowflake-proxy[808]: 2026/07/29 06:50:39 Loaded  276626  entries into table
Jul 29 06:50:39 mac snowflake-proxy[808]: 2026/07/29 01:20:39 Proxy starting
Jul 29 06:50:39 mac snowflake-proxy[808]: 2026/07/29 01:20:39 NAT type: unknown
Jul 29 07:03:13 mac systemd[1]: /etc/systemd/system/snowflake.service:10: Special user nobody configured, this is not safe!
Jul 29 07:50:39 mac snowflake-proxy[808]: 2026/07/29 02:20:39 In the last 1h0m0s, there were 17 completed successful connections. Traffic Relayed ↓ 11062 KB (3.07 KB/s), ↑ 2067 KB (0.57 KB/s).
Jul 29 08:50:39 mac snowflake-proxy[808]: 2026/07/29 03:20:39 In the last 1h0m0s, there were 20 completed successful connections. Traffic Relayed ↓ 166967 KB (46.38 KB/s), ↑ 12824 KB (3.56 KB/s).
Jul 29 09:50:39 mac snowflake-proxy[808]: 2026/07/29 04:20:39 In the last 1h0m0s, there were 17 completed successful connections. Traffic Relayed ↓ 78654 KB (21.85 KB/s), ↑ 5488 KB (1.52 KB/s).
Jul 29 10:50:39 mac snowflake-proxy[808]: 2026/07/29 05:20:39 In the last 1h0m0s, there were 12 completed successful connections. Traffic Relayed ↓ 18823 KB (5.23 KB/s), ↑ 4035 KB (1.12 KB/s).
Jul 29 11:50:39 mac snowflake-proxy[808]: 2026/07/29 06:20:39 In the last 1h0m0s, there were 19 completed successful connections. Traffic Relayed ↓ 74041 KB (20.57 KB/s), ↑ 6663 KB (1.85 KB/s).
Jul 29 12:50:39 mac snowflake-proxy[808]: 2026/07/29 07:20:39 In the last 1h0m0s, there were 12 completed successful connections. Traffic Relayed ↓ 241453 KB (67.07 KB/s), ↑ 14342 KB (3.98 KB/s).
Jul 29 13:50:39 mac snowflake-proxy[808]: 2026/07/29 08:20:39 In the last 1h0m0s, there were 11 completed successful connections. Traffic Relayed ↓ 1722 KB (0.48 KB/s), ↑ 1010 KB (0.28 KB/s).
Jul 29 14:19:58 mac systemd[1]: Stopping Tor Snowflake Proxy...
Jul 29 14:19:58 mac systemd[1]: snowflake.service: Deactivated successfully.
Jul 29 14:19:58 mac systemd[1]: Stopped Tor Snowflake Proxy.
Jul 29 14:19:58 mac systemd[1]: snowflake.service: Consumed 9min 2.309s CPU time over 7h 29min 18.837s wall clock time, 277.8M memory peak.
-- Boot b39fc4e89bc447769e5f3b253901adaf --
Jul 29 14:20:19 mac systemd[1]: /etc/systemd/system/snowflake.service:10: Special user nobody configured, this is not safe!
Jul 29 14:20:22 mac systemd[1]: Started Tor Snowflake Proxy.
Jul 29 14:20:22 mac snowflake-proxy[842]: 2026/07/29 14:20:22 Using geoip file  /usr/share/tor/geoip  with checksum b08bfe286dc8f11f29aaceafb6f7ef0f5c771042
Jul 29 14:20:22 mac snowflake-proxy[842]: 2026/07/29 14:20:22 Loaded  385602  entries into table
Jul 29 14:20:22 mac snowflake-proxy[842]: 2026/07/29 14:20:22 Using geoip file  /usr/share/tor/geoip6  with checksum 9d85004fba941079cfe018f0599e6a337c4e45a1
Jul 29 14:20:22 mac snowflake-proxy[842]: 2026/07/29 14:20:22 Loaded  276626  entries into table
Jul 29 14:20:22 mac snowflake-proxy[842]: 2026/07/29 08:50:22 Proxy starting
Jul 29 14:20:22 mac snowflake-proxy[842]: 2026/07/29 08:50:22 NAT type: unknown
Jul 29 15:20:22 mac snowflake-proxy[842]: 2026/07/29 09:50:22 In the last 1h0m0s, there were 30 completed successful connections. Traffic Relayed ↓ 40962 KB (11.38 KB/s), ↑ 5570 KB (1.55 KB/s).
Jul 29 16:20:22 mac snowflake-proxy[842]: 2026/07/29 10:50:22 In the last 1h0m0s, there were 13 completed successful connections. Traffic Relayed ↓ 88000 KB (24.44 KB/s), ↑ 22086 KB (6.13 KB/s).
Jul 29 17:20:22 mac snowflake-proxy[842]: 2026/07/29 11:50:22 In the last 1h0m0s, there were 20 completed successful connections. Traffic Relayed ↓ 150153 KB (41.71 KB/s), ↑ 33230 KB (9.23 KB/s).
Jul 29 18:10:12 mac systemd[1]: /etc/systemd/system/snowflake.service:10: Special user nobody configured, this is not safe!
Jul 29 18:10:12 mac systemd[1]: /etc/systemd/system/snowflake.service:10: Special user nobody configured, this is not safe!
Jul 29 18:10:47 mac systemd[1]: /etc/systemd/system/snowflake.service:10: Special user nobody configured, this is not safe!
Jul 29 18:20:22 mac snowflake-proxy[842]: 2026/07/29 12:50:22 In the last 1h0m0s, there were 9 completed successful connections. Traffic Relayed ↓ 358597 KB (99.61 KB/s), ↑ 47359 KB (13.16 KB/s).
Jul 29 19:20:22 mac snowflake-proxy[842]: 2026/07/29 13:50:22 In the last 1h0m0s, there were 22 completed successful connections. Traffic Relayed ↓ 52972 KB (14.71 KB/s), ↑ 10071 KB (2.80 KB/s).
Jul 29 20:20:22 mac snowflake-proxy[842]: 2026/07/29 14:50:22 In the last 1h0m0s, there were 18 completed successful connections. Traffic Relayed ↓ 119710 KB (33.25 KB/s), ↑ 11308 KB (3.14 KB/s).
Jul 29 21:20:22 mac snowflake-proxy[842]: 2026/07/29 15:50:22 In the last 1h0m0s, there were 10 completed successful connections. Traffic Relayed ↓ 76610 KB (21.28 KB/s), ↑ 5902 KB (1.64 KB/s).
Jul 29 22:20:22 mac snowflake-proxy[842]: 2026/07/29 16:50:22 In the last 1h0m0s, there were 24 completed successful connections. Traffic Relayed ↓ 74197 KB (20.61 KB/s), ↑ 7693 KB (2.14 KB/s).
Jul 29 23:20:22 mac snowflake-proxy[842]: 2026/07/29 17:50:22 In the last 1h0m0s, there were 16 completed successful connections. Traffic Relayed ↓ 387705 KB (107.70 KB/s), ↑ 31301 KB (8.69 KB/s).
