Aug 17 06:17:04 mac systemd[1]: /etc/systemd/system/snowflake.service:10: Special user nobody configured, this is not safe!
Aug 17 06:17:06 mac systemd[1]: Started Tor Snowflake Proxy.
Aug 17 06:17:07 mac snowflake-proxy[874]: 2026/08/17 06:17:07 Using geoip file  /usr/share/tor/geoip  with checksum b08bfe286dc8f11f29aaceafb6f7ef0f5c771042
Aug 17 06:17:07 mac snowflake-proxy[874]: 2026/08/17 06:17:07 Loaded  385602  entries into table
Aug 17 06:17:07 mac snowflake-proxy[874]: 2026/08/17 06:17:07 Using geoip file  /usr/share/tor/geoip6  with checksum 9d85004fba941079cfe018f0599e6a337c4e45a1
Aug 17 06:17:07 mac snowflake-proxy[874]: 2026/08/17 06:17:07 Loaded  276626  entries into table
Aug 17 06:17:07 mac snowflake-proxy[874]: 2026/08/17 00:47:07 Proxy starting
Aug 17 06:17:07 mac snowflake-proxy[874]: 2026/08/17 00:47:07 NAT type: unknown
Aug 17 07:00:46 mac systemd[1]: /etc/systemd/system/snowflake.service:10: Special user nobody configured, this is not safe!
Aug 17 07:17:07 mac snowflake-proxy[874]: 2026/08/17 01:47:07 In the last 1h0m0s, there were 26 completed successful connections. Traffic Relayed ↓ 542552 KB (150.71 KB/s), ↑ 25998 KB (7.22 KB/s).
Aug 17 08:17:07 mac snowflake-proxy[874]: 2026/08/17 02:47:07 In the last 1h0m0s, there were 21 completed successful connections. Traffic Relayed ↓ 6297 KB (1.75 KB/s), ↑ 947 KB (0.26 KB/s).
Aug 17 09:17:07 mac snowflake-proxy[874]: 2026/08/17 03:47:07 In the last 1h0m0s, there were 17 completed successful connections. Traffic Relayed ↓ 80797 KB (22.44 KB/s), ↑ 8371 KB (2.33 KB/s).
Aug 17 10:17:07 mac snowflake-proxy[874]: 2026/08/17 04:47:07 In the last 1h0m0s, there were 16 completed successful connections. Traffic Relayed ↓ 100685 KB (27.97 KB/s), ↑ 16981 KB (4.72 KB/s).
Aug 17 11:17:07 mac snowflake-proxy[874]: 2026/08/17 05:47:07 In the last 1h0m0s, there were 11 completed successful connections. Traffic Relayed ↓ 167944 KB (46.65 KB/s), ↑ 30242 KB (8.40 KB/s).
Aug 17 12:17:07 mac snowflake-proxy[874]: 2026/08/17 06:47:07 In the last 1h0m0s, there were 18 completed successful connections. Traffic Relayed ↓ 170908 KB (47.47 KB/s), ↑ 17379 KB (4.83 KB/s).
Aug 17 13:17:07 mac snowflake-proxy[874]: 2026/08/17 07:47:07 In the last 1h0m0s, there were 2 completed successful connections. Traffic Relayed ↓ 79141 KB (21.98 KB/s), ↑ 17068 KB (4.74 KB/s).
Aug 17 14:17:07 mac snowflake-proxy[874]: 2026/08/17 08:47:07 In the last 1h0m0s, there were 4 completed successful connections. Traffic Relayed ↓ 86988 KB (24.16 KB/s), ↑ 14704 KB (4.08 KB/s).
Aug 17 15:17:07 mac snowflake-proxy[874]: 2026/08/17 09:47:07 In the last 1h0m0s, there were 11 completed successful connections. Traffic Relayed ↓ 87652 KB (24.35 KB/s), ↑ 14102 KB (3.92 KB/s).
Aug 17 16:17:07 mac snowflake-proxy[874]: 2026/08/17 10:47:07 In the last 1h0m0s, there were 3 completed successful connections. Traffic Relayed ↓ 91851 KB (25.51 KB/s), ↑ 20371 KB (5.66 KB/s).
Aug 17 17:17:07 mac snowflake-proxy[874]: 2026/08/17 11:47:07 In the last 1h0m0s, there were 12 completed successful connections. Traffic Relayed ↓ 112756 KB (31.32 KB/s), ↑ 12215 KB (3.39 KB/s).
Aug 17 18:17:07 mac snowflake-proxy[874]: 2026/08/17 12:47:07 In the last 1h0m0s, there were 16 completed successful connections. Traffic Relayed ↓ 113097 KB (31.42 KB/s), ↑ 19887 KB (5.52 KB/s).
Aug 17 19:17:07 mac snowflake-proxy[874]: 2026/08/17 13:47:07 In the last 1h0m0s, there were 11 completed successful connections. Traffic Relayed ↓ 587406 KB (163.17 KB/s), ↑ 34859 KB (9.68 KB/s).
Aug 17 20:17:07 mac snowflake-proxy[874]: 2026/08/17 14:47:07 In the last 1h0m0s, there were 15 completed successful connections. Traffic Relayed ↓ 15042 KB (4.18 KB/s), ↑ 5480 KB (1.52 KB/s).
Aug 17 21:17:07 mac snowflake-proxy[874]: 2026/08/17 15:47:07 In the last 1h0m0s, there were 5 completed successful connections. Traffic Relayed ↓ 58488 KB (16.25 KB/s), ↑ 10152 KB (2.82 KB/s).
Aug 17 22:17:07 mac snowflake-proxy[874]: 2026/08/17 16:47:07 In the last 1h0m0s, there were 13 completed successful connections. Traffic Relayed ↓ 28735 KB (7.98 KB/s), ↑ 12355 KB (3.43 KB/s).
Aug 17 23:17:07 mac snowflake-proxy[874]: 2026/08/17 17:47:07 In the last 1h0m0s, there were 8 completed successful connections. Traffic Relayed ↓ 13560 KB (3.77 KB/s), ↑ 3660 KB (1.02 KB/s).
