Sep 06 07:51:26 mac systemd[1]: /etc/systemd/system/snowflake.service:10: Special user nobody configured, this is not safe!
Sep 06 07:51:29 mac systemd[1]: Started Tor Snowflake Proxy.
Sep 06 07:51:29 mac snowflake-proxy[882]: 2026/09/06 07:51:29 Using geoip file  /usr/share/tor/geoip  with checksum b08bfe286dc8f11f29aaceafb6f7ef0f5c771042
Sep 06 07:51:29 mac snowflake-proxy[882]: 2026/09/06 07:51:29 Loaded  385602  entries into table
Sep 06 07:51:29 mac snowflake-proxy[882]: 2026/09/06 07:51:29 Using geoip file  /usr/share/tor/geoip6  with checksum 9d85004fba941079cfe018f0599e6a337c4e45a1
Sep 06 07:51:29 mac snowflake-proxy[882]: 2026/09/06 07:51:29 Loaded  276626  entries into table
Sep 06 07:51:29 mac snowflake-proxy[882]: 2026/09/06 02:21:29 Proxy starting
Sep 06 07:51:29 mac snowflake-proxy[882]: 2026/09/06 02:21:29 NAT type: unknown
Sep 06 08:51:29 mac snowflake-proxy[882]: 2026/09/06 03:21:29 In the last 1h0m0s, there were 10 completed successful connections. Traffic Relayed ↓ 80745 KB (22.43 KB/s), ↑ 6804 KB (1.89 KB/s).
Sep 06 09:51:29 mac snowflake-proxy[882]: 2026/09/06 04:21:29 In the last 1h0m0s, there were 17 completed successful connections. Traffic Relayed ↓ 86179 KB (23.94 KB/s), ↑ 6303 KB (1.75 KB/s).
Sep 06 10:51:29 mac snowflake-proxy[882]: 2026/09/06 05:21:29 In the last 1h0m0s, there were 12 completed successful connections. Traffic Relayed ↓ 14355 KB (3.99 KB/s), ↑ 2375 KB (0.66 KB/s).
Sep 06 11:51:29 mac snowflake-proxy[882]: 2026/09/06 06:21:29 In the last 1h0m0s, there were 14 completed successful connections. Traffic Relayed ↓ 9762 KB (2.71 KB/s), ↑ 2865 KB (0.80 KB/s).
Sep 06 12:45:30 mac systemd[1]: Stopping Tor Snowflake Proxy...
Sep 06 12:45:30 mac systemd[1]: snowflake.service: Deactivated successfully.
Sep 06 12:45:30 mac systemd[1]: Stopped Tor Snowflake Proxy.
Sep 06 12:45:30 mac systemd[1]: snowflake.service: Consumed 4min 7.294s CPU time over 4h 54min 1.535s wall clock time, 261.7M memory peak.
-- Boot 69c28f1b39674510b92274c1f4a11435 --
Sep 06 12:45:57 mac systemd[1]: /etc/systemd/system/snowflake.service:10: Special user nobody configured, this is not safe!
Sep 06 12:46:00 mac systemd[1]: Started Tor Snowflake Proxy.
Sep 06 12:46:00 mac snowflake-proxy[820]: 2026/09/06 12:46:00 Using geoip file  /usr/share/tor/geoip  with checksum b08bfe286dc8f11f29aaceafb6f7ef0f5c771042
Sep 06 12:46:00 mac snowflake-proxy[820]: 2026/09/06 12:46:00 Loaded  385602  entries into table
Sep 06 12:46:00 mac snowflake-proxy[820]: 2026/09/06 12:46:00 Using geoip file  /usr/share/tor/geoip6  with checksum 9d85004fba941079cfe018f0599e6a337c4e45a1
Sep 06 12:46:00 mac snowflake-proxy[820]: 2026/09/06 12:46:00 Loaded  276626  entries into table
Sep 06 12:46:00 mac snowflake-proxy[820]: 2026/09/06 07:16:00 Proxy starting
Sep 06 12:46:00 mac snowflake-proxy[820]: 2026/09/06 07:16:00 NAT type: unknown
Sep 06 13:46:00 mac snowflake-proxy[820]: 2026/09/06 08:16:00 In the last 1h0m0s, there were 19 completed successful connections. Traffic Relayed ↓ 80660 KB (22.41 KB/s), ↑ 6442 KB (1.79 KB/s).
Sep 06 14:46:00 mac snowflake-proxy[820]: 2026/09/06 09:16:00 In the last 1h0m0s, there were 18 completed successful connections. Traffic Relayed ↓ 32743 KB (9.10 KB/s), ↑ 4312 KB (1.20 KB/s).
Sep 06 15:46:00 mac snowflake-proxy[820]: 2026/09/06 10:16:00 In the last 1h0m0s, there were 20 completed successful connections. Traffic Relayed ↓ 41378 KB (11.49 KB/s), ↑ 7178 KB (1.99 KB/s).
Sep 06 16:46:00 mac snowflake-proxy[820]: 2026/09/06 11:16:00 In the last 1h0m0s, there were 21 completed successful connections. Traffic Relayed ↓ 58404 KB (16.22 KB/s), ↑ 10287 KB (2.86 KB/s).
Sep 06 17:46:00 mac snowflake-proxy[820]: 2026/09/06 12:16:00 In the last 1h0m0s, there were 19 completed successful connections. Traffic Relayed ↓ 29486 KB (8.19 KB/s), ↑ 6307 KB (1.75 KB/s).
Sep 06 18:46:00 mac snowflake-proxy[820]: 2026/09/06 13:16:00 In the last 1h0m0s, there were 11 completed successful connections. Traffic Relayed ↓ 70136 KB (19.48 KB/s), ↑ 6653 KB (1.85 KB/s).
Sep 06 19:46:00 mac snowflake-proxy[820]: 2026/09/06 14:16:00 In the last 1h0m0s, there were 8 completed successful connections. Traffic Relayed ↓ 342171 KB (95.05 KB/s), ↑ 17150 KB (4.76 KB/s).
Sep 06 20:46:00 mac snowflake-proxy[820]: 2026/09/06 15:16:00 In the last 1h0m0s, there were 17 completed successful connections. Traffic Relayed ↓ 120391 KB (33.44 KB/s), ↑ 9120 KB (2.53 KB/s).
Sep 06 21:46:00 mac snowflake-proxy[820]: 2026/09/06 16:16:00 In the last 1h0m0s, there were 16 completed successful connections. Traffic Relayed ↓ 78586 KB (21.83 KB/s), ↑ 35128 KB (9.76 KB/s).
Sep 06 22:46:00 mac snowflake-proxy[820]: 2026/09/06 17:16:00 In the last 1h0m0s, there were 15 completed successful connections. Traffic Relayed ↓ 8871 KB (2.46 KB/s), ↑ 39663 KB (11.02 KB/s).
Sep 06 23:46:00 mac snowflake-proxy[820]: 2026/09/06 18:16:00 In the last 1h0m0s, there were 12 completed successful connections. Traffic Relayed ↓ 10697 KB (2.97 KB/s), ↑ 3111 KB (0.86 KB/s).
