Aug 22 05:08:31 mac systemd[1]: /etc/systemd/system/snowflake.service:10: Special user nobody configured, this is not safe!
Aug 22 05:08:34 mac systemd[1]: Started Tor Snowflake Proxy.
Aug 22 05:08:34 mac snowflake-proxy[880]: 2026/08/22 05:08:34 Using geoip file  /usr/share/tor/geoip  with checksum b08bfe286dc8f11f29aaceafb6f7ef0f5c771042
Aug 22 05:08:34 mac snowflake-proxy[880]: 2026/08/22 05:08:34 Loaded  385602  entries into table
Aug 22 05:08:34 mac snowflake-proxy[880]: 2026/08/22 05:08:34 Using geoip file  /usr/share/tor/geoip6  with checksum 9d85004fba941079cfe018f0599e6a337c4e45a1
Aug 22 05:08:34 mac snowflake-proxy[880]: 2026/08/22 05:08:34 Loaded  276626  entries into table
Aug 22 05:08:34 mac snowflake-proxy[880]: 2026/08/21 23:38:34 Proxy starting
Aug 22 05:08:34 mac snowflake-proxy[880]: 2026/08/21 23:38:34 NAT type: unknown
Aug 22 05:09:00 mac systemd[1]: /etc/systemd/system/snowflake.service:10: Special user nobody configured, this is not safe!
Aug 22 06:08:34 mac snowflake-proxy[880]: 2026/08/22 00:38:34 In the last 1h0m0s, there were 10 completed successful connections. Traffic Relayed ↓ 297787 KB (82.72 KB/s), ↑ 16066 KB (4.46 KB/s).
Aug 22 07:08:34 mac snowflake-proxy[880]: 2026/08/22 01:38:34 In the last 1h0m0s, there were 13 completed successful connections. Traffic Relayed ↓ 281054 KB (78.07 KB/s), ↑ 23315 KB (6.48 KB/s).
Aug 22 08:08:34 mac snowflake-proxy[880]: 2026/08/22 02:38:34 In the last 1h0m0s, there were 6 completed successful connections. Traffic Relayed ↓ 181546 KB (50.43 KB/s), ↑ 23959 KB (6.66 KB/s).
Aug 22 09:08:34 mac snowflake-proxy[880]: 2026/08/22 03:38:34 In the last 1h0m0s, there were 1 completed successful connections. Traffic Relayed ↓ 201726 KB (56.03 KB/s), ↑ 17769 KB (4.94 KB/s).
Aug 22 10:08:34 mac snowflake-proxy[880]: 2026/08/22 04:38:34 In the last 1h0m0s, there were 15 completed successful connections. Traffic Relayed ↓ 121626 KB (33.78 KB/s), ↑ 8136 KB (2.26 KB/s).
Aug 22 11:08:34 mac snowflake-proxy[880]: 2026/08/22 05:38:34 In the last 1h0m0s, there were 12 completed successful connections. Traffic Relayed ↓ 16753 KB (4.65 KB/s), ↑ 7695 KB (2.14 KB/s).
Aug 22 12:08:34 mac snowflake-proxy[880]: 2026/08/22 06:38:34 In the last 1h0m0s, there were 7 completed successful connections. Traffic Relayed ↓ 34929 KB (9.70 KB/s), ↑ 5000 KB (1.39 KB/s).
Aug 22 13:08:34 mac snowflake-proxy[880]: 2026/08/22 07:38:34 In the last 1h0m0s, there were 9 completed successful connections. Traffic Relayed ↓ 32060 KB (8.91 KB/s), ↑ 5250 KB (1.46 KB/s).
Aug 22 14:08:34 mac snowflake-proxy[880]: 2026/08/22 08:38:34 In the last 1h0m0s, there were 9 completed successful connections. Traffic Relayed ↓ 135860 KB (37.74 KB/s), ↑ 25448 KB (7.07 KB/s).
Aug 22 15:08:34 mac snowflake-proxy[880]: 2026/08/22 09:38:34 In the last 1h0m0s, there were 10 completed successful connections. Traffic Relayed ↓ 66246 KB (18.40 KB/s), ↑ 8341 KB (2.32 KB/s).
Aug 22 16:08:34 mac snowflake-proxy[880]: 2026/08/22 10:38:34 In the last 1h0m0s, there were 6 completed successful connections. Traffic Relayed ↓ 31689 KB (8.80 KB/s), ↑ 8764 KB (2.43 KB/s).
Aug 22 17:08:34 mac snowflake-proxy[880]: 2026/08/22 11:38:34 In the last 1h0m0s, there were 7 completed successful connections. Traffic Relayed ↓ 63780 KB (17.72 KB/s), ↑ 10337 KB (2.87 KB/s).
Aug 22 18:08:34 mac snowflake-proxy[880]: 2026/08/22 12:38:34 In the last 1h0m0s, there were 8 completed successful connections. Traffic Relayed ↓ 16700 KB (4.64 KB/s), ↑ 4681 KB (1.30 KB/s).
Aug 22 19:08:34 mac snowflake-proxy[880]: 2026/08/22 13:38:34 In the last 1h0m0s, there were 7 completed successful connections. Traffic Relayed ↓ 24282 KB (6.75 KB/s), ↑ 4031 KB (1.12 KB/s).
Aug 22 20:08:34 mac snowflake-proxy[880]: 2026/08/22 14:38:34 In the last 1h0m0s, there were 2 completed successful connections. Traffic Relayed ↓ 17035 KB (4.73 KB/s), ↑ 3029 KB (0.84 KB/s).
Aug 22 21:08:34 mac snowflake-proxy[880]: 2026/08/22 15:38:34 In the last 1h0m0s, there were 22 completed successful connections. Traffic Relayed ↓ 35961 KB (9.99 KB/s), ↑ 4518 KB (1.25 KB/s).
Aug 22 22:08:34 mac snowflake-proxy[880]: 2026/08/22 16:38:34 In the last 1h0m0s, there were 13 completed successful connections. Traffic Relayed ↓ 21893 KB (6.08 KB/s), ↑ 5396 KB (1.50 KB/s).
Aug 22 23:08:34 mac snowflake-proxy[880]: 2026/08/22 17:38:34 In the last 1h0m0s, there were 14 completed successful connections. Traffic Relayed ↓ 36179 KB (10.05 KB/s), ↑ 4543 KB (1.26 KB/s).
