Aug 09 06:49:08 mac systemd[1]: /etc/systemd/system/snowflake.service:10: Special user nobody configured, this is not safe!
Aug 09 06:49:11 mac systemd[1]: Started Tor Snowflake Proxy.
Aug 09 06:49:11 mac snowflake-proxy[855]: 2026/08/09 06:49:11 Using geoip file  /usr/share/tor/geoip  with checksum b08bfe286dc8f11f29aaceafb6f7ef0f5c771042
Aug 09 06:49:11 mac snowflake-proxy[855]: 2026/08/09 06:49:11 Loaded  385602  entries into table
Aug 09 06:49:11 mac snowflake-proxy[855]: 2026/08/09 06:49:11 Using geoip file  /usr/share/tor/geoip6  with checksum 9d85004fba941079cfe018f0599e6a337c4e45a1
Aug 09 06:49:11 mac snowflake-proxy[855]: 2026/08/09 06:49:11 Loaded  276626  entries into table
Aug 09 06:49:11 mac snowflake-proxy[855]: 2026/08/09 01:19:11 Proxy starting
Aug 09 06:49:11 mac snowflake-proxy[855]: 2026/08/09 01:19:11 NAT type: unknown
Aug 09 07:49:11 mac snowflake-proxy[855]: 2026/08/09 02:19:11 In the last 1h0m0s, there were 15 completed successful connections. Traffic Relayed ↓ 103801 KB (28.83 KB/s), ↑ 11168 KB (3.10 KB/s).
Aug 09 08:49:11 mac snowflake-proxy[855]: 2026/08/09 03:19:11 In the last 1h0m0s, there were 16 completed successful connections. Traffic Relayed ↓ 81946 KB (22.76 KB/s), ↑ 6202 KB (1.72 KB/s).
Aug 09 08:54:03 mac systemd[1]: /etc/systemd/system/snowflake.service:10: Special user nobody configured, this is not safe!
Aug 09 09:49:11 mac snowflake-proxy[855]: 2026/08/09 04:19:11 In the last 1h0m0s, there were 24 completed successful connections. Traffic Relayed ↓ 55460 KB (15.41 KB/s), ↑ 9864 KB (2.74 KB/s).
Aug 09 10:49:11 mac snowflake-proxy[855]: 2026/08/09 05:19:11 In the last 1h0m0s, there were 23 completed successful connections. Traffic Relayed ↓ 103412 KB (28.73 KB/s), ↑ 13823 KB (3.84 KB/s).
Aug 09 11:49:11 mac snowflake-proxy[855]: 2026/08/09 06:19:11 In the last 1h0m0s, there were 12 completed successful connections. Traffic Relayed ↓ 49273 KB (13.69 KB/s), ↑ 8214 KB (2.28 KB/s).
Aug 09 12:49:11 mac snowflake-proxy[855]: 2026/08/09 07:19:11 In the last 1h0m0s, there were 11 completed successful connections. Traffic Relayed ↓ 9669 KB (2.69 KB/s), ↑ 2940 KB (0.82 KB/s).
Aug 09 13:49:11 mac snowflake-proxy[855]: 2026/08/09 08:19:11 In the last 1h0m0s, there were 4 completed successful connections. Traffic Relayed ↓ 33355 KB (9.27 KB/s), ↑ 8195 KB (2.28 KB/s).
Aug 09 14:49:11 mac snowflake-proxy[855]: 2026/08/09 09:19:11 In the last 1h0m0s, there were 7 completed successful connections. Traffic Relayed ↓ 100808 KB (28.00 KB/s), ↑ 9119 KB (2.53 KB/s).
Aug 09 15:49:11 mac snowflake-proxy[855]: 2026/08/09 10:19:11 In the last 1h0m0s, there were 15 completed successful connections. Traffic Relayed ↓ 14588 KB (4.05 KB/s), ↑ 3454 KB (0.96 KB/s).
Aug 09 16:49:11 mac snowflake-proxy[855]: 2026/08/09 11:19:11 In the last 1h0m0s, there were 4 completed successful connections. Traffic Relayed ↓ 51988 KB (14.44 KB/s), ↑ 5951 KB (1.65 KB/s).
Aug 09 17:40:02 mac systemd[1]: /etc/systemd/system/snowflake.service:10: Special user nobody configured, this is not safe!
Aug 09 17:49:11 mac snowflake-proxy[855]: 2026/08/09 12:19:11 In the last 1h0m0s, there were 9 completed successful connections. Traffic Relayed ↓ 91439 KB (25.40 KB/s), ↑ 13939 KB (3.87 KB/s).
Aug 09 18:49:11 mac snowflake-proxy[855]: 2026/08/09 13:19:11 In the last 1h0m0s, there were 5 completed successful connections. Traffic Relayed ↓ 109924 KB (30.53 KB/s), ↑ 12555 KB (3.49 KB/s).
Aug 09 19:49:11 mac snowflake-proxy[855]: 2026/08/09 14:19:11 In the last 1h0m0s, there were 7 completed successful connections. Traffic Relayed ↓ 125610 KB (34.89 KB/s), ↑ 13001 KB (3.61 KB/s).
Aug 09 20:49:11 mac snowflake-proxy[855]: 2026/08/09 15:19:11 In the last 1h0m0s, there were 6 completed successful connections. Traffic Relayed ↓ 193494 KB (53.75 KB/s), ↑ 24092 KB (6.69 KB/s).
Aug 09 21:49:11 mac snowflake-proxy[855]: 2026/08/09 16:19:11 In the last 1h0m0s, there were 8 completed successful connections. Traffic Relayed ↓ 150470 KB (41.80 KB/s), ↑ 12362 KB (3.43 KB/s).
Aug 09 22:18:59 mac systemd[1]: Stopping Tor Snowflake Proxy...
Aug 09 22:18:59 mac systemd[1]: snowflake.service: Deactivated successfully.
Aug 09 22:18:59 mac systemd[1]: Stopped Tor Snowflake Proxy.
Aug 09 22:19:00 mac systemd[1]: snowflake.service: Consumed 12min 9.435s CPU time over 15h 29min 48.862s wall clock time, 312.5M memory peak, 97M memory swap peak.
-- Boot a9befc40e2b94ef29658c6c388dd5d47 --
Aug 10 05:24:32 mac systemd[1]: /etc/systemd/system/snowflake.service:10: Special user nobody configured, this is not safe!
Aug 10 05:24:35 mac systemd[1]: Started Tor Snowflake Proxy.
Aug 10 05:24:35 mac snowflake-proxy[852]: 2026/08/10 05:24:35 Using geoip file  /usr/share/tor/geoip  with checksum b08bfe286dc8f11f29aaceafb6f7ef0f5c771042
Aug 10 05:24:35 mac snowflake-proxy[852]: 2026/08/10 05:24:35 Loaded  385602  entries into table
Aug 10 05:24:35 mac snowflake-proxy[852]: 2026/08/10 05:24:35 Using geoip file  /usr/share/tor/geoip6  with checksum 9d85004fba941079cfe018f0599e6a337c4e45a1
Aug 10 05:24:35 mac snowflake-proxy[852]: 2026/08/10 05:24:35 Loaded  276626  entries into table
Aug 10 05:24:35 mac snowflake-proxy[852]: 2026/08/09 23:54:35 Proxy starting
Aug 10 05:24:35 mac snowflake-proxy[852]: 2026/08/09 23:54:35 NAT type: unknown
Aug 10 06:24:35 mac snowflake-proxy[852]: 2026/08/10 00:54:35 In the last 1h0m0s, there were 20 completed successful connections. Traffic Relayed ↓ 31899 KB (8.86 KB/s), ↑ 7477 KB (2.08 KB/s).
Aug 10 07:24:35 mac snowflake-proxy[852]: 2026/08/10 01:54:35 In the last 1h0m0s, there were 12 completed successful connections. Traffic Relayed ↓ 86148 KB (23.93 KB/s), ↑ 7432 KB (2.06 KB/s).
Aug 10 08:24:35 mac snowflake-proxy[852]: 2026/08/10 02:54:35 In the last 1h0m0s, there were 13 completed successful connections. Traffic Relayed ↓ 22067 KB (6.13 KB/s), ↑ 6227 KB (1.73 KB/s).
Aug 10 09:24:35 mac snowflake-proxy[852]: 2026/08/10 03:54:35 In the last 1h0m0s, there were 17 completed successful connections. Traffic Relayed ↓ 16075 KB (4.47 KB/s), ↑ 4420 KB (1.23 KB/s).
Aug 10 10:24:35 mac snowflake-proxy[852]: 2026/08/10 04:54:35 In the last 1h0m0s, there were 19 completed successful connections. Traffic Relayed ↓ 15559 KB (4.32 KB/s), ↑ 4899 KB (1.36 KB/s).
Aug 10 11:24:35 mac snowflake-proxy[852]: 2026/08/10 05:54:35 In the last 1h0m0s, there were 22 completed successful connections. Traffic Relayed ↓ 36456 KB (10.13 KB/s), ↑ 7111 KB (1.98 KB/s).
Aug 10 12:24:35 mac snowflake-proxy[852]: 2026/08/10 06:54:35 In the last 1h0m0s, there were 17 completed successful connections. Traffic Relayed ↓ 43871 KB (12.19 KB/s), ↑ 6269 KB (1.74 KB/s).
Aug 10 13:24:35 mac snowflake-proxy[852]: 2026/08/10 07:54:35 In the last 1h0m0s, there were 19 completed successful connections. Traffic Relayed ↓ 159313 KB (44.25 KB/s), ↑ 15065 KB (4.18 KB/s).
Aug 10 14:22:17 mac systemd[1]: Stopping Tor Snowflake Proxy...
Aug 10 14:22:17 mac systemd[1]: snowflake.service: Deactivated successfully.
Aug 10 14:22:17 mac systemd[1]: Stopped Tor Snowflake Proxy.
Aug 10 14:22:17 mac systemd[1]: snowflake.service: Consumed 15min 12.949s CPU time over 8h 57min 41.622s wall clock time, 305.5M memory peak.
-- Boot 75e2d3c338d548e28f26315ec4e44110 --
Aug 10 16:07:38 mac systemd[1]: /etc/systemd/system/snowflake.service:10: Special user nobody configured, this is not safe!
Aug 10 16:07:41 mac systemd[1]: Started Tor Snowflake Proxy.
Aug 10 16:07:41 mac snowflake-proxy[850]: 2026/08/10 16:07:41 Using geoip file  /usr/share/tor/geoip  with checksum b08bfe286dc8f11f29aaceafb6f7ef0f5c771042
Aug 10 16:07:41 mac snowflake-proxy[850]: 2026/08/10 16:07:41 Loaded  385602  entries into table
Aug 10 16:07:41 mac snowflake-proxy[850]: 2026/08/10 16:07:41 Using geoip file  /usr/share/tor/geoip6  with checksum 9d85004fba941079cfe018f0599e6a337c4e45a1
Aug 10 16:07:41 mac snowflake-proxy[850]: 2026/08/10 16:07:41 Loaded  276626  entries into table
Aug 10 16:07:41 mac snowflake-proxy[850]: 2026/08/10 10:37:41 Proxy starting
Aug 10 16:07:41 mac snowflake-proxy[850]: 2026/08/10 10:37:41 NAT type: unknown
Aug 10 16:41:12 mac systemd[1]: Stopping Tor Snowflake Proxy...
Aug 10 16:41:12 mac systemd[1]: snowflake.service: Deactivated successfully.
Aug 10 16:41:12 mac systemd[1]: Stopped Tor Snowflake Proxy.
Aug 10 16:41:12 mac systemd[1]: snowflake.service: Consumed 21.769s CPU time over 33min 30.595s wall clock time, 203.8M memory peak.
-- Boot 373a59d2db6249df8eb210afc9119886 --
Aug 10 17:31:00 mac systemd[1]: /etc/systemd/system/snowflake.service:10: Special user nobody configured, this is not safe!
Aug 10 17:31:03 mac systemd[1]: Started Tor Snowflake Proxy.
Aug 10 17:31:03 mac snowflake-proxy[858]: 2026/08/10 17:31:03 Using geoip file  /usr/share/tor/geoip  with checksum b08bfe286dc8f11f29aaceafb6f7ef0f5c771042
Aug 10 17:31:03 mac snowflake-proxy[858]: 2026/08/10 17:31:03 Loaded  385602  entries into table
Aug 10 17:31:03 mac snowflake-proxy[858]: 2026/08/10 17:31:03 Using geoip file  /usr/share/tor/geoip6  with checksum 9d85004fba941079cfe018f0599e6a337c4e45a1
Aug 10 17:31:03 mac snowflake-proxy[858]: 2026/08/10 17:31:03 Loaded  276626  entries into table
Aug 10 17:31:03 mac snowflake-proxy[858]: 2026/08/10 12:01:03 Proxy starting
Aug 10 17:31:03 mac snowflake-proxy[858]: 2026/08/10 12:01:03 NAT type: unknown
Aug 10 18:31:03 mac snowflake-proxy[858]: 2026/08/10 13:01:03 In the last 1h0m0s, there were 9 completed successful connections. Traffic Relayed ↓ 62277 KB (17.30 KB/s), ↑ 30180 KB (8.38 KB/s).
Aug 10 19:31:03 mac snowflake-proxy[858]: 2026/08/10 14:01:03 In the last 1h0m0s, there were 10 completed successful connections. Traffic Relayed ↓ 30792 KB (8.55 KB/s), ↑ 7289 KB (2.02 KB/s).
Aug 10 20:31:03 mac snowflake-proxy[858]: 2026/08/10 15:01:03 In the last 1h0m0s, there were 8 completed successful connections. Traffic Relayed ↓ 12346 KB (3.43 KB/s), ↑ 1631 KB (0.45 KB/s).
Aug 10 21:31:03 mac snowflake-proxy[858]: 2026/08/10 16:01:03 In the last 1h0m0s, there were 13 completed successful connections. Traffic Relayed ↓ 66130 KB (18.37 KB/s), ↑ 5704 KB (1.58 KB/s).
Aug 10 22:31:03 mac snowflake-proxy[858]: 2026/08/10 17:01:03 In the last 1h0m0s, there were 14 completed successful connections. Traffic Relayed ↓ 162455 KB (45.13 KB/s), ↑ 10055 KB (2.79 KB/s).
Aug 10 23:31:03 mac snowflake-proxy[858]: 2026/08/10 18:01:03 In the last 1h0m0s, there were 9 completed successful connections. Traffic Relayed ↓ 12426 KB (3.45 KB/s), ↑ 3351 KB (0.93 KB/s).
Aug 11 00:31:03 mac snowflake-proxy[858]: 2026/08/10 19:01:03 In the last 1h0m0s, there were 6 completed successful connections. Traffic Relayed ↓ 5166 KB (1.44 KB/s), ↑ 1246 KB (0.35 KB/s).
Aug 11 01:31:03 mac snowflake-proxy[858]: 2026/08/10 20:01:03 In the last 1h0m0s, there were 13 completed successful connections. Traffic Relayed ↓ 71862 KB (19.96 KB/s), ↑ 9015 KB (2.50 KB/s).
Aug 11 02:31:03 mac snowflake-proxy[858]: 2026/08/10 21:01:03 In the last 1h0m0s, there were 8 completed successful connections. Traffic Relayed ↓ 112071 KB (31.13 KB/s), ↑ 16327 KB (4.54 KB/s).
Aug 11 03:31:03 mac snowflake-proxy[858]: 2026/08/10 22:01:03 In the last 1h0m0s, there were 4 completed successful connections. Traffic Relayed ↓ 7820 KB (2.17 KB/s), ↑ 1016 KB (0.28 KB/s).
Aug 11 04:31:03 mac snowflake-proxy[858]: 2026/08/10 23:01:03 In the last 1h0m0s, there were 4 completed successful connections. Traffic Relayed ↓ 3394 KB (0.94 KB/s), ↑ 450 KB (0.12 KB/s).
Aug 11 05:31:03 mac snowflake-proxy[858]: 2026/08/11 00:01:03 In the last 1h0m0s, there were 9 completed successful connections. Traffic Relayed ↓ 319809 KB (88.84 KB/s), ↑ 16922 KB (4.70 KB/s).
Aug 11 06:31:03 mac snowflake-proxy[858]: 2026/08/11 01:01:03 In the last 1h0m0s, there were 2 completed successful connections. Traffic Relayed ↓ 917 KB (0.25 KB/s), ↑ 674 KB (0.19 KB/s).
Aug 11 07:31:03 mac snowflake-proxy[858]: 2026/08/11 02:01:03 In the last 1h0m0s, there were 7 completed successful connections. Traffic Relayed ↓ 11983 KB (3.33 KB/s), ↑ 3321 KB (0.92 KB/s).
Aug 11 08:31:03 mac snowflake-proxy[858]: 2026/08/11 03:01:03 In the last 1h0m0s, there were 4 completed successful connections. Traffic Relayed ↓ 36004 KB (10.00 KB/s), ↑ 4289 KB (1.19 KB/s).
Aug 11 09:31:03 mac snowflake-proxy[858]: 2026/08/11 04:01:03 In the last 1h0m0s, there were 6 completed successful connections. Traffic Relayed ↓ 5191 KB (1.44 KB/s), ↑ 661 KB (0.18 KB/s).
Aug 11 10:31:03 mac snowflake-proxy[858]: 2026/08/11 05:01:03 In the last 1h0m0s, there were 8 completed successful connections. Traffic Relayed ↓ 8863 KB (2.46 KB/s), ↑ 1983 KB (0.55 KB/s).
Aug 11 11:31:03 mac snowflake-proxy[858]: 2026/08/11 06:01:03 In the last 1h0m0s, there were 7 completed successful connections. Traffic Relayed ↓ 85571 KB (23.77 KB/s), ↑ 10269 KB (2.85 KB/s).
Aug 11 12:31:03 mac snowflake-proxy[858]: 2026/08/11 07:01:03 In the last 1h0m0s, there were 13 completed successful connections. Traffic Relayed ↓ 98867 KB (27.46 KB/s), ↑ 9533 KB (2.65 KB/s).
Aug 11 13:31:03 mac snowflake-proxy[858]: 2026/08/11 08:01:03 In the last 1h0m0s, there were 11 completed successful connections. Traffic Relayed ↓ 108774 KB (30.21 KB/s), ↑ 18367 KB (5.10 KB/s).
Aug 11 14:31:03 mac snowflake-proxy[858]: 2026/08/11 09:01:03 In the last 1h0m0s, there were 17 completed successful connections. Traffic Relayed ↓ 198684 KB (55.19 KB/s), ↑ 22187 KB (6.16 KB/s).
Aug 11 14:33:16 mac systemd[1]: /etc/systemd/system/snowflake.service:10: Special user nobody configured, this is not safe!
Aug 11 15:31:03 mac snowflake-proxy[858]: 2026/08/11 10:01:03 In the last 1h0m0s, there were 17 completed successful connections. Traffic Relayed ↓ 11900 KB (3.31 KB/s), ↑ 3298 KB (0.92 KB/s).
Aug 11 16:31:03 mac snowflake-proxy[858]: 2026/08/11 11:01:03 In the last 1h0m0s, there were 14 completed successful connections. Traffic Relayed ↓ 58970 KB (16.38 KB/s), ↑ 5169 KB (1.44 KB/s).
Aug 11 17:31:03 mac snowflake-proxy[858]: 2026/08/11 12:01:03 In the last 1h0m0s, there were 7 completed successful connections. Traffic Relayed ↓ 113584 KB (31.55 KB/s), ↑ 7292 KB (2.03 KB/s).
Aug 11 18:31:03 mac snowflake-proxy[858]: 2026/08/11 13:01:03 In the last 1h0m0s, there were 7 completed successful connections. Traffic Relayed ↓ 63239 KB (17.57 KB/s), ↑ 7141 KB (1.98 KB/s).
Aug 11 19:31:03 mac snowflake-proxy[858]: 2026/08/11 14:01:03 In the last 1h0m0s, there were 20 completed successful connections. Traffic Relayed ↓ 264386 KB (73.44 KB/s), ↑ 16727 KB (4.65 KB/s).
Aug 11 20:31:03 mac snowflake-proxy[858]: 2026/08/11 15:01:03 In the last 1h0m0s, there were 9 completed successful connections. Traffic Relayed ↓ 2162 KB (0.60 KB/s), ↑ 538 KB (0.15 KB/s).
Aug 11 21:31:03 mac snowflake-proxy[858]: 2026/08/11 16:01:03 In the last 1h0m0s, there were 12 completed successful connections. Traffic Relayed ↓ 46800 KB (13.00 KB/s), ↑ 9751 KB (2.71 KB/s).
Aug 11 22:31:03 mac snowflake-proxy[858]: 2026/08/11 17:01:03 In the last 1h0m0s, there were 9 completed successful connections. Traffic Relayed ↓ 51024 KB (14.17 KB/s), ↑ 8158 KB (2.27 KB/s).
Aug 11 23:31:03 mac snowflake-proxy[858]: 2026/08/11 18:01:03 In the last 1h0m0s, there were 7 completed successful connections. Traffic Relayed ↓ 38227 KB (10.62 KB/s), ↑ 4872 KB (1.35 KB/s).
Aug 12 00:31:03 mac snowflake-proxy[858]: 2026/08/11 19:01:03 In the last 1h0m0s, there were 15 completed successful connections. Traffic Relayed ↓ 11047 KB (3.07 KB/s), ↑ 1630 KB (0.45 KB/s).
Aug 12 01:31:03 mac snowflake-proxy[858]: 2026/08/11 20:01:03 In the last 1h0m0s, there were 7 completed successful connections. Traffic Relayed ↓ 47574 KB (13.21 KB/s), ↑ 9563 KB (2.66 KB/s).
Aug 12 02:31:03 mac snowflake-proxy[858]: 2026/08/11 21:01:03 In the last 1h0m0s, there were 16 completed successful connections. Traffic Relayed ↓ 48888 KB (13.58 KB/s), ↑ 12422 KB (3.45 KB/s).
Aug 12 03:31:03 mac snowflake-proxy[858]: 2026/08/11 22:01:03 In the last 1h0m0s, there were 12 completed successful connections. Traffic Relayed ↓ 93376 KB (25.94 KB/s), ↑ 16261 KB (4.52 KB/s).
Aug 12 04:31:03 mac snowflake-proxy[858]: 2026/08/11 23:01:03 In the last 1h0m0s, there were 8 completed successful connections. Traffic Relayed ↓ 123544 KB (34.32 KB/s), ↑ 17139 KB (4.76 KB/s).
Aug 12 05:31:03 mac snowflake-proxy[858]: 2026/08/12 00:01:03 In the last 1h0m0s, there were 6 completed successful connections. Traffic Relayed ↓ 12566 KB (3.49 KB/s), ↑ 2595 KB (0.72 KB/s).
Aug 12 06:31:03 mac snowflake-proxy[858]: 2026/08/12 01:01:03 In the last 1h0m0s, there were 9 completed successful connections. Traffic Relayed ↓ 51111 KB (14.20 KB/s), ↑ 5365 KB (1.49 KB/s).
Aug 12 07:31:03 mac snowflake-proxy[858]: 2026/08/12 02:01:03 In the last 1h0m0s, there were 9 completed successful connections. Traffic Relayed ↓ 19193 KB (5.33 KB/s), ↑ 16832 KB (4.68 KB/s).
Aug 12 08:31:03 mac snowflake-proxy[858]: 2026/08/12 03:01:03 In the last 1h0m0s, there were 11 completed successful connections. Traffic Relayed ↓ 16031 KB (4.45 KB/s), ↑ 13343 KB (3.71 KB/s).
Aug 12 09:31:03 mac snowflake-proxy[858]: 2026/08/12 04:01:03 In the last 1h0m0s, there were 4 completed successful connections. Traffic Relayed ↓ 340630 KB (94.62 KB/s), ↑ 35699 KB (9.92 KB/s).
Aug 12 10:31:03 mac snowflake-proxy[858]: 2026/08/12 05:01:03 In the last 1h0m0s, there were 6 completed successful connections. Traffic Relayed ↓ 66067 KB (18.35 KB/s), ↑ 23722 KB (6.59 KB/s).
Aug 12 11:31:03 mac snowflake-proxy[858]: 2026/08/12 06:01:03 In the last 1h0m0s, there were 8 completed successful connections. Traffic Relayed ↓ 164937 KB (45.82 KB/s), ↑ 29885 KB (8.30 KB/s).
Aug 12 12:31:03 mac snowflake-proxy[858]: 2026/08/12 07:01:03 In the last 1h0m0s, there were 15 completed successful connections. Traffic Relayed ↓ 186330 KB (51.76 KB/s), ↑ 34386 KB (9.55 KB/s).
Aug 12 13:31:03 mac snowflake-proxy[858]: 2026/08/12 08:01:03 In the last 1h0m0s, there were 4 completed successful connections. Traffic Relayed ↓ 2580 KB (0.72 KB/s), ↑ 440 KB (0.12 KB/s).
Aug 12 14:02:46 mac systemd[1]: Stopping Tor Snowflake Proxy...
Aug 12 14:02:46 mac systemd[1]: snowflake.service: Deactivated successfully.
Aug 12 14:02:46 mac systemd[1]: Stopped Tor Snowflake Proxy.
Aug 12 14:02:46 mac systemd[1]: snowflake.service: Consumed 1h 8min 59.665s CPU time over 1d 20h 31min 42.851s wall clock time, 326.3M memory peak.
-- Boot c519041c533641eda2523f8b420ae956 --
Aug 12 14:03:11 mac systemd[1]: /etc/systemd/system/snowflake.service:10: Special user nobody configured, this is not safe!
Aug 12 14:03:14 mac systemd[1]: Started Tor Snowflake Proxy.
Aug 12 14:03:14 mac snowflake-proxy[870]: 2026/08/12 14:03:14 Using geoip file  /usr/share/tor/geoip  with checksum b08bfe286dc8f11f29aaceafb6f7ef0f5c771042
Aug 12 14:03:14 mac snowflake-proxy[870]: 2026/08/12 14:03:14 Loaded  385602  entries into table
Aug 12 14:03:15 mac snowflake-proxy[870]: 2026/08/12 14:03:15 Using geoip file  /usr/share/tor/geoip6  with checksum 9d85004fba941079cfe018f0599e6a337c4e45a1
Aug 12 14:03:15 mac snowflake-proxy[870]: 2026/08/12 14:03:15 Loaded  276626  entries into table
Aug 12 14:03:15 mac snowflake-proxy[870]: 2026/08/12 08:33:15 Proxy starting
Aug 12 14:03:15 mac snowflake-proxy[870]: 2026/08/12 08:33:15 NAT type: unknown
Aug 12 14:31:07 mac systemd[1]: /etc/systemd/system/snowflake.service:10: Special user nobody configured, this is not safe!
Aug 12 15:03:15 mac snowflake-proxy[870]: 2026/08/12 09:33:15 In the last 1h0m0s, there were 7 completed successful connections. Traffic Relayed ↓ 5183 KB (1.44 KB/s), ↑ 1181 KB (0.33 KB/s).
Aug 12 15:59:31 mac systemd[1]: Stopping Tor Snowflake Proxy...
Aug 12 15:59:31 mac systemd[1]: snowflake.service: Deactivated successfully.
Aug 12 15:59:31 mac systemd[1]: Stopped Tor Snowflake Proxy.
Aug 12 15:59:31 mac systemd[1]: snowflake.service: Consumed 2min 17.845s CPU time over 1h 56min 17.155s wall clock time, 287.4M memory peak.
-- Boot aaf0282bb4d246a6a3343cb312c772a1 --
Aug 12 15:59:59 mac systemd[1]: /etc/systemd/system/snowflake.service:10: Special user nobody configured, this is not safe!
Aug 12 16:00:02 mac systemd[1]: Started Tor Snowflake Proxy.
Aug 12 16:00:02 mac snowflake-proxy[863]: 2026/08/12 16:00:02 Using geoip file  /usr/share/tor/geoip  with checksum b08bfe286dc8f11f29aaceafb6f7ef0f5c771042
Aug 12 16:00:02 mac snowflake-proxy[863]: 2026/08/12 16:00:02 Loaded  385602  entries into table
Aug 12 16:00:02 mac snowflake-proxy[863]: 2026/08/12 16:00:02 Using geoip file  /usr/share/tor/geoip6  with checksum 9d85004fba941079cfe018f0599e6a337c4e45a1
Aug 12 16:00:02 mac snowflake-proxy[863]: 2026/08/12 16:00:02 Loaded  276626  entries into table
Aug 12 16:00:02 mac snowflake-proxy[863]: 2026/08/12 10:30:02 Proxy starting
Aug 12 16:00:02 mac snowflake-proxy[863]: 2026/08/12 10:30:02 NAT type: unknown
Aug 12 17:00:02 mac snowflake-proxy[863]: 2026/08/12 11:30:02 In the last 1h0m0s, there were 9 completed successful connections. Traffic Relayed ↓ 74409 KB (20.67 KB/s), ↑ 10471 KB (2.91 KB/s).
Aug 12 18:00:02 mac snowflake-proxy[863]: 2026/08/12 12:30:02 In the last 1h0m0s, there were 14 completed successful connections. Traffic Relayed ↓ 69759 KB (19.38 KB/s), ↑ 10192 KB (2.83 KB/s).
Aug 12 19:00:02 mac snowflake-proxy[863]: 2026/08/12 13:30:02 In the last 1h0m0s, there were 8 completed successful connections. Traffic Relayed ↓ 26687 KB (7.41 KB/s), ↑ 2970 KB (0.82 KB/s).
Aug 12 20:00:02 mac snowflake-proxy[863]: 2026/08/12 14:30:02 In the last 1h0m0s, there were 9 completed successful connections. Traffic Relayed ↓ 91209 KB (25.34 KB/s), ↑ 9869 KB (2.74 KB/s).
Aug 12 21:00:02 mac snowflake-proxy[863]: 2026/08/12 15:30:02 In the last 1h0m0s, there were 12 completed successful connections. Traffic Relayed ↓ 179112 KB (49.75 KB/s), ↑ 11273 KB (3.13 KB/s).
Aug 12 22:00:02 mac snowflake-proxy[863]: 2026/08/12 16:30:02 In the last 1h0m0s, there were 14 completed successful connections. Traffic Relayed ↓ 39717 KB (11.03 KB/s), ↑ 7361 KB (2.04 KB/s).
Aug 12 23:00:02 mac snowflake-proxy[863]: 2026/08/12 17:30:02 In the last 1h0m0s, there were 8 completed successful connections. Traffic Relayed ↓ 59702 KB (16.58 KB/s), ↑ 9493 KB (2.64 KB/s).
Aug 13 00:00:02 mac snowflake-proxy[863]: 2026/08/12 18:30:02 In the last 1h0m0s, there were 10 completed successful connections. Traffic Relayed ↓ 90191 KB (25.05 KB/s), ↑ 13469 KB (3.74 KB/s).
Aug 13 01:00:02 mac snowflake-proxy[863]: 2026/08/12 19:30:02 In the last 1h0m0s, there were 19 completed successful connections. Traffic Relayed ↓ 24617 KB (6.84 KB/s), ↑ 6085 KB (1.69 KB/s).
Aug 13 02:00:02 mac snowflake-proxy[863]: 2026/08/12 20:30:02 In the last 1h0m0s, there were 17 completed successful connections. Traffic Relayed ↓ 209578 KB (58.22 KB/s), ↑ 21390 KB (5.94 KB/s).
Aug 13 03:00:02 mac snowflake-proxy[863]: 2026/08/12 21:30:02 In the last 1h0m0s, there were 9 completed successful connections. Traffic Relayed ↓ 319694 KB (88.80 KB/s), ↑ 29329 KB (8.15 KB/s).
Aug 13 04:00:02 mac snowflake-proxy[863]: 2026/08/12 22:30:02 In the last 1h0m0s, there were 4 completed successful connections. Traffic Relayed ↓ 457279 KB (127.02 KB/s), ↑ 35980 KB (9.99 KB/s).
Aug 13 05:00:02 mac snowflake-proxy[863]: 2026/08/12 23:30:02 In the last 1h0m0s, there were 4 completed successful connections. Traffic Relayed ↓ 15797 KB (4.39 KB/s), ↑ 4624 KB (1.28 KB/s).
Aug 13 06:00:02 mac snowflake-proxy[863]: 2026/08/13 00:30:02 In the last 1h0m0s, there were 4 completed successful connections. Traffic Relayed ↓ 8785 KB (2.44 KB/s), ↑ 1449 KB (0.40 KB/s).
Aug 13 07:00:02 mac snowflake-proxy[863]: 2026/08/13 01:30:02 In the last 1h0m0s, there were 8 completed successful connections. Traffic Relayed ↓ 122644 KB (34.07 KB/s), ↑ 11387 KB (3.16 KB/s).
Aug 13 08:00:02 mac snowflake-proxy[863]: 2026/08/13 02:30:02 In the last 1h0m0s, there were 10 completed successful connections. Traffic Relayed ↓ 170912 KB (47.48 KB/s), ↑ 10648 KB (2.96 KB/s).
Aug 13 09:00:02 mac snowflake-proxy[863]: 2026/08/13 03:30:02 In the last 1h0m0s, there were 7 completed successful connections. Traffic Relayed ↓ 375018 KB (104.17 KB/s), ↑ 26531 KB (7.37 KB/s).
Aug 13 10:00:02 mac snowflake-proxy[863]: 2026/08/13 04:30:02 In the last 1h0m0s, there were 4 completed successful connections. Traffic Relayed ↓ 364292 KB (101.19 KB/s), ↑ 23609 KB (6.56 KB/s).
Aug 13 11:00:02 mac snowflake-proxy[863]: 2026/08/13 05:30:02 In the last 1h0m0s, there were 13 completed successful connections. Traffic Relayed ↓ 373546 KB (103.76 KB/s), ↑ 15743 KB (4.37 KB/s).
Aug 13 12:00:02 mac snowflake-proxy[863]: 2026/08/13 06:30:02 In the last 1h0m0s, there were 11 completed successful connections. Traffic Relayed ↓ 285023 KB (79.17 KB/s), ↑ 15146 KB (4.21 KB/s).
Aug 13 13:00:03 mac snowflake-proxy[863]: 2026/08/13 07:30:03 In the last 1h0m0s, there were 11 completed successful connections. Traffic Relayed ↓ 343156 KB (95.32 KB/s), ↑ 23024 KB (6.40 KB/s).
Aug 13 14:00:03 mac snowflake-proxy[863]: 2026/08/13 08:30:03 In the last 1h0m0s, there were 10 completed successful connections. Traffic Relayed ↓ 633010 KB (175.84 KB/s), ↑ 42827 KB (11.90 KB/s).
Aug 13 15:00:03 mac snowflake-proxy[863]: 2026/08/13 09:30:03 In the last 1h0m0s, there were 10 completed successful connections. Traffic Relayed ↓ 323656 KB (89.90 KB/s), ↑ 39661 KB (11.02 KB/s).
Aug 13 16:00:03 mac snowflake-proxy[863]: 2026/08/13 10:30:03 In the last 1h0m0s, there were 17 completed successful connections. Traffic Relayed ↓ 81343 KB (22.60 KB/s), ↑ 13679 KB (3.80 KB/s).
Aug 13 17:00:03 mac snowflake-proxy[863]: 2026/08/13 11:30:03 In the last 1h0m0s, there were 22 completed successful connections. Traffic Relayed ↓ 180029 KB (50.01 KB/s), ↑ 14181 KB (3.94 KB/s).
Aug 13 17:30:05 mac systemd[1]: /etc/systemd/system/snowflake.service:10: Special user nobody configured, this is not safe!
Aug 13 18:00:03 mac snowflake-proxy[863]: 2026/08/13 12:30:03 In the last 1h0m0s, there were 16 completed successful connections. Traffic Relayed ↓ 25887 KB (7.19 KB/s), ↑ 5225 KB (1.45 KB/s).
Aug 13 19:00:03 mac snowflake-proxy[863]: 2026/08/13 13:30:03 In the last 1h0m0s, there were 13 completed successful connections. Traffic Relayed ↓ 150603 KB (41.83 KB/s), ↑ 22576 KB (6.27 KB/s).
Aug 13 20:00:03 mac snowflake-proxy[863]: 2026/08/13 14:30:03 In the last 1h0m0s, there were 15 completed successful connections. Traffic Relayed ↓ 115749 KB (32.15 KB/s), ↑ 21371 KB (5.94 KB/s).
Aug 13 21:00:03 mac snowflake-proxy[863]: 2026/08/13 15:30:03 In the last 1h0m0s, there were 19 completed successful connections. Traffic Relayed ↓ 154667 KB (42.96 KB/s), ↑ 29825 KB (8.28 KB/s).
Aug 13 22:00:03 mac snowflake-proxy[863]: 2026/08/13 16:30:03 In the last 1h0m0s, there were 7 completed successful connections. Traffic Relayed ↓ 76708 KB (21.31 KB/s), ↑ 26062 KB (7.24 KB/s).
Aug 13 23:00:03 mac snowflake-proxy[863]: 2026/08/13 17:30:03 In the last 1h0m0s, there were 12 completed successful connections. Traffic Relayed ↓ 13290 KB (3.69 KB/s), ↑ 3277 KB (0.91 KB/s).
Aug 14 00:00:03 mac snowflake-proxy[863]: 2026/08/13 18:30:03 In the last 1h0m0s, there were 11 completed successful connections. Traffic Relayed ↓ 32028 KB (8.90 KB/s), ↑ 8585 KB (2.38 KB/s).
Aug 14 01:00:03 mac snowflake-proxy[863]: 2026/08/13 19:30:03 In the last 1h0m0s, there were 15 completed successful connections. Traffic Relayed ↓ 258530 KB (71.81 KB/s), ↑ 23139 KB (6.43 KB/s).
Aug 14 02:00:03 mac snowflake-proxy[863]: 2026/08/13 20:30:03 In the last 1h0m0s, there were 18 completed successful connections. Traffic Relayed ↓ 88274 KB (24.52 KB/s), ↑ 13505 KB (3.75 KB/s).
Aug 14 03:00:03 mac snowflake-proxy[863]: 2026/08/13 21:30:03 In the last 1h0m0s, there were 19 completed successful connections. Traffic Relayed ↓ 113626 KB (31.56 KB/s), ↑ 17742 KB (4.93 KB/s).
Aug 14 04:00:03 mac snowflake-proxy[863]: 2026/08/13 22:30:03 In the last 1h0m0s, there were 8 completed successful connections. Traffic Relayed ↓ 107359 KB (29.82 KB/s), ↑ 14204 KB (3.95 KB/s).
Aug 14 05:00:03 mac snowflake-proxy[863]: 2026/08/13 23:30:03 In the last 1h0m0s, there were 2 completed successful connections. Traffic Relayed ↓ 284708 KB (79.09 KB/s), ↑ 12620 KB (3.51 KB/s).
Aug 14 06:00:03 mac snowflake-proxy[863]: 2026/08/14 00:30:03 In the last 1h0m0s, there were 12 completed successful connections. Traffic Relayed ↓ 278186 KB (77.27 KB/s), ↑ 16101 KB (4.47 KB/s).
Aug 14 07:00:03 mac snowflake-proxy[863]: 2026/08/14 01:30:03 In the last 1h0m0s, there were 6 completed successful connections. Traffic Relayed ↓ 4000 KB (1.11 KB/s), ↑ 1258 KB (0.35 KB/s).
Aug 14 08:00:03 mac snowflake-proxy[863]: 2026/08/14 02:30:03 In the last 1h0m0s, there were 11 completed successful connections. Traffic Relayed ↓ 44843 KB (12.46 KB/s), ↑ 4616 KB (1.28 KB/s).
Aug 14 09:00:03 mac snowflake-proxy[863]: 2026/08/14 03:30:03 In the last 1h0m0s, there were 7 completed successful connections. Traffic Relayed ↓ 49382 KB (13.72 KB/s), ↑ 4802 KB (1.33 KB/s).
Aug 14 10:00:03 mac snowflake-proxy[863]: 2026/08/14 04:30:03 In the last 1h0m0s, there were 15 completed successful connections. Traffic Relayed ↓ 40222 KB (11.17 KB/s), ↑ 7316 KB (2.03 KB/s).
Aug 14 11:00:03 mac snowflake-proxy[863]: 2026/08/14 05:30:03 In the last 1h0m0s, there were 11 completed successful connections. Traffic Relayed ↓ 89820 KB (24.95 KB/s), ↑ 6627 KB (1.84 KB/s).
Aug 14 12:00:03 mac snowflake-proxy[863]: 2026/08/14 06:30:03 In the last 1h0m0s, there were 10 completed successful connections. Traffic Relayed ↓ 56220 KB (15.62 KB/s), ↑ 4397 KB (1.22 KB/s).
Aug 14 13:00:03 mac snowflake-proxy[863]: 2026/08/14 07:30:03 In the last 1h0m0s, there were 3 completed successful connections. Traffic Relayed ↓ 373085 KB (103.63 KB/s), ↑ 24518 KB (6.81 KB/s).
Aug 14 14:00:03 mac snowflake-proxy[863]: 2026/08/14 08:30:03 In the last 1h0m0s, there were 11 completed successful connections. Traffic Relayed ↓ 290273 KB (80.63 KB/s), ↑ 22362 KB (6.21 KB/s).
Aug 14 15:00:03 mac snowflake-proxy[863]: 2026/08/14 09:30:03 In the last 1h0m0s, there were 15 completed successful connections. Traffic Relayed ↓ 214680 KB (59.63 KB/s), ↑ 14887 KB (4.14 KB/s).
Aug 14 16:00:03 mac snowflake-proxy[863]: 2026/08/14 10:30:03 In the last 1h0m0s, there were 13 completed successful connections. Traffic Relayed ↓ 173893 KB (48.30 KB/s), ↑ 10657 KB (2.96 KB/s).
Aug 14 17:00:03 mac snowflake-proxy[863]: 2026/08/14 11:30:03 In the last 1h0m0s, there were 14 completed successful connections. Traffic Relayed ↓ 179818 KB (49.95 KB/s), ↑ 14606 KB (4.06 KB/s).
Aug 14 18:00:03 mac snowflake-proxy[863]: 2026/08/14 12:30:03 In the last 1h0m0s, there were 10 completed successful connections. Traffic Relayed ↓ 192749 KB (53.54 KB/s), ↑ 34948 KB (9.71 KB/s).
Aug 14 19:00:03 mac snowflake-proxy[863]: 2026/08/14 13:30:03 In the last 1h0m0s, there were 3 completed successful connections. Traffic Relayed ↓ 51512 KB (14.31 KB/s), ↑ 13211 KB (3.67 KB/s).
Aug 14 20:00:03 mac snowflake-proxy[863]: 2026/08/14 14:30:03 In the last 1h0m0s, there were 0 completed successful connections. Traffic Relayed ↓ 282190 KB (78.39 KB/s), ↑ 34344 KB (9.54 KB/s).
Aug 14 21:00:03 mac snowflake-proxy[863]: 2026/08/14 15:30:03 In the last 1h0m0s, there were 1 completed successful connections. Traffic Relayed ↓ 247917 KB (68.87 KB/s), ↑ 35935 KB (9.98 KB/s).
Aug 14 22:00:03 mac snowflake-proxy[863]: 2026/08/14 16:30:03 In the last 1h0m0s, there were 4 completed successful connections. Traffic Relayed ↓ 184801 KB (51.33 KB/s), ↑ 27218 KB (7.56 KB/s).
Aug 14 23:00:03 mac snowflake-proxy[863]: 2026/08/14 17:30:03 In the last 1h0m0s, there were 15 completed successful connections. Traffic Relayed ↓ 157401 KB (43.72 KB/s), ↑ 11628 KB (3.23 KB/s).
Aug 15 00:00:03 mac snowflake-proxy[863]: 2026/08/14 18:30:03 In the last 1h0m0s, there were 11 completed successful connections. Traffic Relayed ↓ 57043 KB (15.85 KB/s), ↑ 9328 KB (2.59 KB/s).
Aug 15 01:00:03 mac snowflake-proxy[863]: 2026/08/14 19:30:03 In the last 1h0m0s, there were 21 completed successful connections. Traffic Relayed ↓ 72187 KB (20.05 KB/s), ↑ 11205 KB (3.11 KB/s).
Aug 15 02:00:03 mac snowflake-proxy[863]: 2026/08/14 20:30:03 In the last 1h0m0s, there were 15 completed successful connections. Traffic Relayed ↓ 64181 KB (17.83 KB/s), ↑ 7837 KB (2.18 KB/s).
Aug 15 03:00:03 mac snowflake-proxy[863]: 2026/08/14 21:30:03 In the last 1h0m0s, there were 16 completed successful connections. Traffic Relayed ↓ 41991 KB (11.66 KB/s), ↑ 5238 KB (1.46 KB/s).
Aug 15 04:00:03 mac snowflake-proxy[863]: 2026/08/14 22:30:03 In the last 1h0m0s, there were 11 completed successful connections. Traffic Relayed ↓ 291857 KB (81.07 KB/s), ↑ 15358 KB (4.27 KB/s).
Aug 15 05:00:03 mac snowflake-proxy[863]: 2026/08/14 23:30:03 In the last 1h0m0s, there were 15 completed successful connections. Traffic Relayed ↓ 59680 KB (16.58 KB/s), ↑ 5442 KB (1.51 KB/s).
Aug 15 06:00:03 mac snowflake-proxy[863]: 2026/08/15 00:30:03 In the last 1h0m0s, there were 5 completed successful connections. Traffic Relayed ↓ 109377 KB (30.38 KB/s), ↑ 11146 KB (3.10 KB/s).
Aug 15 07:00:03 mac snowflake-proxy[863]: 2026/08/15 01:30:03 In the last 1h0m0s, there were 7 completed successful connections. Traffic Relayed ↓ 268696 KB (74.64 KB/s), ↑ 25494 KB (7.08 KB/s).
Aug 15 08:00:03 mac snowflake-proxy[863]: 2026/08/15 02:30:03 In the last 1h0m0s, there were 8 completed successful connections. Traffic Relayed ↓ 151942 KB (42.21 KB/s), ↑ 12231 KB (3.40 KB/s).
Aug 15 09:00:03 mac snowflake-proxy[863]: 2026/08/15 03:30:03 In the last 1h0m0s, there were 13 completed successful connections. Traffic Relayed ↓ 128765 KB (35.77 KB/s), ↑ 10416 KB (2.89 KB/s).
Aug 15 10:00:03 mac snowflake-proxy[863]: 2026/08/15 04:30:03 In the last 1h0m0s, there were 17 completed successful connections. Traffic Relayed ↓ 27598 KB (7.67 KB/s), ↑ 3875 KB (1.08 KB/s).
Aug 15 11:00:03 mac snowflake-proxy[863]: 2026/08/15 05:30:03 In the last 1h0m0s, there were 15 completed successful connections. Traffic Relayed ↓ 24361 KB (6.77 KB/s), ↑ 3372 KB (0.94 KB/s).
Aug 15 12:00:03 mac snowflake-proxy[863]: 2026/08/15 06:30:03 In the last 1h0m0s, there were 17 completed successful connections. Traffic Relayed ↓ 238037 KB (66.12 KB/s), ↑ 14690 KB (4.08 KB/s).
Aug 15 13:00:03 mac snowflake-proxy[863]: 2026/08/15 07:30:03 In the last 1h0m0s, there were 12 completed successful connections. Traffic Relayed ↓ 121428 KB (33.73 KB/s), ↑ 37758 KB (10.49 KB/s).
Aug 15 14:00:03 mac snowflake-proxy[863]: 2026/08/15 08:30:03 In the last 1h0m0s, there were 20 completed successful connections. Traffic Relayed ↓ 47387 KB (13.16 KB/s), ↑ 17937 KB (4.98 KB/s).
Aug 15 15:00:03 mac snowflake-proxy[863]: 2026/08/15 09:30:03 In the last 1h0m0s, there were 13 completed successful connections. Traffic Relayed ↓ 50224 KB (13.95 KB/s), ↑ 6479 KB (1.80 KB/s).
Aug 15 16:00:03 mac snowflake-proxy[863]: 2026/08/15 10:30:03 In the last 1h0m0s, there were 18 completed successful connections. Traffic Relayed ↓ 200356 KB (55.65 KB/s), ↑ 20463 KB (5.68 KB/s).
Aug 15 17:00:03 mac snowflake-proxy[863]: 2026/08/15 11:30:03 In the last 1h0m0s, there were 15 completed successful connections. Traffic Relayed ↓ 133161 KB (36.99 KB/s), ↑ 18702 KB (5.20 KB/s).
Aug 15 18:00:03 mac snowflake-proxy[863]: 2026/08/15 12:30:03 In the last 1h0m0s, there were 11 completed successful connections. Traffic Relayed ↓ 132592 KB (36.83 KB/s), ↑ 10689 KB (2.97 KB/s).
Aug 15 19:00:03 mac snowflake-proxy[863]: 2026/08/15 13:30:03 In the last 1h0m0s, there were 12 completed successful connections. Traffic Relayed ↓ 295670 KB (82.13 KB/s), ↑ 17271 KB (4.80 KB/s).
Aug 15 20:00:03 mac snowflake-proxy[863]: 2026/08/15 14:30:03 In the last 1h0m0s, there were 8 completed successful connections. Traffic Relayed ↓ 92279 KB (25.63 KB/s), ↑ 10584 KB (2.94 KB/s).
Aug 15 21:00:03 mac snowflake-proxy[863]: 2026/08/15 15:30:03 In the last 1h0m0s, there were 16 completed successful connections. Traffic Relayed ↓ 37924 KB (10.53 KB/s), ↑ 7514 KB (2.09 KB/s).
Aug 15 22:00:03 mac snowflake-proxy[863]: 2026/08/15 16:30:03 In the last 1h0m0s, there were 10 completed successful connections. Traffic Relayed ↓ 20058 KB (5.57 KB/s), ↑ 8043 KB (2.23 KB/s).
Aug 15 23:00:03 mac snowflake-proxy[863]: 2026/08/15 17:30:03 In the last 1h0m0s, there were 24 completed successful connections. Traffic Relayed ↓ 9713 KB (2.70 KB/s), ↑ 5405 KB (1.50 KB/s).
