Aug 30 06:24:29 mac systemd[1]: /etc/systemd/system/snowflake.service:10: Special user nobody configured, this is not safe!
Aug 30 06:24:32 mac systemd[1]: Started Tor Snowflake Proxy.
Aug 30 06:24:32 mac snowflake-proxy[865]: 2026/08/30 06:24:32 Using geoip file  /usr/share/tor/geoip  with checksum b08bfe286dc8f11f29aaceafb6f7ef0f5c771042
Aug 30 06:24:32 mac snowflake-proxy[865]: 2026/08/30 06:24:32 Loaded  385602  entries into table
Aug 30 06:24:32 mac snowflake-proxy[865]: 2026/08/30 06:24:32 Using geoip file  /usr/share/tor/geoip6  with checksum 9d85004fba941079cfe018f0599e6a337c4e45a1
Aug 30 06:24:32 mac snowflake-proxy[865]: 2026/08/30 06:24:32 Loaded  276626  entries into table
Aug 30 06:24:32 mac snowflake-proxy[865]: 2026/08/30 00:54:32 Proxy starting
Aug 30 06:24:32 mac snowflake-proxy[865]: 2026/08/30 00:54:32 NAT type: unknown
Aug 30 07:24:32 mac snowflake-proxy[865]: 2026/08/30 01:54:32 In the last 1h0m0s, there were 20 completed successful connections. Traffic Relayed ↓ 297784 KB (82.72 KB/s), ↑ 26015 KB (7.23 KB/s).
Aug 30 08:24:32 mac snowflake-proxy[865]: 2026/08/30 02:54:32 In the last 1h0m0s, there were 19 completed successful connections. Traffic Relayed ↓ 508040 KB (141.12 KB/s), ↑ 30122 KB (8.37 KB/s).
Aug 30 09:24:32 mac snowflake-proxy[865]: 2026/08/30 03:54:32 In the last 1h0m0s, there were 24 completed successful connections. Traffic Relayed ↓ 435548 KB (120.99 KB/s), ↑ 24129 KB (6.70 KB/s).
Aug 30 10:24:32 mac snowflake-proxy[865]: 2026/08/30 04:54:32 In the last 1h0m0s, there were 18 completed successful connections. Traffic Relayed ↓ 27622 KB (7.67 KB/s), ↑ 2840 KB (0.79 KB/s).
Aug 30 11:24:32 mac snowflake-proxy[865]: 2026/08/30 05:54:32 In the last 1h0m0s, there were 26 completed successful connections. Traffic Relayed ↓ 96552 KB (26.82 KB/s), ↑ 6511 KB (1.81 KB/s).
Aug 30 12:24:32 mac snowflake-proxy[865]: 2026/08/30 06:54:32 In the last 1h0m0s, there were 10 completed successful connections. Traffic Relayed ↓ 78963 KB (21.93 KB/s), ↑ 5703 KB (1.58 KB/s).
Aug 30 13:24:32 mac snowflake-proxy[865]: 2026/08/30 07:54:32 In the last 1h0m0s, there were 19 completed successful connections. Traffic Relayed ↓ 16110 KB (4.47 KB/s), ↑ 5725 KB (1.59 KB/s).
Aug 30 14:24:32 mac snowflake-proxy[865]: 2026/08/30 08:54:32 In the last 1h0m0s, there were 15 completed successful connections. Traffic Relayed ↓ 32266 KB (8.96 KB/s), ↑ 6767 KB (1.88 KB/s).
Aug 30 15:24:32 mac snowflake-proxy[865]: 2026/08/30 09:54:32 In the last 1h0m0s, there were 11 completed successful connections. Traffic Relayed ↓ 20712 KB (5.75 KB/s), ↑ 5174 KB (1.44 KB/s).
Aug 30 16:24:32 mac snowflake-proxy[865]: 2026/08/30 10:54:32 In the last 1h0m0s, there were 9 completed successful connections. Traffic Relayed ↓ 57103 KB (15.86 KB/s), ↑ 4289 KB (1.19 KB/s).
Aug 30 17:24:32 mac snowflake-proxy[865]: 2026/08/30 11:54:32 In the last 1h0m0s, there were 13 completed successful connections. Traffic Relayed ↓ 17691 KB (4.91 KB/s), ↑ 4674 KB (1.30 KB/s).
Aug 30 18:24:32 mac snowflake-proxy[865]: 2026/08/30 12:54:32 In the last 1h0m0s, there were 16 completed successful connections. Traffic Relayed ↓ 89384 KB (24.83 KB/s), ↑ 9822 KB (2.73 KB/s).
Aug 30 19:24:32 mac snowflake-proxy[865]: 2026/08/30 13:54:32 In the last 1h0m0s, there were 9 completed successful connections. Traffic Relayed ↓ 564818 KB (156.89 KB/s), ↑ 38356 KB (10.65 KB/s).
Aug 30 20:24:32 mac snowflake-proxy[865]: 2026/08/30 14:54:32 In the last 1h0m0s, there were 8 completed successful connections. Traffic Relayed ↓ 1008730 KB (280.20 KB/s), ↑ 52523 KB (14.59 KB/s).
Aug 30 21:24:32 mac snowflake-proxy[865]: 2026/08/30 15:54:32 In the last 1h0m0s, there were 7 completed successful connections. Traffic Relayed ↓ 79985 KB (22.22 KB/s), ↑ 9991 KB (2.78 KB/s).
Aug 30 22:24:32 mac snowflake-proxy[865]: 2026/08/30 16:54:32 In the last 1h0m0s, there were 8 completed successful connections. Traffic Relayed ↓ 27402 KB (7.61 KB/s), ↑ 3847 KB (1.07 KB/s).
Aug 30 23:24:32 mac snowflake-proxy[865]: 2026/08/30 17:54:32 In the last 1h0m0s, there were 21 completed successful connections. Traffic Relayed ↓ 20745 KB (5.76 KB/s), ↑ 4302 KB (1.20 KB/s).
Aug 31 00:24:32 mac snowflake-proxy[865]: 2026/08/30 18:54:32 In the last 1h0m0s, there were 17 completed successful connections. Traffic Relayed ↓ 172134 KB (47.81 KB/s), ↑ 10036 KB (2.79 KB/s).
Aug 31 01:24:32 mac snowflake-proxy[865]: 2026/08/30 19:54:32 In the last 1h0m0s, there were 18 completed successful connections. Traffic Relayed ↓ 136018 KB (37.78 KB/s), ↑ 11485 KB (3.19 KB/s).
Aug 31 02:24:32 mac snowflake-proxy[865]: 2026/08/30 20:54:32 In the last 1h0m0s, there were 13 completed successful connections. Traffic Relayed ↓ 205660 KB (57.13 KB/s), ↑ 33163 KB (9.21 KB/s).
Aug 31 03:24:32 mac snowflake-proxy[865]: 2026/08/30 21:54:32 In the last 1h0m0s, there were 17 completed successful connections. Traffic Relayed ↓ 375825 KB (104.40 KB/s), ↑ 44751 KB (12.43 KB/s).
Aug 31 04:24:32 mac snowflake-proxy[865]: 2026/08/30 22:54:32 In the last 1h0m0s, there were 8 completed successful connections. Traffic Relayed ↓ 302030 KB (83.90 KB/s), ↑ 22700 KB (6.31 KB/s).
Aug 31 05:24:32 mac snowflake-proxy[865]: 2026/08/30 23:54:32 In the last 1h0m0s, there were 15 completed successful connections. Traffic Relayed ↓ 437133 KB (121.43 KB/s), ↑ 21623 KB (6.01 KB/s).
Aug 31 06:24:32 mac snowflake-proxy[865]: 2026/08/31 00:54:32 In the last 1h0m0s, there were 4 completed successful connections. Traffic Relayed ↓ 59558 KB (16.54 KB/s), ↑ 6417 KB (1.78 KB/s).
Aug 31 07:24:32 mac snowflake-proxy[865]: 2026/08/31 01:54:32 In the last 1h0m0s, there were 10 completed successful connections. Traffic Relayed ↓ 12160 KB (3.38 KB/s), ↑ 1744 KB (0.48 KB/s).
Aug 31 08:24:32 mac snowflake-proxy[865]: 2026/08/31 02:54:32 In the last 1h0m0s, there were 20 completed successful connections. Traffic Relayed ↓ 82590 KB (22.94 KB/s), ↑ 3816 KB (1.06 KB/s).
Aug 31 09:24:32 mac snowflake-proxy[865]: 2026/08/31 03:54:32 In the last 1h0m0s, there were 6 completed successful connections. Traffic Relayed ↓ 17986 KB (5.00 KB/s), ↑ 3901 KB (1.08 KB/s).
Aug 31 10:24:32 mac snowflake-proxy[865]: 2026/08/31 04:54:32 In the last 1h0m0s, there were 7 completed successful connections. Traffic Relayed ↓ 20814 KB (5.78 KB/s), ↑ 3121 KB (0.87 KB/s).
Aug 31 11:24:32 mac snowflake-proxy[865]: 2026/08/31 05:54:32 In the last 1h0m0s, there were 10 completed successful connections. Traffic Relayed ↓ 94151 KB (26.15 KB/s), ↑ 5650 KB (1.57 KB/s).
Aug 31 12:24:32 mac snowflake-proxy[865]: 2026/08/31 06:54:32 In the last 1h0m0s, there were 17 completed successful connections. Traffic Relayed ↓ 107502 KB (29.86 KB/s), ↑ 5877 KB (1.63 KB/s).
Aug 31 13:24:32 mac snowflake-proxy[865]: 2026/08/31 07:54:32 In the last 1h0m0s, there were 11 completed successful connections. Traffic Relayed ↓ 81212 KB (22.56 KB/s), ↑ 20796 KB (5.78 KB/s).
Aug 31 14:24:32 mac snowflake-proxy[865]: 2026/08/31 08:54:32 In the last 1h0m0s, there were 21 completed successful connections. Traffic Relayed ↓ 67998 KB (18.89 KB/s), ↑ 6174 KB (1.72 KB/s).
Aug 31 15:24:32 mac snowflake-proxy[865]: 2026/08/31 09:54:32 In the last 1h0m0s, there were 9 completed successful connections. Traffic Relayed ↓ 68578 KB (19.05 KB/s), ↑ 9554 KB (2.65 KB/s).
Aug 31 16:24:32 mac snowflake-proxy[865]: 2026/08/31 10:54:32 In the last 1h0m0s, there were 9 completed successful connections. Traffic Relayed ↓ 13598 KB (3.78 KB/s), ↑ 3582 KB (0.99 KB/s).
Aug 31 17:24:32 mac snowflake-proxy[865]: 2026/08/31 11:54:32 In the last 1h0m0s, there were 19 completed successful connections. Traffic Relayed ↓ 43613 KB (12.11 KB/s), ↑ 11643 KB (3.23 KB/s).
Aug 31 17:48:36 mac systemd[1]: Stopping Tor Snowflake Proxy...
Aug 31 17:48:36 mac systemd[1]: snowflake.service: Deactivated successfully.
Aug 31 17:48:36 mac systemd[1]: Stopped Tor Snowflake Proxy.
Aug 31 17:48:36 mac systemd[1]: snowflake.service: Consumed 47min 24.266s CPU time over 1d 11h 24min 3.609s wall clock time, 320M memory peak, 828K memory swap peak.
-- Boot c23465f0e2674378902ed87fa2c0fcb4 --
Aug 31 17:49:11 mac systemd[1]: /etc/systemd/system/snowflake.service:10: Special user nobody configured, this is not safe!
Aug 31 17:49:14 mac systemd[1]: Started Tor Snowflake Proxy.
Aug 31 17:49:14 mac snowflake-proxy[863]: 2026/08/31 17:49:14 Using geoip file  /usr/share/tor/geoip  with checksum b08bfe286dc8f11f29aaceafb6f7ef0f5c771042
Aug 31 17:49:14 mac snowflake-proxy[863]: 2026/08/31 17:49:14 Loaded  385602  entries into table
Aug 31 17:49:15 mac snowflake-proxy[863]: 2026/08/31 17:49:15 Using geoip file  /usr/share/tor/geoip6  with checksum 9d85004fba941079cfe018f0599e6a337c4e45a1
Aug 31 17:49:15 mac snowflake-proxy[863]: 2026/08/31 17:49:15 Loaded  276626  entries into table
Aug 31 17:49:15 mac snowflake-proxy[863]: 2026/08/31 12:19:15 Proxy starting
Aug 31 17:49:15 mac snowflake-proxy[863]: 2026/08/31 12:19:15 NAT type: unknown
Aug 31 18:49:15 mac snowflake-proxy[863]: 2026/08/31 13:19:15 In the last 1h0m0s, there were 19 completed successful connections. Traffic Relayed ↓ 33148 KB (9.21 KB/s), ↑ 3770 KB (1.05 KB/s).
Aug 31 19:49:15 mac snowflake-proxy[863]: 2026/08/31 14:19:15 In the last 1h0m0s, there were 15 completed successful connections. Traffic Relayed ↓ 140827 KB (39.12 KB/s), ↑ 15290 KB (4.25 KB/s).
Aug 31 20:49:15 mac snowflake-proxy[863]: 2026/08/31 15:19:15 In the last 1h0m0s, there were 15 completed successful connections. Traffic Relayed ↓ 130483 KB (36.25 KB/s), ↑ 12247 KB (3.40 KB/s).
Aug 31 21:49:15 mac snowflake-proxy[863]: 2026/08/31 16:19:15 In the last 1h0m0s, there were 16 completed successful connections. Traffic Relayed ↓ 78095 KB (21.69 KB/s), ↑ 7021 KB (1.95 KB/s).
Aug 31 22:49:15 mac snowflake-proxy[863]: 2026/08/31 17:19:15 In the last 1h0m0s, there were 21 completed successful connections. Traffic Relayed ↓ 46612 KB (12.95 KB/s), ↑ 3786 KB (1.05 KB/s).
Aug 31 23:49:15 mac snowflake-proxy[863]: 2026/08/31 18:19:15 In the last 1h0m0s, there were 10 completed successful connections. Traffic Relayed ↓ 118224 KB (32.84 KB/s), ↑ 9626 KB (2.67 KB/s).
Sep 01 00:49:15 mac snowflake-proxy[863]: 2026/08/31 19:19:15 In the last 1h0m0s, there were 12 completed successful connections. Traffic Relayed ↓ 73309 KB (20.36 KB/s), ↑ 5580 KB (1.55 KB/s).
Sep 01 01:49:15 mac snowflake-proxy[863]: 2026/08/31 20:19:15 In the last 1h0m0s, there were 12 completed successful connections. Traffic Relayed ↓ 33021 KB (9.17 KB/s), ↑ 5787 KB (1.61 KB/s).
Sep 01 02:49:15 mac snowflake-proxy[863]: 2026/08/31 21:19:15 In the last 1h0m0s, there were 15 completed successful connections. Traffic Relayed ↓ 37479 KB (10.41 KB/s), ↑ 4964 KB (1.38 KB/s).
Sep 01 03:49:15 mac snowflake-proxy[863]: 2026/08/31 22:19:15 In the last 1h0m0s, there were 13 completed successful connections. Traffic Relayed ↓ 9997 KB (2.78 KB/s), ↑ 3072 KB (0.85 KB/s).
Sep 01 04:49:15 mac snowflake-proxy[863]: 2026/08/31 23:19:15 In the last 1h0m0s, there were 8 completed successful connections. Traffic Relayed ↓ 81898 KB (22.75 KB/s), ↑ 8535 KB (2.37 KB/s).
Sep 01 05:49:15 mac snowflake-proxy[863]: 2026/09/01 00:19:15 In the last 1h0m0s, there were 8 completed successful connections. Traffic Relayed ↓ 203929 KB (56.65 KB/s), ↑ 13351 KB (3.71 KB/s).
Sep 01 06:49:15 mac snowflake-proxy[863]: 2026/09/01 01:19:15 In the last 1h0m0s, there were 12 completed successful connections. Traffic Relayed ↓ 355449 KB (98.74 KB/s), ↑ 25707 KB (7.14 KB/s).
Sep 01 07:49:15 mac snowflake-proxy[863]: 2026/09/01 02:19:15 In the last 1h0m0s, there were 12 completed successful connections. Traffic Relayed ↓ 150827 KB (41.90 KB/s), ↑ 26667 KB (7.41 KB/s).
Sep 01 08:49:15 mac snowflake-proxy[863]: 2026/09/01 03:19:15 In the last 1h0m0s, there were 11 completed successful connections. Traffic Relayed ↓ 64804 KB (18.00 KB/s), ↑ 5367 KB (1.49 KB/s).
Sep 01 09:49:15 mac snowflake-proxy[863]: 2026/09/01 04:19:15 In the last 1h0m0s, there were 10 completed successful connections. Traffic Relayed ↓ 168622 KB (46.84 KB/s), ↑ 11742 KB (3.26 KB/s).
Sep 01 10:49:15 mac snowflake-proxy[863]: 2026/09/01 05:19:15 In the last 1h0m0s, there were 22 completed successful connections. Traffic Relayed ↓ 140568 KB (39.05 KB/s), ↑ 12196 KB (3.39 KB/s).
Sep 01 11:49:15 mac snowflake-proxy[863]: 2026/09/01 06:19:15 In the last 1h0m0s, there were 13 completed successful connections. Traffic Relayed ↓ 54691 KB (15.19 KB/s), ↑ 12106 KB (3.36 KB/s).
Sep 01 12:49:15 mac snowflake-proxy[863]: 2026/09/01 07:19:15 In the last 1h0m0s, there were 32 completed successful connections. Traffic Relayed ↓ 27997 KB (7.78 KB/s), ↑ 5693 KB (1.58 KB/s).
Sep 01 13:49:15 mac snowflake-proxy[863]: 2026/09/01 08:19:15 In the last 1h0m0s, there were 19 completed successful connections. Traffic Relayed ↓ 133111 KB (36.98 KB/s), ↑ 26378 KB (7.33 KB/s).
Sep 01 14:49:15 mac snowflake-proxy[863]: 2026/09/01 09:19:15 In the last 1h0m0s, there were 22 completed successful connections. Traffic Relayed ↓ 98447 KB (27.35 KB/s), ↑ 7688 KB (2.14 KB/s).
Sep 01 15:49:15 mac snowflake-proxy[863]: 2026/09/01 10:19:15 In the last 1h0m0s, there were 20 completed successful connections. Traffic Relayed ↓ 83620 KB (23.23 KB/s), ↑ 8822 KB (2.45 KB/s).
Sep 01 16:49:15 mac snowflake-proxy[863]: 2026/09/01 11:19:15 In the last 1h0m0s, there were 21 completed successful connections. Traffic Relayed ↓ 99205 KB (27.56 KB/s), ↑ 8347 KB (2.32 KB/s).
Sep 01 17:49:15 mac snowflake-proxy[863]: 2026/09/01 12:19:15 In the last 1h0m0s, there were 14 completed successful connections. Traffic Relayed ↓ 144325 KB (40.09 KB/s), ↑ 11970 KB (3.33 KB/s).
Sep 01 18:49:15 mac snowflake-proxy[863]: 2026/09/01 13:19:15 In the last 1h0m0s, there were 17 completed successful connections. Traffic Relayed ↓ 74934 KB (20.82 KB/s), ↑ 9105 KB (2.53 KB/s).
Sep 01 19:49:15 mac snowflake-proxy[863]: 2026/09/01 14:19:15 In the last 1h0m0s, there were 18 completed successful connections. Traffic Relayed ↓ 57604 KB (16.00 KB/s), ↑ 10354 KB (2.88 KB/s).
Sep 01 20:49:15 mac snowflake-proxy[863]: 2026/09/01 15:19:15 In the last 1h0m0s, there were 5 completed successful connections. Traffic Relayed ↓ 85736 KB (23.82 KB/s), ↑ 12635 KB (3.51 KB/s).
Sep 01 21:49:15 mac snowflake-proxy[863]: 2026/09/01 16:19:15 In the last 1h0m0s, there were 18 completed successful connections. Traffic Relayed ↓ 37863 KB (10.52 KB/s), ↑ 7016 KB (1.95 KB/s).
Sep 01 22:49:15 mac snowflake-proxy[863]: 2026/09/01 17:19:15 In the last 1h0m0s, there were 16 completed successful connections. Traffic Relayed ↓ 25831 KB (7.18 KB/s), ↑ 2931 KB (0.81 KB/s).
Sep 01 23:49:15 mac snowflake-proxy[863]: 2026/09/01 18:19:15 In the last 1h0m0s, there were 7 completed successful connections. Traffic Relayed ↓ 127259 KB (35.35 KB/s), ↑ 10052 KB (2.79 KB/s).
Sep 02 00:49:15 mac snowflake-proxy[863]: 2026/09/01 19:19:15 In the last 1h0m0s, there were 10 completed successful connections. Traffic Relayed ↓ 197939 KB (54.98 KB/s), ↑ 33460 KB (9.29 KB/s).
Sep 02 01:49:15 mac snowflake-proxy[863]: 2026/09/01 20:19:15 In the last 1h0m0s, there were 9 completed successful connections. Traffic Relayed ↓ 139247 KB (38.68 KB/s), ↑ 23378 KB (6.49 KB/s).
Sep 02 02:49:15 mac snowflake-proxy[863]: 2026/09/01 21:19:15 In the last 1h0m0s, there were 5 completed successful connections. Traffic Relayed ↓ 397627 KB (110.45 KB/s), ↑ 38740 KB (10.76 KB/s).
Sep 02 03:49:15 mac snowflake-proxy[863]: 2026/09/01 22:19:15 In the last 1h0m0s, there were 9 completed successful connections. Traffic Relayed ↓ 158136 KB (43.93 KB/s), ↑ 15092 KB (4.19 KB/s).
Sep 02 04:49:15 mac snowflake-proxy[863]: 2026/09/01 23:19:15 In the last 1h0m0s, there were 4 completed successful connections. Traffic Relayed ↓ 20933 KB (5.81 KB/s), ↑ 3060 KB (0.85 KB/s).
Sep 02 05:49:15 mac snowflake-proxy[863]: 2026/09/02 00:19:15 In the last 1h0m0s, there were 6 completed successful connections. Traffic Relayed ↓ 3439 KB (0.96 KB/s), ↑ 1928 KB (0.54 KB/s).
Sep 02 06:49:15 mac snowflake-proxy[863]: 2026/09/02 01:19:15 In the last 1h0m0s, there were 8 completed successful connections. Traffic Relayed ↓ 3868 KB (1.07 KB/s), ↑ 2443 KB (0.68 KB/s).
Sep 02 07:49:15 mac snowflake-proxy[863]: 2026/09/02 02:19:15 In the last 1h0m0s, there were 7 completed successful connections. Traffic Relayed ↓ 19608 KB (5.45 KB/s), ↑ 4766 KB (1.32 KB/s).
Sep 02 08:49:15 mac snowflake-proxy[863]: 2026/09/02 03:19:15 In the last 1h0m0s, there were 7 completed successful connections. Traffic Relayed ↓ 8847 KB (2.46 KB/s), ↑ 2593 KB (0.72 KB/s).
Sep 02 09:49:15 mac snowflake-proxy[863]: 2026/09/02 04:19:15 In the last 1h0m0s, there were 7 completed successful connections. Traffic Relayed ↓ 114758 KB (31.88 KB/s), ↑ 7786 KB (2.16 KB/s).
Sep 02 10:49:15 mac snowflake-proxy[863]: 2026/09/02 05:19:15 In the last 1h0m0s, there were 9 completed successful connections. Traffic Relayed ↓ 105142 KB (29.21 KB/s), ↑ 8306 KB (2.31 KB/s).
Sep 02 11:49:15 mac snowflake-proxy[863]: 2026/09/02 06:19:15 In the last 1h0m0s, there were 7 completed successful connections. Traffic Relayed ↓ 258869 KB (71.91 KB/s), ↑ 16107 KB (4.47 KB/s).
Sep 02 12:49:15 mac snowflake-proxy[863]: 2026/09/02 07:19:15 In the last 1h0m0s, there were 9 completed successful connections. Traffic Relayed ↓ 390885 KB (108.58 KB/s), ↑ 17750 KB (4.93 KB/s).
Sep 02 13:49:15 mac snowflake-proxy[863]: 2026/09/02 08:19:15 In the last 1h0m0s, there were 7 completed successful connections. Traffic Relayed ↓ 89649 KB (24.90 KB/s), ↑ 7475 KB (2.08 KB/s).
Sep 02 13:52:47 mac systemd[1]: /etc/systemd/system/snowflake.service:10: Special user nobody configured, this is not safe!
Sep 02 14:12:11 mac systemd[1]: Stopping Tor Snowflake Proxy...
Sep 02 14:12:11 mac systemd[1]: snowflake.service: Deactivated successfully.
Sep 02 14:12:11 mac systemd[1]: Stopped Tor Snowflake Proxy.
Sep 02 14:12:11 mac systemd[1]: snowflake.service: Consumed 1h 20min 1.692s CPU time over 1d 20h 22min 56.382s wall clock time, 293.7M memory peak.
-- Boot 09e362acf206433380f268bd9b70afc6 --
Sep 02 14:12:37 mac systemd[1]: /etc/systemd/system/snowflake.service:10: Special user nobody configured, this is not safe!
Sep 02 14:12:40 mac systemd[1]: Started Tor Snowflake Proxy.
Sep 02 14:12:40 mac snowflake-proxy[861]: 2026/09/02 14:12:40 Using geoip file  /usr/share/tor/geoip  with checksum b08bfe286dc8f11f29aaceafb6f7ef0f5c771042
Sep 02 14:12:40 mac snowflake-proxy[861]: 2026/09/02 14:12:40 Loaded  385602  entries into table
Sep 02 14:12:40 mac snowflake-proxy[861]: 2026/09/02 14:12:40 Using geoip file  /usr/share/tor/geoip6  with checksum 9d85004fba941079cfe018f0599e6a337c4e45a1
Sep 02 14:12:40 mac snowflake-proxy[861]: 2026/09/02 14:12:40 Loaded  276626  entries into table
Sep 02 14:12:40 mac snowflake-proxy[861]: 2026/09/02 08:42:40 Proxy starting
Sep 02 14:12:40 mac snowflake-proxy[861]: 2026/09/02 08:42:40 NAT type: unknown
Sep 02 15:12:40 mac snowflake-proxy[861]: 2026/09/02 09:42:40 In the last 1h0m0s, there were 24 completed successful connections. Traffic Relayed ↓ 41854 KB (11.63 KB/s), ↑ 9110 KB (2.53 KB/s).
Sep 02 16:12:40 mac snowflake-proxy[861]: 2026/09/02 10:42:40 In the last 1h0m0s, there were 19 completed successful connections. Traffic Relayed ↓ 108764 KB (30.21 KB/s), ↑ 7926 KB (2.20 KB/s).
Sep 02 17:12:40 mac snowflake-proxy[861]: 2026/09/02 11:42:40 In the last 1h0m0s, there were 11 completed successful connections. Traffic Relayed ↓ 421119 KB (116.98 KB/s), ↑ 31259 KB (8.68 KB/s).
Sep 02 18:12:40 mac snowflake-proxy[861]: 2026/09/02 12:42:40 In the last 1h0m0s, there were 8 completed successful connections. Traffic Relayed ↓ 447178 KB (124.22 KB/s), ↑ 27095 KB (7.53 KB/s).
Sep 02 19:12:40 mac snowflake-proxy[861]: 2026/09/02 13:42:40 In the last 1h0m0s, there were 9 completed successful connections. Traffic Relayed ↓ 122406 KB (34.00 KB/s), ↑ 7662 KB (2.13 KB/s).
Sep 02 20:12:40 mac snowflake-proxy[861]: 2026/09/02 14:42:40 In the last 1h0m0s, there were 23 completed successful connections. Traffic Relayed ↓ 203439 KB (56.51 KB/s), ↑ 14629 KB (4.06 KB/s).
Sep 02 21:12:40 mac snowflake-proxy[861]: 2026/09/02 15:42:40 In the last 1h0m0s, there were 12 completed successful connections. Traffic Relayed ↓ 223401 KB (62.06 KB/s), ↑ 13059 KB (3.63 KB/s).
Sep 02 21:23:45 mac systemd[1]: Stopping Tor Snowflake Proxy...
Sep 02 21:23:45 mac systemd[1]: snowflake.service: Deactivated successfully.
Sep 02 21:23:45 mac systemd[1]: Stopped Tor Snowflake Proxy.
Sep 02 21:23:45 mac systemd[1]: snowflake.service: Consumed 16min 34.597s CPU time over 7h 11min 4.724s wall clock time, 321.3M memory peak.
-- Boot 704b8443001147a8acd1d825d4f43be3 --
Sep 02 21:24:11 mac systemd[1]: /etc/systemd/system/snowflake.service:10: Special user nobody configured, this is not safe!
Sep 02 21:24:14 mac systemd[1]: Started Tor Snowflake Proxy.
Sep 02 21:24:14 mac snowflake-proxy[845]: 2026/09/02 21:24:14 Using geoip file  /usr/share/tor/geoip  with checksum b08bfe286dc8f11f29aaceafb6f7ef0f5c771042
Sep 02 21:24:14 mac snowflake-proxy[845]: 2026/09/02 21:24:14 Loaded  385602  entries into table
Sep 02 21:24:14 mac snowflake-proxy[845]: 2026/09/02 21:24:14 Using geoip file  /usr/share/tor/geoip6  with checksum 9d85004fba941079cfe018f0599e6a337c4e45a1
Sep 02 21:24:14 mac snowflake-proxy[845]: 2026/09/02 21:24:14 Loaded  276626  entries into table
Sep 02 21:24:14 mac snowflake-proxy[845]: 2026/09/02 15:54:14 Proxy starting
Sep 02 21:24:14 mac snowflake-proxy[845]: 2026/09/02 15:54:14 NAT type: unknown
Sep 02 21:51:21 mac systemd[1]: Stopping Tor Snowflake Proxy...
Sep 02 21:51:21 mac systemd[1]: snowflake.service: Deactivated successfully.
Sep 02 21:51:21 mac systemd[1]: Stopped Tor Snowflake Proxy.
Sep 02 21:51:21 mac systemd[1]: snowflake.service: Consumed 4.446s CPU time over 27min 6.916s wall clock time, 199.1M memory peak.
-- Boot 5c8cceb7e57d46b28c9e19ccff5367bd --
Sep 03 06:45:47 mac systemd[1]: /etc/systemd/system/snowflake.service:10: Special user nobody configured, this is not safe!
Sep 03 06:45:49 mac systemd[1]: Started Tor Snowflake Proxy.
Sep 03 06:45:50 mac snowflake-proxy[874]: 2026/09/03 06:45:50 Using geoip file  /usr/share/tor/geoip  with checksum b08bfe286dc8f11f29aaceafb6f7ef0f5c771042
Sep 03 06:45:50 mac snowflake-proxy[874]: 2026/09/03 06:45:50 Loaded  385602  entries into table
Sep 03 06:45:50 mac snowflake-proxy[874]: 2026/09/03 06:45:50 Using geoip file  /usr/share/tor/geoip6  with checksum 9d85004fba941079cfe018f0599e6a337c4e45a1
Sep 03 06:45:50 mac snowflake-proxy[874]: 2026/09/03 06:45:50 Loaded  276626  entries into table
Sep 03 06:45:50 mac snowflake-proxy[874]: 2026/09/03 01:15:50 Proxy starting
Sep 03 06:45:50 mac snowflake-proxy[874]: 2026/09/03 01:15:50 NAT type: unknown
Sep 03 07:45:50 mac snowflake-proxy[874]: 2026/09/03 02:15:50 In the last 1h0m0s, there were 21 completed successful connections. Traffic Relayed ↓ 179946 KB (49.98 KB/s), ↑ 12390 KB (3.44 KB/s).
Sep 03 08:04:24 mac systemd[1]: Stopping Tor Snowflake Proxy...
Sep 03 08:04:24 mac systemd[1]: snowflake.service: Deactivated successfully.
Sep 03 08:04:24 mac systemd[1]: Stopped Tor Snowflake Proxy.
Sep 03 08:04:24 mac systemd[1]: snowflake.service: Consumed 2min 28.045s CPU time over 1h 18min 34.830s wall clock time, 288.4M memory peak.
-- Boot e13ad3c5eb1d4b8584230f6beb09cded --
Sep 03 08:06:21 mac systemd[1]: /etc/systemd/system/snowflake.service:10: Special user nobody configured, this is not safe!
Sep 03 08:06:24 mac systemd[1]: Started Tor Snowflake Proxy.
Sep 03 08:06:24 mac snowflake-proxy[865]: 2026/09/03 08:06:24 Using geoip file  /usr/share/tor/geoip  with checksum b08bfe286dc8f11f29aaceafb6f7ef0f5c771042
Sep 03 08:06:24 mac snowflake-proxy[865]: 2026/09/03 08:06:24 Loaded  385602  entries into table
Sep 03 08:06:25 mac snowflake-proxy[865]: 2026/09/03 08:06:25 Using geoip file  /usr/share/tor/geoip6  with checksum 9d85004fba941079cfe018f0599e6a337c4e45a1
Sep 03 08:06:25 mac snowflake-proxy[865]: 2026/09/03 08:06:25 Loaded  276626  entries into table
Sep 03 08:06:25 mac snowflake-proxy[865]: 2026/09/03 02:36:25 Proxy starting
Sep 03 08:06:25 mac snowflake-proxy[865]: 2026/09/03 02:36:25 NAT type: unknown
Sep 03 09:06:25 mac snowflake-proxy[865]: 2026/09/03 03:36:25 In the last 1h0m0s, there were 22 completed successful connections. Traffic Relayed ↓ 349935 KB (97.20 KB/s), ↑ 14159 KB (3.93 KB/s).
Sep 03 10:06:25 mac snowflake-proxy[865]: 2026/09/03 04:36:25 In the last 1h0m0s, there were 12 completed successful connections. Traffic Relayed ↓ 116895 KB (32.47 KB/s), ↑ 5176 KB (1.44 KB/s).
Sep 03 11:06:25 mac snowflake-proxy[865]: 2026/09/03 05:36:25 In the last 1h0m0s, there were 25 completed successful connections. Traffic Relayed ↓ 17473 KB (4.85 KB/s), ↑ 8692 KB (2.41 KB/s).
Sep 03 12:06:25 mac snowflake-proxy[865]: 2026/09/03 06:36:25 In the last 1h0m0s, there were 35 completed successful connections. Traffic Relayed ↓ 208997 KB (58.05 KB/s), ↑ 18129 KB (5.04 KB/s).
Sep 03 13:06:25 mac snowflake-proxy[865]: 2026/09/03 07:36:25 In the last 1h0m0s, there were 17 completed successful connections. Traffic Relayed ↓ 955645 KB (265.46 KB/s), ↑ 64848 KB (18.01 KB/s).
Sep 03 13:49:12 mac systemd[1]: /etc/systemd/system/snowflake.service:10: Special user nobody configured, this is not safe!
Sep 03 14:06:25 mac snowflake-proxy[865]: 2026/09/03 08:36:25 In the last 1h0m0s, there were 18 completed successful connections. Traffic Relayed ↓ 486438 KB (135.12 KB/s), ↑ 34292 KB (9.53 KB/s).
Sep 03 15:06:25 mac snowflake-proxy[865]: 2026/09/03 09:36:25 In the last 1h0m0s, there were 12 completed successful connections. Traffic Relayed ↓ 168985 KB (46.94 KB/s), ↑ 8978 KB (2.49 KB/s).
Sep 03 16:06:25 mac snowflake-proxy[865]: 2026/09/03 10:36:25 In the last 1h0m0s, there were 15 completed successful connections. Traffic Relayed ↓ 253015 KB (70.28 KB/s), ↑ 16917 KB (4.70 KB/s).
Sep 03 17:06:25 mac snowflake-proxy[865]: 2026/09/03 11:36:25 In the last 1h0m0s, there were 18 completed successful connections. Traffic Relayed ↓ 150306 KB (41.75 KB/s), ↑ 9275 KB (2.58 KB/s).
Sep 03 18:06:25 mac snowflake-proxy[865]: 2026/09/03 12:36:25 In the last 1h0m0s, there were 11 completed successful connections. Traffic Relayed ↓ 324228 KB (90.06 KB/s), ↑ 17011 KB (4.73 KB/s).
Sep 03 19:06:25 mac snowflake-proxy[865]: 2026/09/03 13:36:25 In the last 1h0m0s, there were 8 completed successful connections. Traffic Relayed ↓ 218439 KB (60.68 KB/s), ↑ 15637 KB (4.34 KB/s).
Sep 03 20:06:25 mac snowflake-proxy[865]: 2026/09/03 14:36:25 In the last 1h0m0s, there were 13 completed successful connections. Traffic Relayed ↓ 88674 KB (24.63 KB/s), ↑ 10275 KB (2.85 KB/s).
Sep 03 21:06:25 mac snowflake-proxy[865]: 2026/09/03 15:36:25 In the last 1h0m0s, there were 10 completed successful connections. Traffic Relayed ↓ 30896 KB (8.58 KB/s), ↑ 7327 KB (2.04 KB/s).
Sep 03 22:06:25 mac snowflake-proxy[865]: 2026/09/03 16:36:25 In the last 1h0m0s, there were 16 completed successful connections. Traffic Relayed ↓ 39930 KB (11.09 KB/s), ↑ 8663 KB (2.41 KB/s).
Sep 03 23:06:25 mac snowflake-proxy[865]: 2026/09/03 17:36:25 In the last 1h0m0s, there were 16 completed successful connections. Traffic Relayed ↓ 37747 KB (10.49 KB/s), ↑ 10082 KB (2.80 KB/s).
Sep 04 00:06:25 mac snowflake-proxy[865]: 2026/09/03 18:36:25 In the last 1h0m0s, there were 14 completed successful connections. Traffic Relayed ↓ 239171 KB (66.44 KB/s), ↑ 24533 KB (6.81 KB/s).
Sep 04 01:06:25 mac snowflake-proxy[865]: 2026/09/03 19:36:25 In the last 1h0m0s, there were 12 completed successful connections. Traffic Relayed ↓ 302162 KB (83.93 KB/s), ↑ 27139 KB (7.54 KB/s).
Sep 04 02:06:25 mac snowflake-proxy[865]: 2026/09/03 20:36:25 In the last 1h0m0s, there were 14 completed successful connections. Traffic Relayed ↓ 61386 KB (17.05 KB/s), ↑ 15538 KB (4.32 KB/s).
Sep 04 03:06:25 mac snowflake-proxy[865]: 2026/09/03 21:36:25 In the last 1h0m0s, there were 7 completed successful connections. Traffic Relayed ↓ 54148 KB (15.04 KB/s), ↑ 10205 KB (2.83 KB/s).
Sep 04 04:06:25 mac snowflake-proxy[865]: 2026/09/03 22:36:25 In the last 1h0m0s, there were 20 completed successful connections. Traffic Relayed ↓ 245807 KB (68.28 KB/s), ↑ 20715 KB (5.75 KB/s).
Sep 04 05:06:25 mac snowflake-proxy[865]: 2026/09/03 23:36:25 In the last 1h0m0s, there were 7 completed successful connections. Traffic Relayed ↓ 1362661 KB (378.52 KB/s), ↑ 63191 KB (17.55 KB/s).
Sep 04 06:06:25 mac snowflake-proxy[865]: 2026/09/04 00:36:25 In the last 1h0m0s, there were 7 completed successful connections. Traffic Relayed ↓ 1139663 KB (316.57 KB/s), ↑ 54507 KB (15.14 KB/s).
Sep 04 06:12:04 mac systemd[1]: Stopping Tor Snowflake Proxy...
Sep 04 06:12:04 mac systemd[1]: snowflake.service: Deactivated successfully.
Sep 04 06:12:04 mac systemd[1]: Stopped Tor Snowflake Proxy.
Sep 04 06:12:04 mac systemd[1]: snowflake.service: Consumed 57min 48.237s CPU time over 22h 5min 39.463s wall clock time, 327.1M memory peak.
-- Boot 031d47c220144178a7e1ac4e0c294224 --
Sep 04 06:12:27 mac systemd[1]: /etc/systemd/system/snowflake.service:10: Special user nobody configured, this is not safe!
Sep 04 06:12:30 mac systemd[1]: Started Tor Snowflake Proxy.
Sep 04 06:12:30 mac snowflake-proxy[866]: 2026/09/04 06:12:30 Using geoip file  /usr/share/tor/geoip  with checksum b08bfe286dc8f11f29aaceafb6f7ef0f5c771042
Sep 04 06:12:30 mac snowflake-proxy[866]: 2026/09/04 06:12:30 Loaded  385602  entries into table
Sep 04 06:12:31 mac snowflake-proxy[866]: 2026/09/04 06:12:31 Using geoip file  /usr/share/tor/geoip6  with checksum 9d85004fba941079cfe018f0599e6a337c4e45a1
Sep 04 06:12:31 mac snowflake-proxy[866]: 2026/09/04 06:12:31 Loaded  276626  entries into table
Sep 04 06:12:31 mac snowflake-proxy[866]: 2026/09/04 00:42:31 Proxy starting
Sep 04 06:12:31 mac snowflake-proxy[866]: 2026/09/04 00:42:31 NAT type: unknown
Sep 04 07:12:31 mac snowflake-proxy[866]: 2026/09/04 01:42:31 In the last 1h0m0s, there were 8 completed successful connections. Traffic Relayed ↓ 760 KB (0.21 KB/s), ↑ 358 KB (0.10 KB/s).
Sep 04 08:12:31 mac snowflake-proxy[866]: 2026/09/04 02:42:31 In the last 1h0m0s, there were 31 completed successful connections. Traffic Relayed ↓ 108373 KB (30.10 KB/s), ↑ 9142 KB (2.54 KB/s).
Sep 04 09:12:31 mac snowflake-proxy[866]: 2026/09/04 03:42:31 In the last 1h0m0s, there were 20 completed successful connections. Traffic Relayed ↓ 114181 KB (31.72 KB/s), ↑ 17012 KB (4.73 KB/s).
Sep 04 10:12:31 mac snowflake-proxy[866]: 2026/09/04 04:42:31 In the last 1h0m0s, there were 19 completed successful connections. Traffic Relayed ↓ 298194 KB (82.83 KB/s), ↑ 36219 KB (10.06 KB/s).
Sep 04 11:12:31 mac snowflake-proxy[866]: 2026/09/04 05:42:31 In the last 1h0m0s, there were 21 completed successful connections. Traffic Relayed ↓ 70950 KB (19.71 KB/s), ↑ 6382 KB (1.77 KB/s).
Sep 04 12:12:31 mac snowflake-proxy[866]: 2026/09/04 06:42:31 In the last 1h0m0s, there were 9 completed successful connections. Traffic Relayed ↓ 223122 KB (61.98 KB/s), ↑ 20124 KB (5.59 KB/s).
Sep 04 13:12:31 mac snowflake-proxy[866]: 2026/09/04 07:42:31 In the last 1h0m0s, there were 10 completed successful connections. Traffic Relayed ↓ 129204 KB (35.89 KB/s), ↑ 25041 KB (6.96 KB/s).
Sep 04 14:12:31 mac snowflake-proxy[866]: 2026/09/04 08:42:31 In the last 1h0m0s, there were 5 completed successful connections. Traffic Relayed ↓ 156108 KB (43.36 KB/s), ↑ 25164 KB (6.99 KB/s).
Sep 04 15:12:31 mac snowflake-proxy[866]: 2026/09/04 09:42:31 In the last 1h0m0s, there were 15 completed successful connections. Traffic Relayed ↓ 21235 KB (5.90 KB/s), ↑ 5070 KB (1.41 KB/s).
Sep 04 15:57:58 mac systemd[1]: Stopping Tor Snowflake Proxy...
Sep 04 15:57:58 mac systemd[1]: snowflake.service: Deactivated successfully.
Sep 04 15:57:58 mac systemd[1]: Stopped Tor Snowflake Proxy.
Sep 04 15:57:58 mac systemd[1]: snowflake.service: Consumed 16min 18.343s CPU time over 9h 45min 27.847s wall clock time, 291.2M memory peak.
-- Boot 51dbbd00d2a446a99a2362df7a63cf39 --
Sep 04 15:58:21 mac systemd[1]: /etc/systemd/system/snowflake.service:10: Special user nobody configured, this is not safe!
Sep 04 15:58:24 mac systemd[1]: Started Tor Snowflake Proxy.
Sep 04 15:58:24 mac snowflake-proxy[809]: 2026/09/04 15:58:24 Using geoip file  /usr/share/tor/geoip  with checksum b08bfe286dc8f11f29aaceafb6f7ef0f5c771042
Sep 04 15:58:24 mac snowflake-proxy[809]: 2026/09/04 15:58:24 Loaded  385602  entries into table
Sep 04 15:58:24 mac snowflake-proxy[809]: 2026/09/04 15:58:24 Using geoip file  /usr/share/tor/geoip6  with checksum 9d85004fba941079cfe018f0599e6a337c4e45a1
Sep 04 15:58:24 mac snowflake-proxy[809]: 2026/09/04 15:58:24 Loaded  276626  entries into table
Sep 04 15:58:24 mac snowflake-proxy[809]: 2026/09/04 10:28:24 Proxy starting
Sep 04 15:58:24 mac snowflake-proxy[809]: 2026/09/04 10:28:24 NAT type: unknown
Sep 04 16:58:24 mac snowflake-proxy[809]: 2026/09/04 11:28:24 In the last 1h0m0s, there were 22 completed successful connections. Traffic Relayed ↓ 111390 KB (30.94 KB/s), ↑ 11875 KB (3.30 KB/s).
Sep 04 17:58:24 mac snowflake-proxy[809]: 2026/09/04 12:28:24 In the last 1h0m0s, there were 12 completed successful connections. Traffic Relayed ↓ 117599 KB (32.67 KB/s), ↑ 10205 KB (2.83 KB/s).
Sep 04 18:58:24 mac snowflake-proxy[809]: 2026/09/04 13:28:24 In the last 1h0m0s, there were 13 completed successful connections. Traffic Relayed ↓ 27616 KB (7.67 KB/s), ↑ 5213 KB (1.45 KB/s).
Sep 04 19:58:24 mac snowflake-proxy[809]: 2026/09/04 14:28:24 In the last 1h0m0s, there were 16 completed successful connections. Traffic Relayed ↓ 92307 KB (25.64 KB/s), ↑ 16577 KB (4.60 KB/s).
Sep 04 20:58:24 mac snowflake-proxy[809]: 2026/09/04 15:28:24 In the last 1h0m0s, there were 13 completed successful connections. Traffic Relayed ↓ 146197 KB (40.61 KB/s), ↑ 13894 KB (3.86 KB/s).
Sep 04 21:08:48 mac systemd[1]: Stopping Tor Snowflake Proxy...
Sep 04 21:08:48 mac systemd[1]: snowflake.service: Deactivated successfully.
Sep 04 21:08:48 mac systemd[1]: Stopped Tor Snowflake Proxy.
Sep 04 21:08:48 mac systemd[1]: snowflake.service: Consumed 8min 16.582s CPU time over 5h 10min 24.165s wall clock time, 308.6M memory peak.
-- Boot 2141de4c990e4d9094d67a177059b71c --
Sep 05 06:00:40 mac systemd[1]: /etc/systemd/system/snowflake.service:10: Special user nobody configured, this is not safe!
Sep 05 06:00:42 mac systemd[1]: Started Tor Snowflake Proxy.
Sep 05 06:00:43 mac snowflake-proxy[872]: 2026/09/05 06:00:43 Using geoip file  /usr/share/tor/geoip  with checksum b08bfe286dc8f11f29aaceafb6f7ef0f5c771042
Sep 05 06:00:43 mac snowflake-proxy[872]: 2026/09/05 06:00:43 Loaded  385602  entries into table
Sep 05 06:00:43 mac snowflake-proxy[872]: 2026/09/05 06:00:43 Using geoip file  /usr/share/tor/geoip6  with checksum 9d85004fba941079cfe018f0599e6a337c4e45a1
Sep 05 06:00:43 mac snowflake-proxy[872]: 2026/09/05 06:00:43 Loaded  276626  entries into table
Sep 05 06:00:43 mac snowflake-proxy[872]: 2026/09/05 00:30:43 Proxy starting
Sep 05 06:00:43 mac snowflake-proxy[872]: 2026/09/05 00:30:43 NAT type: unknown
Sep 05 07:00:43 mac snowflake-proxy[872]: 2026/09/05 01:30:43 In the last 1h0m0s, there were 17 completed successful connections. Traffic Relayed ↓ 56722 KB (15.76 KB/s), ↑ 3472 KB (0.96 KB/s).
Sep 05 08:00:43 mac snowflake-proxy[872]: 2026/09/05 02:30:43 In the last 1h0m0s, there were 18 completed successful connections. Traffic Relayed ↓ 18342 KB (5.09 KB/s), ↑ 3091 KB (0.86 KB/s).
Sep 05 08:46:55 mac systemd[1]: Stopping Tor Snowflake Proxy...
Sep 05 08:46:55 mac systemd[1]: snowflake.service: Deactivated successfully.
Sep 05 08:46:55 mac systemd[1]: Stopped Tor Snowflake Proxy.
Sep 05 08:46:55 mac systemd[1]: snowflake.service: Consumed 2min 59.251s CPU time over 2h 46min 13.018s wall clock time, 304.9M memory peak.
-- Boot 42c21faf36494e9eb0fcffec640fbf2f --
Sep 05 08:47:23 mac systemd[1]: /etc/systemd/system/snowflake.service:10: Special user nobody configured, this is not safe!
Sep 05 08:47:26 mac systemd[1]: Started Tor Snowflake Proxy.
Sep 05 08:47:26 mac snowflake-proxy[865]: 2026/09/05 08:47:26 Using geoip file  /usr/share/tor/geoip  with checksum b08bfe286dc8f11f29aaceafb6f7ef0f5c771042
Sep 05 08:47:26 mac snowflake-proxy[865]: 2026/09/05 08:47:26 Loaded  385602  entries into table
Sep 05 08:47:27 mac snowflake-proxy[865]: 2026/09/05 08:47:27 Using geoip file  /usr/share/tor/geoip6  with checksum 9d85004fba941079cfe018f0599e6a337c4e45a1
Sep 05 08:47:27 mac snowflake-proxy[865]: 2026/09/05 08:47:27 Loaded  276626  entries into table
Sep 05 08:47:27 mac snowflake-proxy[865]: 2026/09/05 03:17:27 Proxy starting
Sep 05 08:47:27 mac snowflake-proxy[865]: 2026/09/05 03:17:27 NAT type: unknown
Sep 05 09:47:27 mac snowflake-proxy[865]: 2026/09/05 04:17:27 In the last 1h0m0s, there were 12 completed successful connections. Traffic Relayed ↓ 28021 KB (7.78 KB/s), ↑ 4567 KB (1.27 KB/s).
Sep 05 10:47:27 mac snowflake-proxy[865]: 2026/09/05 05:17:27 In the last 1h0m0s, there were 25 completed successful connections. Traffic Relayed ↓ 110345 KB (30.65 KB/s), ↑ 8415 KB (2.34 KB/s).
Sep 05 11:47:27 mac snowflake-proxy[865]: 2026/09/05 06:17:27 In the last 1h0m0s, there were 17 completed successful connections. Traffic Relayed ↓ 38971 KB (10.83 KB/s), ↑ 9971 KB (2.77 KB/s).
Sep 05 11:50:30 mac systemd[1]: Stopping Tor Snowflake Proxy...
Sep 05 11:50:30 mac systemd[1]: snowflake.service: Deactivated successfully.
Sep 05 11:50:30 mac systemd[1]: Stopped Tor Snowflake Proxy.
Sep 05 11:50:30 mac systemd[1]: snowflake.service: Consumed 4min 12.625s CPU time over 3h 59.019s wall clock time, 259.2M memory peak.
-- Boot d33ef3087c10473f80e0b3cacae9bc8f --
Sep 05 11:50:53 mac systemd[1]: /etc/systemd/system/snowflake.service:10: Special user nobody configured, this is not safe!
Sep 05 11:50:56 mac systemd[1]: Started Tor Snowflake Proxy.
Sep 05 11:50:56 mac snowflake-proxy[808]: 2026/09/05 11:50:56 Using geoip file  /usr/share/tor/geoip  with checksum b08bfe286dc8f11f29aaceafb6f7ef0f5c771042
Sep 05 11:50:56 mac snowflake-proxy[808]: 2026/09/05 11:50:56 Loaded  385602  entries into table
Sep 05 11:50:56 mac snowflake-proxy[808]: 2026/09/05 11:50:56 Using geoip file  /usr/share/tor/geoip6  with checksum 9d85004fba941079cfe018f0599e6a337c4e45a1
Sep 05 11:50:56 mac snowflake-proxy[808]: 2026/09/05 11:50:56 Loaded  276626  entries into table
Sep 05 11:50:56 mac snowflake-proxy[808]: 2026/09/05 06:20:56 Proxy starting
Sep 05 11:50:56 mac snowflake-proxy[808]: 2026/09/05 06:20:56 NAT type: unknown
Sep 05 12:50:57 mac snowflake-proxy[808]: 2026/09/05 07:20:57 In the last 1h0m0s, there were 25 completed successful connections. Traffic Relayed ↓ 28687 KB (7.97 KB/s), ↑ 4094 KB (1.14 KB/s).
Sep 05 13:50:57 mac snowflake-proxy[808]: 2026/09/05 08:20:57 In the last 1h0m0s, there were 20 completed successful connections. Traffic Relayed ↓ 118584 KB (32.94 KB/s), ↑ 8861 KB (2.46 KB/s).
Sep 05 14:50:57 mac snowflake-proxy[808]: 2026/09/05 09:20:57 In the last 1h0m0s, there were 23 completed successful connections. Traffic Relayed ↓ 54040 KB (15.01 KB/s), ↑ 6136 KB (1.70 KB/s).
Sep 05 15:50:59 mac snowflake-proxy[808]: 2026/09/05 10:20:59 In the last 1h0m0s, there were 30 completed successful connections. Traffic Relayed ↓ 20431 KB (5.68 KB/s), ↑ 5095 KB (1.42 KB/s).
Sep 05 16:50:59 mac snowflake-proxy[808]: 2026/09/05 11:20:59 In the last 1h0m0s, there were 34 completed successful connections. Traffic Relayed ↓ 84059 KB (23.35 KB/s), ↑ 12214 KB (3.39 KB/s).
Sep 05 17:50:59 mac snowflake-proxy[808]: 2026/09/05 12:20:59 In the last 1h0m0s, there were 23 completed successful connections. Traffic Relayed ↓ 63583 KB (17.66 KB/s), ↑ 11075 KB (3.08 KB/s).
Sep 05 18:50:59 mac snowflake-proxy[808]: 2026/09/05 13:20:59 In the last 1h0m0s, there were 25 completed successful connections. Traffic Relayed ↓ 195009 KB (54.17 KB/s), ↑ 26109 KB (7.25 KB/s).
Sep 05 19:50:59 mac snowflake-proxy[808]: 2026/09/05 14:20:59 In the last 1h0m0s, there were 6 completed successful connections. Traffic Relayed ↓ 173810 KB (48.28 KB/s), ↑ 29124 KB (8.09 KB/s).
Sep 05 20:50:59 mac snowflake-proxy[808]: 2026/09/05 15:20:59 In the last 1h0m0s, there were 12 completed successful connections. Traffic Relayed ↓ 39872 KB (11.08 KB/s), ↑ 12241 KB (3.40 KB/s).
Sep 05 21:50:59 mac snowflake-proxy[808]: 2026/09/05 16:20:59 In the last 1h0m0s, there were 13 completed successful connections. Traffic Relayed ↓ 27433 KB (7.62 KB/s), ↑ 3771 KB (1.05 KB/s).
Sep 05 22:02:27 mac systemd[1]: Stopping Tor Snowflake Proxy...
Sep 05 22:02:27 mac systemd[1]: snowflake.service: Deactivated successfully.
Sep 05 22:02:27 mac systemd[1]: Stopped Tor Snowflake Proxy.
Sep 05 22:02:27 mac systemd[1]: snowflake.service: Consumed 10min 44.668s CPU time over 10h 11min 28.302s wall clock time, 314.9M memory peak, 97.7M memory swap peak.
