Aug 23 00:08:34 mac snowflake-proxy[880]: 2026/08/22 18:38:34 In the last 1h0m0s, there were 15 completed successful connections. Traffic Relayed ↓ 20695 KB (5.75 KB/s), ↑ 3341 KB (0.93 KB/s).
Aug 23 01:08:34 mac snowflake-proxy[880]: 2026/08/22 19:38:34 In the last 1h0m0s, there were 14 completed successful connections. Traffic Relayed ↓ 72409 KB (20.11 KB/s), ↑ 17888 KB (4.97 KB/s).
Aug 23 02:08:34 mac snowflake-proxy[880]: 2026/08/22 20:38:34 In the last 1h0m0s, there were 8 completed successful connections. Traffic Relayed ↓ 54621 KB (15.17 KB/s), ↑ 15608 KB (4.34 KB/s).
Aug 23 03:08:34 mac snowflake-proxy[880]: 2026/08/22 21:38:34 In the last 1h0m0s, there were 10 completed successful connections. Traffic Relayed ↓ 60827 KB (16.90 KB/s), ↑ 4668 KB (1.30 KB/s).
Aug 23 04:08:34 mac snowflake-proxy[880]: 2026/08/22 22:38:34 In the last 1h0m0s, there were 19 completed successful connections. Traffic Relayed ↓ 13195 KB (3.67 KB/s), ↑ 2912 KB (0.81 KB/s).
Aug 23 05:08:34 mac snowflake-proxy[880]: 2026/08/22 23:38:34 In the last 1h0m0s, there were 10 completed successful connections. Traffic Relayed ↓ 35588 KB (9.89 KB/s), ↑ 4084 KB (1.13 KB/s).
Aug 23 06:08:34 mac snowflake-proxy[880]: 2026/08/23 00:38:34 In the last 1h0m0s, there were 2 completed successful connections. Traffic Relayed ↓ 187896 KB (52.19 KB/s), ↑ 11026 KB (3.06 KB/s).
Aug 23 06:35:59 mac systemd[1]: Stopping Tor Snowflake Proxy...
Aug 23 06:35:59 mac systemd[1]: snowflake.service: Deactivated successfully.
Aug 23 06:35:59 mac systemd[1]: Stopped Tor Snowflake Proxy.
Aug 23 06:35:59 mac systemd[1]: snowflake.service: Consumed 36min 43.643s CPU time over 1d 1h 27min 24.535s wall clock time, 314.7M memory peak.
-- Boot ef803d76028f4daca5edc236e9a302af --
Aug 23 06:36:22 mac systemd[1]: /etc/systemd/system/snowflake.service:10: Special user nobody configured, this is not safe!
Aug 23 06:36:25 mac systemd[1]: Started Tor Snowflake Proxy.
Aug 23 06:36:25 mac snowflake-proxy[860]: 2026/08/23 06:36:25 Using geoip file  /usr/share/tor/geoip  with checksum b08bfe286dc8f11f29aaceafb6f7ef0f5c771042
Aug 23 06:36:25 mac snowflake-proxy[860]: 2026/08/23 06:36:25 Loaded  385602  entries into table
Aug 23 06:36:25 mac snowflake-proxy[860]: 2026/08/23 06:36:25 Using geoip file  /usr/share/tor/geoip6  with checksum 9d85004fba941079cfe018f0599e6a337c4e45a1
Aug 23 06:36:25 mac snowflake-proxy[860]: 2026/08/23 06:36:25 Loaded  276626  entries into table
Aug 23 06:36:25 mac snowflake-proxy[860]: 2026/08/23 01:06:25 Proxy starting
Aug 23 06:36:25 mac snowflake-proxy[860]: 2026/08/23 01:06:25 NAT type: unknown
Aug 23 07:36:25 mac snowflake-proxy[860]: 2026/08/23 02:06:25 In the last 1h0m0s, there were 15 completed successful connections. Traffic Relayed ↓ 17290 KB (4.80 KB/s), ↑ 2527 KB (0.70 KB/s).
Aug 23 08:36:25 mac snowflake-proxy[860]: 2026/08/23 03:06:25 In the last 1h0m0s, there were 14 completed successful connections. Traffic Relayed ↓ 215818 KB (59.95 KB/s), ↑ 14494 KB (4.03 KB/s).
Aug 23 09:36:25 mac snowflake-proxy[860]: 2026/08/23 04:06:25 In the last 1h0m0s, there were 12 completed successful connections. Traffic Relayed ↓ 243698 KB (67.69 KB/s), ↑ 14004 KB (3.89 KB/s).
Aug 23 10:36:25 mac snowflake-proxy[860]: 2026/08/23 05:06:25 In the last 1h0m0s, there were 18 completed successful connections. Traffic Relayed ↓ 58025 KB (16.12 KB/s), ↑ 4940 KB (1.37 KB/s).
Aug 23 11:36:25 mac snowflake-proxy[860]: 2026/08/23 06:06:25 In the last 1h0m0s, there were 25 completed successful connections. Traffic Relayed ↓ 140918 KB (39.14 KB/s), ↑ 15485 KB (4.30 KB/s).
Aug 23 12:36:25 mac snowflake-proxy[860]: 2026/08/23 07:06:25 In the last 1h0m0s, there were 21 completed successful connections. Traffic Relayed ↓ 120855 KB (33.57 KB/s), ↑ 7596 KB (2.11 KB/s).
Aug 23 13:36:25 mac snowflake-proxy[860]: 2026/08/23 08:06:25 In the last 1h0m0s, there were 24 completed successful connections. Traffic Relayed ↓ 116991 KB (32.50 KB/s), ↑ 10552 KB (2.93 KB/s).
Aug 23 14:27:43 mac systemd[1]: Stopping Tor Snowflake Proxy...
Aug 23 14:27:43 mac systemd[1]: snowflake.service: Deactivated successfully.
Aug 23 14:27:43 mac systemd[1]: Stopped Tor Snowflake Proxy.
Aug 23 14:27:43 mac systemd[1]: snowflake.service: Consumed 13min 44.400s CPU time over 7h 51min 17.845s wall clock time, 312.4M memory peak.
-- Boot cdffc862d853426a8007bb53d75ffb41 --
Aug 23 14:28:10 mac systemd[1]: /etc/systemd/system/snowflake.service:10: Special user nobody configured, this is not safe!
Aug 23 14:28:13 mac systemd[1]: Started Tor Snowflake Proxy.
Aug 23 14:28:13 mac snowflake-proxy[863]: 2026/08/23 14:28:13 Using geoip file  /usr/share/tor/geoip  with checksum b08bfe286dc8f11f29aaceafb6f7ef0f5c771042
Aug 23 14:28:13 mac snowflake-proxy[863]: 2026/08/23 14:28:13 Loaded  385602  entries into table
Aug 23 14:28:14 mac snowflake-proxy[863]: 2026/08/23 14:28:14 Using geoip file  /usr/share/tor/geoip6  with checksum 9d85004fba941079cfe018f0599e6a337c4e45a1
Aug 23 14:28:14 mac snowflake-proxy[863]: 2026/08/23 14:28:14 Loaded  276626  entries into table
Aug 23 14:28:14 mac snowflake-proxy[863]: 2026/08/23 08:58:14 Proxy starting
Aug 23 14:28:14 mac snowflake-proxy[863]: 2026/08/23 08:58:14 NAT type: unknown
Aug 23 15:28:14 mac snowflake-proxy[863]: 2026/08/23 09:58:14 In the last 1h0m0s, there were 27 completed successful connections. Traffic Relayed ↓ 39321 KB (10.92 KB/s), ↑ 11289 KB (3.14 KB/s).
Aug 23 16:28:14 mac snowflake-proxy[863]: 2026/08/23 10:58:14 In the last 1h0m0s, there were 24 completed successful connections. Traffic Relayed ↓ 46390 KB (12.89 KB/s), ↑ 9044 KB (2.51 KB/s).
Aug 23 17:28:14 mac snowflake-proxy[863]: 2026/08/23 11:58:14 In the last 1h0m0s, there were 22 completed successful connections. Traffic Relayed ↓ 79492 KB (22.08 KB/s), ↑ 20299 KB (5.64 KB/s).
Aug 23 18:28:14 mac snowflake-proxy[863]: 2026/08/23 12:58:14 In the last 1h0m0s, there were 21 completed successful connections. Traffic Relayed ↓ 33992 KB (9.44 KB/s), ↑ 5568 KB (1.55 KB/s).
Aug 23 19:28:14 mac snowflake-proxy[863]: 2026/08/23 13:58:14 In the last 1h0m0s, there were 14 completed successful connections. Traffic Relayed ↓ 100593 KB (27.94 KB/s), ↑ 8087 KB (2.25 KB/s).
Aug 23 20:28:14 mac snowflake-proxy[863]: 2026/08/23 14:58:14 In the last 1h0m0s, there were 15 completed successful connections. Traffic Relayed ↓ 51278 KB (14.24 KB/s), ↑ 6579 KB (1.83 KB/s).
Aug 23 21:28:14 mac snowflake-proxy[863]: 2026/08/23 15:58:14 In the last 1h0m0s, there were 21 completed successful connections. Traffic Relayed ↓ 44690 KB (12.41 KB/s), ↑ 6574 KB (1.83 KB/s).
Aug 23 22:28:14 mac snowflake-proxy[863]: 2026/08/23 16:58:14 In the last 1h0m0s, there were 31 completed successful connections. Traffic Relayed ↓ 57865 KB (16.07 KB/s), ↑ 5113 KB (1.42 KB/s).
Aug 23 23:28:14 mac snowflake-proxy[863]: 2026/08/23 17:58:14 In the last 1h0m0s, there were 20 completed successful connections. Traffic Relayed ↓ 39563 KB (10.99 KB/s), ↑ 5402 KB (1.50 KB/s).
Aug 24 00:28:14 mac snowflake-proxy[863]: 2026/08/23 18:58:14 In the last 1h0m0s, there were 18 completed successful connections. Traffic Relayed ↓ 44981 KB (12.49 KB/s), ↑ 8888 KB (2.47 KB/s).
Aug 24 01:28:14 mac snowflake-proxy[863]: 2026/08/23 19:58:14 In the last 1h0m0s, there were 14 completed successful connections. Traffic Relayed ↓ 269230 KB (74.79 KB/s), ↑ 20193 KB (5.61 KB/s).
Aug 24 02:28:14 mac snowflake-proxy[863]: 2026/08/23 20:58:14 In the last 1h0m0s, there were 4 completed successful connections. Traffic Relayed ↓ 216287 KB (60.08 KB/s), ↑ 14643 KB (4.07 KB/s).
Aug 24 03:28:14 mac snowflake-proxy[863]: 2026/08/23 21:58:14 In the last 1h0m0s, there were 13 completed successful connections. Traffic Relayed ↓ 72028 KB (20.01 KB/s), ↑ 7493 KB (2.08 KB/s).
Aug 24 04:28:14 mac snowflake-proxy[863]: 2026/08/23 22:58:14 In the last 1h0m0s, there were 19 completed successful connections. Traffic Relayed ↓ 243426 KB (67.62 KB/s), ↑ 13172 KB (3.66 KB/s).
Aug 24 05:28:14 mac snowflake-proxy[863]: 2026/08/23 23:58:14 In the last 1h0m0s, there were 14 completed successful connections. Traffic Relayed ↓ 116063 KB (32.24 KB/s), ↑ 6834 KB (1.90 KB/s).
Aug 24 06:28:14 mac snowflake-proxy[863]: 2026/08/24 00:58:14 In the last 1h0m0s, there were 11 completed successful connections. Traffic Relayed ↓ 50091 KB (13.91 KB/s), ↑ 3296 KB (0.92 KB/s).
Aug 24 07:28:14 mac snowflake-proxy[863]: 2026/08/24 01:58:14 In the last 1h0m0s, there were 4 completed successful connections. Traffic Relayed ↓ 2101 KB (0.58 KB/s), ↑ 1777 KB (0.49 KB/s).
Aug 24 08:28:14 mac snowflake-proxy[863]: 2026/08/24 02:58:14 In the last 1h0m0s, there were 8 completed successful connections. Traffic Relayed ↓ 4029 KB (1.12 KB/s), ↑ 2012 KB (0.56 KB/s).
Aug 24 09:28:14 mac snowflake-proxy[863]: 2026/08/24 03:58:14 In the last 1h0m0s, there were 9 completed successful connections. Traffic Relayed ↓ 137280 KB (38.13 KB/s), ↑ 21205 KB (5.89 KB/s).
Aug 24 10:28:14 mac snowflake-proxy[863]: 2026/08/24 04:58:14 In the last 1h0m0s, there were 6 completed successful connections. Traffic Relayed ↓ 22349 KB (6.21 KB/s), ↑ 10216 KB (2.84 KB/s).
Aug 24 11:20:08 mac systemd[1]: Stopping Tor Snowflake Proxy...
Aug 24 11:20:08 mac systemd[1]: snowflake.service: Deactivated successfully.
Aug 24 11:20:08 mac systemd[1]: Stopped Tor Snowflake Proxy.
Aug 24 11:20:08 mac systemd[1]: snowflake.service: Consumed 29min 6.183s CPU time over 20h 51min 54.407s wall clock time, 302.6M memory peak, 93.9M memory swap peak.
-- Boot 6cade80570a14bdea895b45bc82a1261 --
Aug 24 11:20:39 mac systemd[1]: /etc/systemd/system/snowflake.service:10: Special user nobody configured, this is not safe!
Aug 24 11:20:42 mac systemd[1]: Started Tor Snowflake Proxy.
Aug 24 11:20:42 mac snowflake-proxy[857]: 2026/08/24 11:20:42 Using geoip file  /usr/share/tor/geoip  with checksum b08bfe286dc8f11f29aaceafb6f7ef0f5c771042
Aug 24 11:20:42 mac snowflake-proxy[857]: 2026/08/24 11:20:42 Loaded  385602  entries into table
Aug 24 11:20:42 mac snowflake-proxy[857]: 2026/08/24 11:20:42 Using geoip file  /usr/share/tor/geoip6  with checksum 9d85004fba941079cfe018f0599e6a337c4e45a1
Aug 24 11:20:42 mac snowflake-proxy[857]: 2026/08/24 11:20:42 Loaded  276626  entries into table
Aug 24 11:20:43 mac snowflake-proxy[857]: 2026/08/24 05:50:43 Proxy starting
Aug 24 11:20:43 mac snowflake-proxy[857]: 2026/08/24 05:50:43 NAT type: unknown
Aug 24 12:20:43 mac snowflake-proxy[857]: 2026/08/24 06:50:43 In the last 1h0m0s, there were 19 completed successful connections. Traffic Relayed ↓ 65911 KB (18.31 KB/s), ↑ 13127 KB (3.65 KB/s).
Aug 24 13:20:43 mac snowflake-proxy[857]: 2026/08/24 07:50:43 In the last 1h0m0s, there were 22 completed successful connections. Traffic Relayed ↓ 34727 KB (9.65 KB/s), ↑ 3081 KB (0.86 KB/s).
Aug 24 14:20:43 mac snowflake-proxy[857]: 2026/08/24 08:50:43 In the last 1h0m0s, there were 23 completed successful connections. Traffic Relayed ↓ 156623 KB (43.51 KB/s), ↑ 14602 KB (4.06 KB/s).
Aug 24 15:20:43 mac snowflake-proxy[857]: 2026/08/24 09:50:43 In the last 1h0m0s, there were 10 completed successful connections. Traffic Relayed ↓ 66103 KB (18.36 KB/s), ↑ 7189 KB (2.00 KB/s).
Aug 24 16:20:43 mac snowflake-proxy[857]: 2026/08/24 10:50:43 In the last 1h0m0s, there were 30 completed successful connections. Traffic Relayed ↓ 56633 KB (15.73 KB/s), ↑ 6111 KB (1.70 KB/s).
Aug 24 17:20:43 mac snowflake-proxy[857]: 2026/08/24 11:50:43 In the last 1h0m0s, there were 27 completed successful connections. Traffic Relayed ↓ 26046 KB (7.24 KB/s), ↑ 3455 KB (0.96 KB/s).
Aug 24 18:20:43 mac snowflake-proxy[857]: 2026/08/24 12:50:43 In the last 1h0m0s, there were 25 completed successful connections. Traffic Relayed ↓ 133793 KB (37.16 KB/s), ↑ 10416 KB (2.89 KB/s).
Aug 24 19:20:43 mac snowflake-proxy[857]: 2026/08/24 13:50:43 In the last 1h0m0s, there were 24 completed successful connections. Traffic Relayed ↓ 195075 KB (54.19 KB/s), ↑ 15851 KB (4.40 KB/s).
Aug 24 19:54:50 mac systemd[1]: Stopping Tor Snowflake Proxy...
Aug 24 19:54:50 mac systemd[1]: snowflake.service: Deactivated successfully.
Aug 24 19:54:50 mac systemd[1]: Stopped Tor Snowflake Proxy.
Aug 24 19:54:50 mac systemd[1]: snowflake.service: Consumed 11min 46.767s CPU time over 8h 34min 7.601s wall clock time, 300.5M memory peak, 176.7M memory swap peak.
-- Boot d99d8e76e6394b67bbdd798230c7213b --
Aug 24 19:55:22 mac systemd[1]: /etc/systemd/system/snowflake.service:10: Special user nobody configured, this is not safe!
Aug 24 19:55:25 mac systemd[1]: Started Tor Snowflake Proxy.
Aug 24 19:55:25 mac snowflake-proxy[853]: 2026/08/24 19:55:25 Using geoip file  /usr/share/tor/geoip  with checksum b08bfe286dc8f11f29aaceafb6f7ef0f5c771042
Aug 24 19:55:25 mac snowflake-proxy[853]: 2026/08/24 19:55:25 Loaded  385602  entries into table
Aug 24 19:55:25 mac snowflake-proxy[853]: 2026/08/24 19:55:25 Using geoip file  /usr/share/tor/geoip6  with checksum 9d85004fba941079cfe018f0599e6a337c4e45a1
Aug 24 19:55:25 mac snowflake-proxy[853]: 2026/08/24 19:55:25 Loaded  276626  entries into table
Aug 24 19:55:25 mac snowflake-proxy[853]: 2026/08/24 14:25:25 Proxy starting
Aug 24 19:55:25 mac snowflake-proxy[853]: 2026/08/24 14:25:25 NAT type: unknown
Aug 24 20:55:25 mac snowflake-proxy[853]: 2026/08/24 15:25:25 In the last 1h0m0s, there were 20 completed successful connections. Traffic Relayed ↓ 62746 KB (17.43 KB/s), ↑ 10589 KB (2.94 KB/s).
Aug 24 21:55:25 mac snowflake-proxy[853]: 2026/08/24 16:25:25 In the last 1h0m0s, there were 13 completed successful connections. Traffic Relayed ↓ 8946 KB (2.48 KB/s), ↑ 2152 KB (0.60 KB/s).
Aug 24 22:55:25 mac snowflake-proxy[853]: 2026/08/24 17:25:25 In the last 1h0m0s, there were 29 completed successful connections. Traffic Relayed ↓ 41410 KB (11.50 KB/s), ↑ 4832 KB (1.34 KB/s).
Aug 24 23:55:25 mac snowflake-proxy[853]: 2026/08/24 18:25:25 In the last 1h0m0s, there were 25 completed successful connections. Traffic Relayed ↓ 154814 KB (43.00 KB/s), ↑ 13426 KB (3.73 KB/s).
Aug 25 00:55:25 mac snowflake-proxy[853]: 2026/08/24 19:25:25 In the last 1h0m0s, there were 19 completed successful connections. Traffic Relayed ↓ 264271 KB (73.41 KB/s), ↑ 20210 KB (5.61 KB/s).
Aug 25 01:55:25 mac snowflake-proxy[853]: 2026/08/24 20:25:25 In the last 1h0m0s, there were 11 completed successful connections. Traffic Relayed ↓ 280372 KB (77.88 KB/s), ↑ 16698 KB (4.64 KB/s).
Aug 25 02:55:25 mac snowflake-proxy[853]: 2026/08/24 21:25:25 In the last 1h0m0s, there were 7 completed successful connections. Traffic Relayed ↓ 590345 KB (163.98 KB/s), ↑ 32148 KB (8.93 KB/s).
Aug 25 03:55:25 mac snowflake-proxy[853]: 2026/08/24 22:25:25 In the last 1h0m0s, there were 10 completed successful connections. Traffic Relayed ↓ 683003 KB (189.72 KB/s), ↑ 41669 KB (11.57 KB/s).
Aug 25 04:55:25 mac snowflake-proxy[853]: 2026/08/24 23:25:25 In the last 1h0m0s, there were 9 completed successful connections. Traffic Relayed ↓ 108485 KB (30.13 KB/s), ↑ 7353 KB (2.04 KB/s).
Aug 25 05:55:25 mac snowflake-proxy[853]: 2026/08/25 00:25:25 In the last 1h0m0s, there were 17 completed successful connections. Traffic Relayed ↓ 145186 KB (40.33 KB/s), ↑ 6790 KB (1.89 KB/s).
Aug 25 06:55:25 mac snowflake-proxy[853]: 2026/08/25 01:25:25 In the last 1h0m0s, there were 14 completed successful connections. Traffic Relayed ↓ 715924 KB (198.87 KB/s), ↑ 33767 KB (9.38 KB/s).
Aug 25 07:55:25 mac snowflake-proxy[853]: 2026/08/25 02:25:25 In the last 1h0m0s, there were 21 completed successful connections. Traffic Relayed ↓ 486202 KB (135.06 KB/s), ↑ 22338 KB (6.21 KB/s).
Aug 25 08:55:25 mac snowflake-proxy[853]: 2026/08/25 03:25:25 In the last 1h0m0s, there were 13 completed successful connections. Traffic Relayed ↓ 320347 KB (88.99 KB/s), ↑ 19512 KB (5.42 KB/s).
Aug 25 09:55:25 mac snowflake-proxy[853]: 2026/08/25 04:25:25 In the last 1h0m0s, there were 14 completed successful connections. Traffic Relayed ↓ 22768 KB (6.32 KB/s), ↑ 3326 KB (0.92 KB/s).
Aug 25 10:55:25 mac snowflake-proxy[853]: 2026/08/25 05:25:25 In the last 1h0m0s, there were 0 completed successful connections. Traffic Relayed ↓ 20519 KB (5.70 KB/s), ↑ 4050 KB (1.12 KB/s).
Aug 25 11:55:25 mac snowflake-proxy[853]: 2026/08/25 06:25:25 In the last 1h0m0s, there were 9 completed successful connections. Traffic Relayed ↓ 51224 KB (14.23 KB/s), ↑ 6831 KB (1.90 KB/s).
Aug 25 12:55:25 mac snowflake-proxy[853]: 2026/08/25 07:25:25 In the last 1h0m0s, there were 9 completed successful connections. Traffic Relayed ↓ 120399 KB (33.44 KB/s), ↑ 8098 KB (2.25 KB/s).
Aug 25 13:55:25 mac snowflake-proxy[853]: 2026/08/25 08:25:25 In the last 1h0m0s, there were 6 completed successful connections. Traffic Relayed ↓ 232848 KB (64.68 KB/s), ↑ 19441 KB (5.40 KB/s).
Aug 25 14:55:25 mac snowflake-proxy[853]: 2026/08/25 09:25:25 In the last 1h0m0s, there were 29 completed successful connections. Traffic Relayed ↓ 37243 KB (10.35 KB/s), ↑ 4783 KB (1.33 KB/s).
Aug 25 15:55:25 mac snowflake-proxy[853]: 2026/08/25 10:25:25 In the last 1h0m0s, there were 19 completed successful connections. Traffic Relayed ↓ 85475 KB (23.74 KB/s), ↑ 12975 KB (3.60 KB/s).
Aug 25 16:55:25 mac snowflake-proxy[853]: 2026/08/25 11:25:25 In the last 1h0m0s, there were 22 completed successful connections. Traffic Relayed ↓ 68814 KB (19.11 KB/s), ↑ 10701 KB (2.97 KB/s).
Aug 25 17:55:25 mac snowflake-proxy[853]: 2026/08/25 12:25:25 In the last 1h0m0s, there were 18 completed successful connections. Traffic Relayed ↓ 93370 KB (25.94 KB/s), ↑ 8741 KB (2.43 KB/s).
Aug 25 18:55:25 mac snowflake-proxy[853]: 2026/08/25 13:25:25 In the last 1h0m0s, there were 15 completed successful connections. Traffic Relayed ↓ 30129 KB (8.37 KB/s), ↑ 5643 KB (1.57 KB/s).
Aug 25 19:55:25 mac snowflake-proxy[853]: 2026/08/25 14:25:25 In the last 1h0m0s, there were 12 completed successful connections. Traffic Relayed ↓ 146540 KB (40.71 KB/s), ↑ 10077 KB (2.80 KB/s).
Aug 25 20:55:25 mac snowflake-proxy[853]: 2026/08/25 15:25:25 In the last 1h0m0s, there were 34 completed successful connections. Traffic Relayed ↓ 82457 KB (22.90 KB/s), ↑ 6007 KB (1.67 KB/s).
Aug 25 21:54:23 mac systemd[1]: Stopping Tor Snowflake Proxy...
Aug 25 21:54:23 mac systemd[1]: snowflake.service: Deactivated successfully.
Aug 25 21:54:23 mac systemd[1]: Stopped Tor Snowflake Proxy.
Aug 25 21:54:23 mac systemd[1]: snowflake.service: Consumed 43min 51.665s CPU time over 1d 1h 58min 57.956s wall clock time, 310.3M memory peak, 121.9M memory swap peak.
-- Boot 5ee4a36f12c2455b8124f3cdf9bcaf50 --
Aug 26 06:14:34 mac systemd[1]: /etc/systemd/system/snowflake.service:10: Special user nobody configured, this is not safe!
Aug 26 06:14:37 mac systemd[1]: Started Tor Snowflake Proxy.
Aug 26 06:14:37 mac snowflake-proxy[883]: 2026/08/26 06:14:37 Using geoip file  /usr/share/tor/geoip  with checksum b08bfe286dc8f11f29aaceafb6f7ef0f5c771042
Aug 26 06:14:37 mac snowflake-proxy[883]: 2026/08/26 06:14:37 Loaded  385602  entries into table
Aug 26 06:14:37 mac snowflake-proxy[883]: 2026/08/26 06:14:37 Using geoip file  /usr/share/tor/geoip6  with checksum 9d85004fba941079cfe018f0599e6a337c4e45a1
Aug 26 06:14:37 mac snowflake-proxy[883]: 2026/08/26 06:14:37 Loaded  276626  entries into table
Aug 26 06:14:37 mac snowflake-proxy[883]: 2026/08/26 00:44:37 Proxy starting
Aug 26 06:14:37 mac snowflake-proxy[883]: 2026/08/26 00:44:37 NAT type: unknown
Aug 26 07:14:37 mac snowflake-proxy[883]: 2026/08/26 01:44:37 In the last 1h0m0s, there were 18 completed successful connections. Traffic Relayed ↓ 137044 KB (38.07 KB/s), ↑ 8656 KB (2.40 KB/s).
Aug 26 08:14:37 mac snowflake-proxy[883]: 2026/08/26 02:44:37 In the last 1h0m0s, there were 14 completed successful connections. Traffic Relayed ↓ 111120 KB (30.87 KB/s), ↑ 7566 KB (2.10 KB/s).
Aug 26 09:14:37 mac snowflake-proxy[883]: 2026/08/26 03:44:37 In the last 1h0m0s, there were 11 completed successful connections. Traffic Relayed ↓ 232063 KB (64.46 KB/s), ↑ 10867 KB (3.02 KB/s).
Aug 26 10:14:37 mac snowflake-proxy[883]: 2026/08/26 04:44:37 In the last 1h0m0s, there were 5 completed successful connections. Traffic Relayed ↓ 87333 KB (24.26 KB/s), ↑ 6417 KB (1.78 KB/s).
Aug 26 11:14:37 mac snowflake-proxy[883]: 2026/08/26 05:44:37 In the last 1h0m0s, there were 14 completed successful connections. Traffic Relayed ↓ 44879 KB (12.47 KB/s), ↑ 3068 KB (0.85 KB/s).
Aug 26 12:14:37 mac snowflake-proxy[883]: 2026/08/26 06:44:37 In the last 1h0m0s, there were 22 completed successful connections. Traffic Relayed ↓ 78570 KB (21.82 KB/s), ↑ 11870 KB (3.30 KB/s).
Aug 26 13:14:37 mac snowflake-proxy[883]: 2026/08/26 07:44:37 In the last 1h0m0s, there were 19 completed successful connections. Traffic Relayed ↓ 58139 KB (16.15 KB/s), ↑ 7902 KB (2.19 KB/s).
Aug 26 14:14:37 mac snowflake-proxy[883]: 2026/08/26 08:44:37 In the last 1h0m0s, there were 20 completed successful connections. Traffic Relayed ↓ 132959 KB (36.93 KB/s), ↑ 9900 KB (2.75 KB/s).
Aug 26 15:14:37 mac snowflake-proxy[883]: 2026/08/26 09:44:37 In the last 1h0m0s, there were 13 completed successful connections. Traffic Relayed ↓ 224431 KB (62.34 KB/s), ↑ 16154 KB (4.49 KB/s).
Aug 26 16:14:37 mac snowflake-proxy[883]: 2026/08/26 10:44:37 In the last 1h0m0s, there were 9 completed successful connections. Traffic Relayed ↓ 64106 KB (17.81 KB/s), ↑ 7202 KB (2.00 KB/s).
Aug 26 17:14:37 mac snowflake-proxy[883]: 2026/08/26 11:44:37 In the last 1h0m0s, there were 17 completed successful connections. Traffic Relayed ↓ 20257 KB (5.63 KB/s), ↑ 3242 KB (0.90 KB/s).
Aug 26 18:14:37 mac snowflake-proxy[883]: 2026/08/26 12:44:37 In the last 1h0m0s, there were 16 completed successful connections. Traffic Relayed ↓ 87016 KB (24.17 KB/s), ↑ 19063 KB (5.30 KB/s).
Aug 26 19:14:37 mac snowflake-proxy[883]: 2026/08/26 13:44:37 In the last 1h0m0s, there were 21 completed successful connections. Traffic Relayed ↓ 172465 KB (47.91 KB/s), ↑ 23959 KB (6.66 KB/s).
Aug 26 20:14:37 mac snowflake-proxy[883]: 2026/08/26 14:44:37 In the last 1h0m0s, there were 18 completed successful connections. Traffic Relayed ↓ 129984 KB (36.11 KB/s), ↑ 12220 KB (3.39 KB/s).
Aug 26 21:14:37 mac snowflake-proxy[883]: 2026/08/26 15:44:37 In the last 1h0m0s, there were 15 completed successful connections. Traffic Relayed ↓ 61662 KB (17.13 KB/s), ↑ 3838 KB (1.07 KB/s).
Aug 26 22:14:37 mac snowflake-proxy[883]: 2026/08/26 16:44:37 In the last 1h0m0s, there were 28 completed successful connections. Traffic Relayed ↓ 41539 KB (11.54 KB/s), ↑ 5483 KB (1.52 KB/s).
Aug 26 23:14:37 mac snowflake-proxy[883]: 2026/08/26 17:44:37 In the last 1h0m0s, there were 14 completed successful connections. Traffic Relayed ↓ 26211 KB (7.28 KB/s), ↑ 5058 KB (1.41 KB/s).
Aug 27 00:14:37 mac snowflake-proxy[883]: 2026/08/26 18:44:37 In the last 1h0m0s, there were 4 completed successful connections. Traffic Relayed ↓ 298018 KB (82.78 KB/s), ↑ 17369 KB (4.82 KB/s).
Aug 27 01:14:37 mac snowflake-proxy[883]: 2026/08/26 19:44:37 In the last 1h0m0s, there were 11 completed successful connections. Traffic Relayed ↓ 146571 KB (40.71 KB/s), ↑ 13939 KB (3.87 KB/s).
Aug 27 02:14:37 mac snowflake-proxy[883]: 2026/08/26 20:44:37 In the last 1h0m0s, there were 4 completed successful connections. Traffic Relayed ↓ 191111 KB (53.09 KB/s), ↑ 16213 KB (4.50 KB/s).
Aug 27 03:14:37 mac snowflake-proxy[883]: 2026/08/26 21:44:37 In the last 1h0m0s, there were 9 completed successful connections. Traffic Relayed ↓ 80405 KB (22.33 KB/s), ↑ 6654 KB (1.85 KB/s).
Aug 27 04:14:37 mac snowflake-proxy[883]: 2026/08/26 22:44:37 In the last 1h0m0s, there were 12 completed successful connections. Traffic Relayed ↓ 158670 KB (44.08 KB/s), ↑ 18168 KB (5.05 KB/s).
Aug 27 05:14:37 mac snowflake-proxy[883]: 2026/08/26 23:44:37 In the last 1h0m0s, there were 9 completed successful connections. Traffic Relayed ↓ 322790 KB (89.66 KB/s), ↑ 25644 KB (7.12 KB/s).
Aug 27 06:14:37 mac snowflake-proxy[883]: 2026/08/27 00:44:37 In the last 1h0m0s, there were 0 completed successful connections. Traffic Relayed ↓ 120193 KB (33.39 KB/s), ↑ 15424 KB (4.28 KB/s).
Aug 27 07:14:37 mac snowflake-proxy[883]: 2026/08/27 01:44:37 In the last 1h0m0s, there were 6 completed successful connections. Traffic Relayed ↓ 106595 KB (29.61 KB/s), ↑ 13791 KB (3.83 KB/s).
Aug 27 08:14:37 mac snowflake-proxy[883]: 2026/08/27 02:44:37 In the last 1h0m0s, there were 3 completed successful connections. Traffic Relayed ↓ 106669 KB (29.63 KB/s), ↑ 14847 KB (4.12 KB/s).
Aug 27 09:14:37 mac snowflake-proxy[883]: 2026/08/27 03:44:37 In the last 1h0m0s, there were 7 completed successful connections. Traffic Relayed ↓ 160410 KB (44.56 KB/s), ↑ 18679 KB (5.19 KB/s).
Aug 27 10:14:37 mac snowflake-proxy[883]: 2026/08/27 04:44:37 In the last 1h0m0s, there were 15 completed successful connections. Traffic Relayed ↓ 181331 KB (50.37 KB/s), ↑ 17994 KB (5.00 KB/s).
Aug 27 11:14:37 mac snowflake-proxy[883]: 2026/08/27 05:44:37 In the last 1h0m0s, there were 20 completed successful connections. Traffic Relayed ↓ 79785 KB (22.16 KB/s), ↑ 5629 KB (1.56 KB/s).
Aug 27 12:14:37 mac snowflake-proxy[883]: 2026/08/27 06:44:37 In the last 1h0m0s, there were 17 completed successful connections. Traffic Relayed ↓ 258165 KB (71.71 KB/s), ↑ 16349 KB (4.54 KB/s).
Aug 27 13:14:37 mac snowflake-proxy[883]: 2026/08/27 07:44:37 In the last 1h0m0s, there were 11 completed successful connections. Traffic Relayed ↓ 37464 KB (10.41 KB/s), ↑ 5235 KB (1.45 KB/s).
Aug 27 14:14:37 mac snowflake-proxy[883]: 2026/08/27 08:44:37 In the last 1h0m0s, there were 14 completed successful connections. Traffic Relayed ↓ 10943 KB (3.04 KB/s), ↑ 2639 KB (0.73 KB/s).
Aug 27 15:14:37 mac snowflake-proxy[883]: 2026/08/27 09:44:37 In the last 1h0m0s, there were 8 completed successful connections. Traffic Relayed ↓ 29964 KB (8.32 KB/s), ↑ 3889 KB (1.08 KB/s).
Aug 27 16:14:37 mac snowflake-proxy[883]: 2026/08/27 10:44:37 In the last 1h0m0s, there were 8 completed successful connections. Traffic Relayed ↓ 32930 KB (9.15 KB/s), ↑ 7298 KB (2.03 KB/s).
Aug 27 17:14:37 mac snowflake-proxy[883]: 2026/08/27 11:44:37 In the last 1h0m0s, there were 19 completed successful connections. Traffic Relayed ↓ 24404 KB (6.78 KB/s), ↑ 5919 KB (1.64 KB/s).
Aug 27 18:14:37 mac snowflake-proxy[883]: 2026/08/27 12:44:37 In the last 1h0m0s, there were 11 completed successful connections. Traffic Relayed ↓ 21245 KB (5.90 KB/s), ↑ 1803 KB (0.50 KB/s).
Aug 27 19:14:37 mac snowflake-proxy[883]: 2026/08/27 13:44:37 In the last 1h0m0s, there were 22 completed successful connections. Traffic Relayed ↓ 237652 KB (66.01 KB/s), ↑ 22318 KB (6.20 KB/s).
Aug 27 20:03:14 mac systemd[1]: Stopping Tor Snowflake Proxy...
Aug 27 20:03:14 mac systemd[1]: snowflake.service: Deactivated successfully.
Aug 27 20:03:14 mac systemd[1]: Stopped Tor Snowflake Proxy.
Aug 27 20:03:14 mac systemd[1]: snowflake.service: Consumed 46min 49.632s CPU time over 1d 13h 48min 36.999s wall clock time, 309.2M memory peak, 73.5M memory swap peak.
-- Boot 125e02229b4440d9a3127d9b5013785e --
Aug 27 20:03:42 mac systemd[1]: /etc/systemd/system/snowflake.service:10: Special user nobody configured, this is not safe!
Aug 27 20:03:45 mac systemd[1]: Started Tor Snowflake Proxy.
Aug 27 20:03:45 mac snowflake-proxy[868]: 2026/08/27 20:03:45 Using geoip file  /usr/share/tor/geoip  with checksum b08bfe286dc8f11f29aaceafb6f7ef0f5c771042
Aug 27 20:03:45 mac snowflake-proxy[868]: 2026/08/27 20:03:45 Loaded  385602  entries into table
Aug 27 20:03:45 mac snowflake-proxy[868]: 2026/08/27 20:03:45 Using geoip file  /usr/share/tor/geoip6  with checksum 9d85004fba941079cfe018f0599e6a337c4e45a1
Aug 27 20:03:45 mac snowflake-proxy[868]: 2026/08/27 20:03:45 Loaded  276626  entries into table
Aug 27 20:03:45 mac snowflake-proxy[868]: 2026/08/27 14:33:45 Proxy starting
Aug 27 20:03:45 mac snowflake-proxy[868]: 2026/08/27 14:33:45 NAT type: unknown
Aug 27 21:03:45 mac snowflake-proxy[868]: 2026/08/27 15:33:45 In the last 1h0m0s, there were 30 completed successful connections. Traffic Relayed ↓ 29944 KB (8.32 KB/s), ↑ 5192 KB (1.44 KB/s).
Aug 27 22:03:45 mac snowflake-proxy[868]: 2026/08/27 16:33:45 In the last 1h0m0s, there were 17 completed successful connections. Traffic Relayed ↓ 51362 KB (14.27 KB/s), ↑ 11403 KB (3.17 KB/s).
Aug 27 23:03:45 mac snowflake-proxy[868]: 2026/08/27 17:33:45 In the last 1h0m0s, there were 7 completed successful connections. Traffic Relayed ↓ 14055 KB (3.90 KB/s), ↑ 5224 KB (1.45 KB/s).
Aug 28 00:03:45 mac snowflake-proxy[868]: 2026/08/27 18:33:45 In the last 1h0m0s, there were 8 completed successful connections. Traffic Relayed ↓ 20423 KB (5.67 KB/s), ↑ 6133 KB (1.70 KB/s).
Aug 28 01:03:45 mac snowflake-proxy[868]: 2026/08/27 19:33:45 In the last 1h0m0s, there were 17 completed successful connections. Traffic Relayed ↓ 18852 KB (5.24 KB/s), ↑ 6127 KB (1.70 KB/s).
Aug 28 02:03:45 mac snowflake-proxy[868]: 2026/08/27 20:33:45 In the last 1h0m0s, there were 3 completed successful connections. Traffic Relayed ↓ 93496 KB (25.97 KB/s), ↑ 6233 KB (1.73 KB/s).
Aug 28 03:03:45 mac snowflake-proxy[868]: 2026/08/27 21:33:45 In the last 1h0m0s, there were 8 completed successful connections. Traffic Relayed ↓ 32916 KB (9.14 KB/s), ↑ 6865 KB (1.91 KB/s).
Aug 28 04:03:45 mac snowflake-proxy[868]: 2026/08/27 22:33:45 In the last 1h0m0s, there were 12 completed successful connections. Traffic Relayed ↓ 217014 KB (60.28 KB/s), ↑ 25058 KB (6.96 KB/s).
Aug 28 05:03:45 mac snowflake-proxy[868]: 2026/08/27 23:33:45 In the last 1h0m0s, there were 5 completed successful connections. Traffic Relayed ↓ 325060 KB (90.29 KB/s), ↑ 21973 KB (6.10 KB/s).
Aug 28 06:03:45 mac snowflake-proxy[868]: 2026/08/28 00:33:45 In the last 1h0m0s, there were 11 completed successful connections. Traffic Relayed ↓ 198010 KB (55.00 KB/s), ↑ 18594 KB (5.17 KB/s).
Aug 28 07:03:45 mac snowflake-proxy[868]: 2026/08/28 01:33:45 In the last 1h0m0s, there were 6 completed successful connections. Traffic Relayed ↓ 188361 KB (52.32 KB/s), ↑ 21491 KB (5.97 KB/s).
Aug 28 07:20:47 mac systemd[1]: Stopping Tor Snowflake Proxy...
Aug 28 07:20:47 mac systemd[1]: snowflake.service: Deactivated successfully.
Aug 28 07:20:47 mac systemd[1]: Stopped Tor Snowflake Proxy.
Aug 28 07:20:47 mac systemd[1]: snowflake.service: Consumed 20min 50.911s CPU time over 11h 17min 1.801s wall clock time, 313.7M memory peak.
-- Boot 936ffe4f709049a38dab6b7cbcbd7252 --
Aug 28 07:21:14 mac systemd[1]: /etc/systemd/system/snowflake.service:10: Special user nobody configured, this is not safe!
Aug 28 07:21:17 mac systemd[1]: Started Tor Snowflake Proxy.
Aug 28 07:21:17 mac snowflake-proxy[862]: 2026/08/28 07:21:17 Using geoip file  /usr/share/tor/geoip  with checksum b08bfe286dc8f11f29aaceafb6f7ef0f5c771042
Aug 28 07:21:17 mac snowflake-proxy[862]: 2026/08/28 07:21:17 Loaded  385602  entries into table
Aug 28 07:21:17 mac snowflake-proxy[862]: 2026/08/28 07:21:17 Using geoip file  /usr/share/tor/geoip6  with checksum 9d85004fba941079cfe018f0599e6a337c4e45a1
Aug 28 07:21:17 mac snowflake-proxy[862]: 2026/08/28 07:21:17 Loaded  276626  entries into table
Aug 28 07:21:17 mac snowflake-proxy[862]: 2026/08/28 01:51:17 Proxy starting
Aug 28 07:21:17 mac snowflake-proxy[862]: 2026/08/28 01:51:17 NAT type: unknown
Aug 28 08:21:17 mac snowflake-proxy[862]: 2026/08/28 02:51:17 In the last 1h0m0s, there were 10 completed successful connections. Traffic Relayed ↓ 33949 KB (9.43 KB/s), ↑ 4675 KB (1.30 KB/s).
Aug 28 09:21:17 mac snowflake-proxy[862]: 2026/08/28 03:51:17 In the last 1h0m0s, there were 5 completed successful connections. Traffic Relayed ↓ 63722 KB (17.70 KB/s), ↑ 8825 KB (2.45 KB/s).
Aug 28 10:21:17 mac snowflake-proxy[862]: 2026/08/28 04:51:17 In the last 1h0m0s, there were 13 completed successful connections. Traffic Relayed ↓ 169386 KB (47.05 KB/s), ↑ 11742 KB (3.26 KB/s).
Aug 28 11:21:17 mac snowflake-proxy[862]: 2026/08/28 05:51:17 In the last 1h0m0s, there were 16 completed successful connections. Traffic Relayed ↓ 229453 KB (63.74 KB/s), ↑ 12602 KB (3.50 KB/s).
Aug 28 12:21:17 mac snowflake-proxy[862]: 2026/08/28 06:51:17 In the last 1h0m0s, there were 19 completed successful connections. Traffic Relayed ↓ 189708 KB (52.70 KB/s), ↑ 10465 KB (2.91 KB/s).
Aug 28 13:21:17 mac snowflake-proxy[862]: 2026/08/28 07:51:17 In the last 1h0m0s, there were 10 completed successful connections. Traffic Relayed ↓ 11318 KB (3.14 KB/s), ↑ 3013 KB (0.84 KB/s).
Aug 28 14:21:17 mac snowflake-proxy[862]: 2026/08/28 08:51:17 In the last 1h0m0s, there were 14 completed successful connections. Traffic Relayed ↓ 58163 KB (16.16 KB/s), ↑ 13043 KB (3.62 KB/s).
Aug 28 14:25:13 mac systemd[1]: Stopping Tor Snowflake Proxy...
Aug 28 14:25:13 mac systemd[1]: snowflake.service: Deactivated successfully.
Aug 28 14:25:13 mac systemd[1]: Stopped Tor Snowflake Proxy.
Aug 28 14:25:13 mac systemd[1]: snowflake.service: Consumed 12min 16.125s CPU time over 7h 3min 56.188s wall clock time, 286.8M memory peak.
-- Boot 9952affc8cdc4c849b45f2962d965967 --
Aug 28 14:52:24 mac systemd[1]: /etc/systemd/system/snowflake.service:10: Special user nobody configured, this is not safe!
Aug 28 14:52:27 mac systemd[1]: Started Tor Snowflake Proxy.
Aug 28 14:52:27 mac snowflake-proxy[852]: 2026/08/28 14:52:27 Using geoip file  /usr/share/tor/geoip  with checksum b08bfe286dc8f11f29aaceafb6f7ef0f5c771042
Aug 28 14:52:27 mac snowflake-proxy[852]: 2026/08/28 14:52:27 Loaded  385602  entries into table
Aug 28 14:52:27 mac snowflake-proxy[852]: 2026/08/28 14:52:27 Using geoip file  /usr/share/tor/geoip6  with checksum 9d85004fba941079cfe018f0599e6a337c4e45a1
Aug 28 14:52:27 mac snowflake-proxy[852]: 2026/08/28 14:52:27 Loaded  276626  entries into table
Aug 28 14:52:27 mac snowflake-proxy[852]: 2026/08/28 09:22:27 Proxy starting
Aug 28 14:52:27 mac snowflake-proxy[852]: 2026/08/28 09:22:27 NAT type: unknown
Aug 28 14:55:50 mac systemd[1]: Stopping Tor Snowflake Proxy...
Aug 28 14:55:50 mac systemd[1]: snowflake.service: Deactivated successfully.
Aug 28 14:55:50 mac systemd[1]: Stopped Tor Snowflake Proxy.
Aug 28 14:55:50 mac systemd[1]: snowflake.service: Consumed 511ms CPU time over 3min 23.243s wall clock time, 202.7M memory peak.
-- Boot 51f2f132735e44e2b090624bf91f2669 --
Aug 28 14:56:09 mac systemd[1]: /etc/systemd/system/snowflake.service:10: Special user nobody configured, this is not safe!
Aug 28 14:56:12 mac systemd[1]: Started Tor Snowflake Proxy.
Aug 28 14:56:12 mac snowflake-proxy[853]: 2026/08/28 14:56:12 Using geoip file  /usr/share/tor/geoip  with checksum b08bfe286dc8f11f29aaceafb6f7ef0f5c771042
Aug 28 14:56:12 mac snowflake-proxy[853]: 2026/08/28 14:56:12 Loaded  385602  entries into table
Aug 28 14:56:12 mac snowflake-proxy[853]: 2026/08/28 14:56:12 Using geoip file  /usr/share/tor/geoip6  with checksum 9d85004fba941079cfe018f0599e6a337c4e45a1
Aug 28 14:56:12 mac snowflake-proxy[853]: 2026/08/28 14:56:12 Loaded  276626  entries into table
Aug 28 14:56:12 mac snowflake-proxy[853]: 2026/08/28 09:26:12 Proxy starting
Aug 28 14:56:12 mac snowflake-proxy[853]: 2026/08/28 09:26:12 NAT type: unknown
Aug 28 15:56:12 mac snowflake-proxy[853]: 2026/08/28 10:26:12 In the last 1h0m0s, there were 21 completed successful connections. Traffic Relayed ↓ 22865 KB (6.35 KB/s), ↑ 25139 KB (6.98 KB/s).
Aug 28 16:41:26 mac systemd[1]: Stopping Tor Snowflake Proxy...
Aug 28 16:41:26 mac systemd[1]: snowflake.service: Deactivated successfully.
Aug 28 16:41:26 mac systemd[1]: Stopped Tor Snowflake Proxy.
Aug 28 16:41:26 mac systemd[1]: snowflake.service: Consumed 3min 12.883s CPU time over 1h 45min 14.263s wall clock time, 285.5M memory peak.
-- Boot 48631669a6604f988ce1504c6fcb79e7 --
Aug 28 18:55:49 mac systemd[1]: /etc/systemd/system/snowflake.service:10: Special user nobody configured, this is not safe!
Aug 28 18:55:52 mac systemd[1]: Started Tor Snowflake Proxy.
Aug 28 18:55:52 mac snowflake-proxy[799]: 2026/08/28 18:55:52 Using geoip file  /usr/share/tor/geoip  with checksum b08bfe286dc8f11f29aaceafb6f7ef0f5c771042
Aug 28 18:55:52 mac snowflake-proxy[799]: 2026/08/28 18:55:52 Loaded  385602  entries into table
Aug 28 18:55:52 mac snowflake-proxy[799]: 2026/08/28 18:55:52 Using geoip file  /usr/share/tor/geoip6  with checksum 9d85004fba941079cfe018f0599e6a337c4e45a1
Aug 28 18:55:52 mac snowflake-proxy[799]: 2026/08/28 18:55:52 Loaded  276626  entries into table
Aug 28 18:55:52 mac snowflake-proxy[799]: 2026/08/28 13:25:52 Proxy starting
Aug 28 18:55:52 mac snowflake-proxy[799]: 2026/08/28 13:25:52 NAT type: unknown
Aug 28 19:55:52 mac snowflake-proxy[799]: 2026/08/28 14:25:52 In the last 1h0m0s, there were 15 completed successful connections. Traffic Relayed ↓ 31557 KB (8.77 KB/s), ↑ 48183 KB (13.38 KB/s).
Aug 28 20:55:52 mac snowflake-proxy[799]: 2026/08/28 15:25:52 In the last 1h0m0s, there were 20 completed successful connections. Traffic Relayed ↓ 42286 KB (11.75 KB/s), ↑ 4511 KB (1.25 KB/s).
Aug 28 21:55:52 mac snowflake-proxy[799]: 2026/08/28 16:25:52 In the last 1h0m0s, there were 12 completed successful connections. Traffic Relayed ↓ 76644 KB (21.29 KB/s), ↑ 5170 KB (1.44 KB/s).
Aug 28 22:55:52 mac snowflake-proxy[799]: 2026/08/28 17:25:52 In the last 1h0m0s, there were 11 completed successful connections. Traffic Relayed ↓ 79183 KB (22.00 KB/s), ↑ 8352 KB (2.32 KB/s).
Aug 28 23:55:52 mac snowflake-proxy[799]: 2026/08/28 18:25:52 In the last 1h0m0s, there were 15 completed successful connections. Traffic Relayed ↓ 62562 KB (17.38 KB/s), ↑ 9269 KB (2.57 KB/s).
Aug 29 00:55:52 mac snowflake-proxy[799]: 2026/08/28 19:25:52 In the last 1h0m0s, there were 17 completed successful connections. Traffic Relayed ↓ 211731 KB (58.81 KB/s), ↑ 13918 KB (3.87 KB/s).
Aug 29 01:55:52 mac snowflake-proxy[799]: 2026/08/28 20:25:52 In the last 1h0m0s, there were 9 completed successful connections. Traffic Relayed ↓ 255745 KB (71.04 KB/s), ↑ 34443 KB (9.57 KB/s).
Aug 29 02:55:52 mac snowflake-proxy[799]: 2026/08/28 21:25:52 In the last 1h0m0s, there were 7 completed successful connections. Traffic Relayed ↓ 297913 KB (82.75 KB/s), ↑ 25397 KB (7.05 KB/s).
Aug 29 03:55:52 mac snowflake-proxy[799]: 2026/08/28 22:25:52 In the last 1h0m0s, there were 10 completed successful connections. Traffic Relayed ↓ 109139 KB (30.32 KB/s), ↑ 15706 KB (4.36 KB/s).
Aug 29 04:55:52 mac snowflake-proxy[799]: 2026/08/28 23:25:52 In the last 1h0m0s, there were 11 completed successful connections. Traffic Relayed ↓ 288030 KB (80.01 KB/s), ↑ 18892 KB (5.25 KB/s).
Aug 29 05:55:52 mac snowflake-proxy[799]: 2026/08/29 00:25:52 In the last 1h0m0s, there were 10 completed successful connections. Traffic Relayed ↓ 80580 KB (22.38 KB/s), ↑ 11984 KB (3.33 KB/s).
Aug 29 06:55:52 mac snowflake-proxy[799]: 2026/08/29 01:25:52 In the last 1h0m0s, there were 8 completed successful connections. Traffic Relayed ↓ 126002 KB (35.00 KB/s), ↑ 12155 KB (3.38 KB/s).
Aug 29 07:55:52 mac snowflake-proxy[799]: 2026/08/29 02:25:52 In the last 1h0m0s, there were 6 completed successful connections. Traffic Relayed ↓ 47451 KB (13.18 KB/s), ↑ 4344 KB (1.21 KB/s).
Aug 29 08:55:52 mac snowflake-proxy[799]: 2026/08/29 03:25:52 In the last 1h0m0s, there were 5 completed successful connections. Traffic Relayed ↓ 93000 KB (25.83 KB/s), ↑ 8812 KB (2.45 KB/s).
Aug 29 09:55:52 mac snowflake-proxy[799]: 2026/08/29 04:25:52 In the last 1h0m0s, there were 4 completed successful connections. Traffic Relayed ↓ 32050 KB (8.90 KB/s), ↑ 8952 KB (2.49 KB/s).
Aug 29 10:55:52 mac snowflake-proxy[799]: 2026/08/29 05:25:52 In the last 1h0m0s, there were 1 completed successful connections. Traffic Relayed ↓ 91659 KB (25.46 KB/s), ↑ 12642 KB (3.51 KB/s).
Aug 29 11:55:52 mac snowflake-proxy[799]: 2026/08/29 06:25:52 In the last 1h0m0s, there were 14 completed successful connections. Traffic Relayed ↓ 234785 KB (65.22 KB/s), ↑ 18766 KB (5.21 KB/s).
Aug 29 12:55:52 mac snowflake-proxy[799]: 2026/08/29 07:25:52 In the last 1h0m0s, there were 13 completed successful connections. Traffic Relayed ↓ 45220 KB (12.56 KB/s), ↑ 5836 KB (1.62 KB/s).
Aug 29 13:55:52 mac snowflake-proxy[799]: 2026/08/29 08:25:52 In the last 1h0m0s, there were 12 completed successful connections. Traffic Relayed ↓ 59422 KB (16.51 KB/s), ↑ 4985 KB (1.38 KB/s).
Aug 29 14:55:52 mac snowflake-proxy[799]: 2026/08/29 09:25:52 In the last 1h0m0s, there were 10 completed successful connections. Traffic Relayed ↓ 69647 KB (19.35 KB/s), ↑ 5742 KB (1.59 KB/s).
Aug 29 15:55:52 mac snowflake-proxy[799]: 2026/08/29 10:25:52 In the last 1h0m0s, there were 13 completed successful connections. Traffic Relayed ↓ 50007 KB (13.89 KB/s), ↑ 5825 KB (1.62 KB/s).
Aug 29 16:55:52 mac snowflake-proxy[799]: 2026/08/29 11:25:52 In the last 1h0m0s, there were 8 completed successful connections. Traffic Relayed ↓ 38439 KB (10.68 KB/s), ↑ 7700 KB (2.14 KB/s).
Aug 29 17:55:52 mac snowflake-proxy[799]: 2026/08/29 12:25:52 In the last 1h0m0s, there were 18 completed successful connections. Traffic Relayed ↓ 275232 KB (76.45 KB/s), ↑ 19914 KB (5.53 KB/s).
Aug 29 18:44:29 mac systemd[1]: /etc/systemd/system/snowflake.service:10: Special user nobody configured, this is not safe!
Aug 29 18:45:31 mac systemd[1]: Stopping Tor Snowflake Proxy...
Aug 29 18:45:31 mac systemd[1]: snowflake.service: Deactivated successfully.
Aug 29 18:45:31 mac systemd[1]: Stopped Tor Snowflake Proxy.
Aug 29 18:45:31 mac systemd[1]: snowflake.service: Consumed 43min 34.341s CPU time over 23h 49min 39.129s wall clock time, 317.8M memory peak.
-- Boot 5c7f8f57d9d2459c9710702cdab450d2 --
Aug 29 18:45:55 mac systemd[1]: /etc/systemd/system/snowflake.service:10: Special user nobody configured, this is not safe!
Aug 29 18:45:58 mac systemd[1]: Started Tor Snowflake Proxy.
Aug 29 18:45:58 mac snowflake-proxy[864]: 2026/08/29 18:45:58 Using geoip file  /usr/share/tor/geoip  with checksum b08bfe286dc8f11f29aaceafb6f7ef0f5c771042
Aug 29 18:45:58 mac snowflake-proxy[864]: 2026/08/29 18:45:58 Loaded  385602  entries into table
Aug 29 18:45:58 mac snowflake-proxy[864]: 2026/08/29 18:45:58 Using geoip file  /usr/share/tor/geoip6  with checksum 9d85004fba941079cfe018f0599e6a337c4e45a1
Aug 29 18:45:58 mac snowflake-proxy[864]: 2026/08/29 18:45:58 Loaded  276626  entries into table
Aug 29 18:45:58 mac snowflake-proxy[864]: 2026/08/29 13:15:58 Proxy starting
Aug 29 18:45:58 mac snowflake-proxy[864]: 2026/08/29 13:15:58 NAT type: unknown
Aug 29 19:45:58 mac snowflake-proxy[864]: 2026/08/29 14:15:58 In the last 1h0m0s, there were 24 completed successful connections. Traffic Relayed ↓ 138642 KB (38.51 KB/s), ↑ 10886 KB (3.02 KB/s).
Aug 29 20:45:58 mac snowflake-proxy[864]: 2026/08/29 15:15:58 In the last 1h0m0s, there were 21 completed successful connections. Traffic Relayed ↓ 138462 KB (38.46 KB/s), ↑ 22428 KB (6.23 KB/s).
Aug 29 21:45:58 mac snowflake-proxy[864]: 2026/08/29 16:15:58 In the last 1h0m0s, there were 24 completed successful connections. Traffic Relayed ↓ 183131 KB (50.87 KB/s), ↑ 19451 KB (5.40 KB/s).
Aug 29 22:45:58 mac snowflake-proxy[864]: 2026/08/29 17:15:58 In the last 1h0m0s, there were 21 completed successful connections. Traffic Relayed ↓ 65795 KB (18.28 KB/s), ↑ 6401 KB (1.78 KB/s).
Aug 29 23:01:32 mac systemd[1]: Stopping Tor Snowflake Proxy...
Aug 29 23:01:32 mac systemd[1]: snowflake.service: Deactivated successfully.
Aug 29 23:01:32 mac systemd[1]: Stopped Tor Snowflake Proxy.
Aug 29 23:01:32 mac systemd[1]: snowflake.service: Consumed 7min 25.529s CPU time over 4h 15min 33.416s wall clock time, 312.8M memory peak, 82.9M memory swap peak.
